###############################################################################
#
# IAR ELF Linker V8.30.1.114/W32 for ARM                  13/Jan/2020  15:40:22
# Copyright 2007-2018 IAR Systems AB.
#
#    Output file  =  
#        E:\Robocon_Value\NEW_POS_19\EWARM\NEW_POS_19\Exe\NEW_POS_19.out
#    Map file     =  
#        E:\Robocon_Value\NEW_POS_19\EWARM\NEW_POS_19\List\NEW_POS_19.map
#    Command line =  
#        -f C:\Users\DELL\AppData\Local\Temp\EW83A.tmp
#        (E:\Robocon_Value\NEW_POS_19\EWARM\NEW_POS_19\Obj\angle.o
#        E:\Robocon_Value\NEW_POS_19\EWARM\NEW_POS_19\Obj\as5047p.o
#        E:\Robocon_Value\NEW_POS_19\EWARM\NEW_POS_19\Obj\asm330lhh_reg.o
#        E:\Robocon_Value\NEW_POS_19\EWARM\NEW_POS_19\Obj\calculate.o
#        E:\Robocon_Value\NEW_POS_19\EWARM\NEW_POS_19\Obj\can.o
#        E:\Robocon_Value\NEW_POS_19\EWARM\NEW_POS_19\Obj\can_func.o
#        E:\Robocon_Value\NEW_POS_19\EWARM\NEW_POS_19\Obj\can_utils.o
#        E:\Robocon_Value\NEW_POS_19\EWARM\NEW_POS_19\Obj\cmd.o
#        E:\Robocon_Value\NEW_POS_19\EWARM\NEW_POS_19\Obj\cmd_func.o
#        E:\Robocon_Value\NEW_POS_19\EWARM\NEW_POS_19\Obj\dma.o
#        E:\Robocon_Value\NEW_POS_19\EWARM\NEW_POS_19\Obj\easy_angle.o
#        E:\Robocon_Value\NEW_POS_19\EWARM\NEW_POS_19\Obj\encoder.o
#        E:\Robocon_Value\NEW_POS_19\EWARM\NEW_POS_19\Obj\flash.o
#        E:\Robocon_Value\NEW_POS_19\EWARM\NEW_POS_19\Obj\gpio.o
#        E:\Robocon_Value\NEW_POS_19\EWARM\NEW_POS_19\Obj\hash.o
#        E:\Robocon_Value\NEW_POS_19\EWARM\NEW_POS_19\Obj\i2c.o
#        E:\Robocon_Value\NEW_POS_19\EWARM\NEW_POS_19\Obj\imitate_spi.o
#        E:\Robocon_Value\NEW_POS_19\EWARM\NEW_POS_19\Obj\karman.o
#        E:\Robocon_Value\NEW_POS_19\EWARM\NEW_POS_19\Obj\main.o
#        E:\Robocon_Value\NEW_POS_19\EWARM\NEW_POS_19\Obj\read_data_simple.o
#        E:\Robocon_Value\NEW_POS_19\EWARM\NEW_POS_19\Obj\simplelib.o
#        E:\Robocon_Value\NEW_POS_19\EWARM\NEW_POS_19\Obj\spi.o
#        E:\Robocon_Value\NEW_POS_19\EWARM\NEW_POS_19\Obj\startup_stm32f405xx.o
#        E:\Robocon_Value\NEW_POS_19\EWARM\NEW_POS_19\Obj\stm32f4xx_hal.o
#        E:\Robocon_Value\NEW_POS_19\EWARM\NEW_POS_19\Obj\stm32f4xx_hal_adc_ex.o
#        E:\Robocon_Value\NEW_POS_19\EWARM\NEW_POS_19\Obj\stm32f4xx_hal_can.o
#        E:\Robocon_Value\NEW_POS_19\EWARM\NEW_POS_19\Obj\stm32f4xx_hal_cortex.o
#        E:\Robocon_Value\NEW_POS_19\EWARM\NEW_POS_19\Obj\stm32f4xx_hal_dma.o
#        E:\Robocon_Value\NEW_POS_19\EWARM\NEW_POS_19\Obj\stm32f4xx_hal_dma_ex.o
#        E:\Robocon_Value\NEW_POS_19\EWARM\NEW_POS_19\Obj\stm32f4xx_hal_exti.o
#        E:\Robocon_Value\NEW_POS_19\EWARM\NEW_POS_19\Obj\stm32f4xx_hal_flash.o
#        E:\Robocon_Value\NEW_POS_19\EWARM\NEW_POS_19\Obj\stm32f4xx_hal_flash_ex.o
#        E:\Robocon_Value\NEW_POS_19\EWARM\NEW_POS_19\Obj\stm32f4xx_hal_flash_ramfunc.o
#        E:\Robocon_Value\NEW_POS_19\EWARM\NEW_POS_19\Obj\stm32f4xx_hal_gpio.o
#        E:\Robocon_Value\NEW_POS_19\EWARM\NEW_POS_19\Obj\stm32f4xx_hal_i2c.o
#        E:\Robocon_Value\NEW_POS_19\EWARM\NEW_POS_19\Obj\stm32f4xx_hal_i2c_ex.o
#        E:\Robocon_Value\NEW_POS_19\EWARM\NEW_POS_19\Obj\stm32f4xx_hal_msp.o
#        E:\Robocon_Value\NEW_POS_19\EWARM\NEW_POS_19\Obj\stm32f4xx_hal_pwr.o
#        E:\Robocon_Value\NEW_POS_19\EWARM\NEW_POS_19\Obj\stm32f4xx_hal_pwr_ex.o
#        E:\Robocon_Value\NEW_POS_19\EWARM\NEW_POS_19\Obj\stm32f4xx_hal_rcc.o
#        E:\Robocon_Value\NEW_POS_19\EWARM\NEW_POS_19\Obj\stm32f4xx_hal_rcc_ex.o
#        E:\Robocon_Value\NEW_POS_19\EWARM\NEW_POS_19\Obj\stm32f4xx_hal_spi.o
#        E:\Robocon_Value\NEW_POS_19\EWARM\NEW_POS_19\Obj\stm32f4xx_hal_tim.o
#        E:\Robocon_Value\NEW_POS_19\EWARM\NEW_POS_19\Obj\stm32f4xx_hal_tim_ex.o
#        E:\Robocon_Value\NEW_POS_19\EWARM\NEW_POS_19\Obj\stm32f4xx_hal_uart.o
#        E:\Robocon_Value\NEW_POS_19\EWARM\NEW_POS_19\Obj\stm32f4xx_it.o
#        E:\Robocon_Value\NEW_POS_19\EWARM\NEW_POS_19\Obj\sys.o
#        E:\Robocon_Value\NEW_POS_19\EWARM\NEW_POS_19\Obj\system_stm32f4xx.o
#        E:\Robocon_Value\NEW_POS_19\EWARM\NEW_POS_19\Obj\tim.o
#        E:\Robocon_Value\NEW_POS_19\EWARM\NEW_POS_19\Obj\usart.o --redirect
#        _Printf=_PrintfFull --redirect _Scanf=_ScanfFull --no_out_extension -o
#        E:\Robocon_Value\NEW_POS_19\EWARM\NEW_POS_19\Exe\NEW_POS_19.out --map
#        E:\Robocon_Value\NEW_POS_19\EWARM\NEW_POS_19\List\NEW_POS_19.map
#        --config E:\Robocon_Value\NEW_POS_19\EWARM/stm32f405xx_flash.icf
#        --semihosting --entry __iar_program_start --vfe --text_out locale)
#
###############################################################################

*******************************************************************************
*** RUNTIME MODEL ATTRIBUTES
***

CppFlavor       = *
__Heap_Handler  = DLMalloc
__SystemLibrary = DLib
__dlib_version  = 6


*******************************************************************************
*** HEAP SELECTION
***

The advanced heap was selected because the application calls memory
allocation functions outside of system library functions, and there
are calls to deallocation functions in the application.


*******************************************************************************
*** PLACEMENT SUMMARY
***

"A0":  place at 0x800'0000 { ro section .intvec };
"P1":  place in [from 0x800'0000 to 0x80f'ffff] { ro };
define block CSTACK with size = 1K, alignment = 8 { };
define block HEAP with size = 4K, alignment = 8 { };
"P2":  place in [from 0x2000'0000 to 0x2001'ffff] {
          rw, block CSTACK, block HEAP };
initialize by copy { rw };

  Section            Kind         Address    Size  Object
  -------            ----         -------    ----  ------
"A0":                                       0x188
  .intvec            ro code   0x800'0000   0x188  startup_stm32f405xx.o [1]
                             - 0x800'0188   0x188

"P1":                                      0xafa3
  .text              ro code   0x800'0188   0xf80  dlmalloc.o [2]
  .text              ro code   0x800'1108     0x6  abort.o [2]
  .text              ro code   0x800'110e    0x7a  lz77_init_single.o [4]
  .text              ro code   0x800'1188    0x2c  xgetmemchunk.o [2]
  .text              ro code   0x800'11b4    0x14  exit.o [5]
  .text              ro code   0x800'11c8   0xf7a  xprintffull.o [2]
  .text              ro code   0x800'2142    0x3a  zero_init3.o [4]
  .text              ro code   0x800'217c    0xb4  xlocale_c.o [2]
  .text              ro code   0x800'2230    0x16  strchr.o [4]
  .text              ro code   0x800'2246    0x1e  xencoding_8859_1.o [2]
  .text              ro code   0x800'2264    0x40  xfail_s.o [2]
  .text              ro code   0x800'22a4    0x36  strlen.o [4]
  .text              ro code   0x800'22da    0x1a  xsnprout.o [2]
  .text              ro code   0x800'22f4    0x58  memchr.o [4]
  .text              ro code   0x800'234c     0xa  xmbcurmax.o [2]
  .rodata            const     0x800'2356     0x2  as5047p.o [1]
  .text              ro code   0x800'2358    0xa6  ABImemcpy.o [4]
  .rodata            const     0x800'23fe     0x2  as5047p.o [1]
  .text              ro code   0x800'2400   0x230  I64DivMod.o [4]
  .text              ro code   0x800'2630   0x1a2  DblMul.o [3]
  .rodata            const     0x800'27d2     0x2  as5047p.o [1]
  .text              ro code   0x800'27d4    0x70  frexp.o [3]
  .text              ro code   0x800'2844    0x2e  DblCmpLe.o [3]
  .rodata            const     0x800'2872     0x2  as5047p.o [1]
  .text              ro code   0x800'2874    0x2e  DblCmpGe.o [3]
  .text              ro code   0x800'28a4   0x13a  ldexp.o [3]
  .text              ro code   0x800'29e0    0x3a  DblToS32.o [3]
  .text              ro code   0x800'2a1c    0x22  S32ToDbl.o [3]
  .text              ro code   0x800'2a40    0xe2  DblSub.o [3]
  .text              ro code   0x800'2b24   0x246  DblDiv.o [3]
  .text              ro code   0x800'2d6c    0x28  DblToU32.o [3]
  .text              ro code   0x800'2d94    0x1a  U32ToDbl.o [3]
  .text              ro code   0x800'2db0     0x2  I64DivZer.o [4]
  .text              ro code   0x800'2db4   0x17a  DblAdd.o [3]
  .text              ro code   0x800'2f30   0x8d0  stm32f4xx_hal_uart.o [1]
  .text              ro code   0x800'3800   0x148  usart.o [1]
  .text              ro code   0x800'3948   0x520  stm32f4xx_hal_dma.o [1]
  .text              ro code   0x800'3e68     0x2  stm32f4xx_hal_uart.o [1]
  .text              ro code   0x800'3e6a     0x2  stm32f4xx_hal_uart.o [1]
  .text              ro code   0x800'3e6c     0x2  stm32f4xx_hal_uart.o [1]
  .text              ro code   0x800'3e6e     0x2  stm32f4xx_hal_uart.o [1]
  .text              ro code   0x800'3e70     0x2  stm32f4xx_hal_uart.o [1]
  .text              ro code   0x800'3e74   0x204  stm32f4xx_hal_rcc.o [1]
  .text              ro code   0x800'4078   0x20e  main.o [1]
  .text              ro code   0x800'4288     0x6  ABImemclr4.o [4]
  .text              ro code   0x800'4290   0x23c  stm32f4xx_hal_gpio.o [1]
  .text              ro code   0x800'44cc   0x12c  stm32f4xx_hal_cortex.o [1]
  .text              ro code   0x800'45f8     0xc  stm32f4xx_hal.o [1]
  .text              ro code   0x800'4604    0x4c  stm32f4xx_hal.o [1]
  .text              ro code   0x800'4650    0x34  stm32f4xx_hal.o [1]
  .text              ro code   0x800'4684   0x104  gpio.o [1]
  .text              ro code   0x800'4788    0x40  dma.o [1]
  .text              ro code   0x800'47c8    0xf4  can.o [1]
  .text              ro code   0x800'48bc    0xf0  i2c.o [1]
  .text              ro code   0x800'49ac    0xf8  spi.o [1]
  .text              ro code   0x800'4aa4   0x3d0  tim.o [1]
  .text              ro code   0x800'4e74    0x50  simplelib.o [1]
  .text              ro code   0x800'4ec4   0x4dc  read_data_simple.o [1]
  .text              ro code   0x800'53a0   0x424  as5047p.o [1]
  .text              ro code   0x800'57c4   0x2b4  cmd.o [1]
  .text              ro code   0x800'5a78   0x36c  stm32f4xx_hal_rcc.o [1]
  .text              ro code   0x800'5de4   0x2f0  calculate.o [1]
  .text              ro code   0x800'60d4    0x32  ABImemset48.o [4]
  .text              ro code   0x800'6108    0x40  stm32f4xx_hal_msp.o [1]
  .text              ro code   0x800'6148   0x6a0  stm32f4xx_hal_can.o [1]
  .text              ro code   0x800'67e8   0x1d0  stm32f4xx_hal_i2c.o [1]
  .text              ro code   0x800'69b8   0x744  stm32f4xx_hal_spi.o [1]
  .text              ro code   0x800'70fc   0x648  stm32f4xx_hal_tim.o [1]
  .text              ro code   0x800'7744    0x4c  stm32f4xx_hal_tim_ex.o [1]
  .text              ro code   0x800'7790   0x14c  can_utils.o [1]
  .text              ro code   0x800'78dc   0x728  cmd_func.o [1]
  .text              ro code   0x800'8004    0x98  can_func.o [1]
  .text              ro code   0x800'809c   0x252  asm330lhh_reg.o [1]
  .text              ro code   0x800'82f0    0x66  ABImemset.o [4]
  .text              ro code   0x800'8358    0xc8  karman.o [1]
  .text              ro code   0x800'8420    0x48  FltToDbl.o [3]
  .text              ro code   0x800'8468    0x68  DblToFlt.o [3]
  .text              ro code   0x800'84d0   0x494  angle.o [1]
  .text              ro code   0x800'8964    0x42  math_wrappers64.o [3]
  .text              ro code   0x800'89a8   0x158  imitate_spi.o [1]
  .text              ro code   0x800'8b00   0x210  hash.o [1]
  .text              ro code   0x800'8d10    0x4c  strcpy.o [4]
  .text              ro code   0x800'8d5c    0x4c  strtok.o [2]
  .text              ro code   0x800'8da8    0x3c  vsnprint.o [2]
  .text              ro code   0x800'8de4    0x28  stm32f4xx_hal.o [1]
  .text              ro code   0x800'8e0c    0x4a  strcmp.o [4]
  .text              ro code   0x800'8e56     0x2  stm32f4xx_hal_can.o [1]
  .text              ro code   0x800'8e58     0x2  stm32f4xx_hal_can.o [1]
  .text              ro code   0x800'8e5a     0x2  stm32f4xx_hal_can.o [1]
  .text              ro code   0x800'8e5c     0x2  stm32f4xx_hal_can.o [1]
  .text              ro code   0x800'8e5e     0x2  stm32f4xx_hal_can.o [1]
  .text              ro code   0x800'8e60     0x2  stm32f4xx_hal_can.o [1]
  .text              ro code   0x800'8e62     0x2  stm32f4xx_hal_can.o [1]
  .text              ro code   0x800'8e64     0x2  stm32f4xx_hal_can.o [1]
  .text              ro code   0x800'8e66     0x2  stm32f4xx_hal_can.o [1]
  .text              ro code   0x800'8e68     0x2  stm32f4xx_hal_can.o [1]
  .text              ro code   0x800'8e6a     0x2  stm32f4xx_hal_can.o [1]
  .text              ro code   0x800'8e6c     0x2  stm32f4xx_hal_tim.o [1]
  .text              ro code   0x800'8e70   0x10c  flash.o [1]
  .text              ro code   0x800'8f7c   0x174  iar_Stoulx.o [2]
  .text              ro code   0x800'90f0   0x102  sqrt.o [3]
  .rodata            const     0x800'91f4    0x34  cmd_func.o [1]
  .text              ro code   0x800'9228   0x580  strto64.o [3]
  .text              ro code   0x800'97a8    0xf4  asin64.o [3]
  .text              ro code   0x800'989c   0x140  atan2_64.o [3]
  .text              ro code   0x800'99dc   0x44c  cos_sin64.o [3]
  .text              ro code   0x800'9e28    0x24  ABIassert.o [5]
  .text              ro code   0x800'9e4c    0x22  strspn.o [2]
  .text              ro code   0x800'9e6e    0x22  strcspn.o [2]
  .text              ro code   0x800'9e90   0x1fc  stm32f4xx_hal_flash.o [1]
  .text              ro code   0x800'a08c   0x184  stm32f4xx_hal_flash_ex.o [1]
  .text              ro code   0x800'a210    0x14  isspace.o [2]
  .text              ro code   0x800'a224    0x14  tolower.o [2]
  .text              ro code   0x800'a238   0x122  iar_Stopfx.o [2]
  .text              ro code   0x800'a35c   0x1c4  iar_Stoflt.o [2]
  .text              ro code   0x800'a520   0x21c  iar_Stoxflt.o [2]
  .rodata            const     0x800'a73c    0x34  cmd_func.o [1]
  .text              ro code   0x800'a770   0x208  iar_Atan64.o [3]
  .text              ro code   0x800'a978    0x14  isalpha.o [2]
  .text              ro code   0x800'a98c    0x20  DblCmpEq.o [3]
  .text              ro code   0x800'a9ac    0x7c  stm32f4xx_it.o [1]
  .text              ro code   0x800'aa28    0x18  stm32f4xx_hal.o [1]
  .text              ro code   0x800'aa40    0x60  system_stm32f4xx.o [1]
  .rodata            const     0x800'aaa0    0x38  cmd_func.o [1]
  .rodata            const     0x800'aad8    0x38  cmd_func.o [1]
  .rodata            const     0x800'ab10    0x28  hash.o [1]
  .text              ro code   0x800'ab38    0x28  data_init.o [4]
  .text              ro code   0x800'ab60    0x22  fpinit_M.o [3]
  .iar.init_table    const     0x800'ab84    0x20  - Linker created -
  .rodata            const     0x800'aba4    0x20  can_func.o [1]
  .rodata            const     0x800'abc4    0x20  hash.o [1]
  .text              ro code   0x800'abe4    0x1e  cmain.o [4]
  .text              ro code   0x800'ac02     0x4  low_level_init.o [2]
  .text              ro code   0x800'ac06     0x4  exit.o [2]
  .text              ro code   0x800'ac0c     0xa  cexit.o [4]
  .rodata            const     0x800'ac18    0x1c  cmd_func.o [1]
  .rodata            const     0x800'ac34    0x1c  cmd_func.o [1]
  .rodata            const     0x800'ac50    0x1c  cmd_func.o [1]
  .rodata            const     0x800'ac6c    0x18  cmd_func.o [1]
  .rodata            const     0x800'ac84    0x18  cmd_func.o [1]
  .rodata            const     0x800'ac9c    0x18  read_data_simple.o [1]
  .rodata            const     0x800'acb4    0x18  simplelib.o [1]
  .rodata            const     0x800'accc    0x14  as5047p.o [1]
  .rodata            const     0x800'ace0    0x14  cmd_func.o [1]
  .rodata            const     0x800'acf4    0x14  cmd_func.o [1]
  .rodata            const     0x800'ad08    0x14  cmd_func.o [1]
  .rodata            const     0x800'ad1c    0x14  flash.o [1]
  .rodata            const     0x800'ad30    0x10  cmd.o [1]
  .rodata            const     0x800'ad40    0x10  cmd.o [1]
  .rodata            const     0x800'ad50    0x10  cmd_func.o [1]
  .rodata            const     0x800'ad60    0x10  cmd_func.o [1]
  .rodata            const     0x800'ad70    0x10  cmd_func.o [1]
  .rodata            const     0x800'ad80    0x10  main.o [1]
  .rodata            const     0x800'ad90    0x10  system_stm32f4xx.o [1]
  .text              ro code   0x800'ada0    0x10  startup_stm32f405xx.o [1]
  .rodata            const     0x800'adb0     0xc  can_func.o [1]
  .rodata            const     0x800'adbc     0xc  cmd.o [1]
  .rodata            const     0x800'adc8     0xc  cmd_func.o [1]
  .rodata            const     0x800'add4     0xc  cmd_func.o [1]
  .rodata            const     0x800'ade0     0xc  cmd_func.o [1]
  .rodata            const     0x800'adec     0xc  cmd_func.o [1]
  .rodata            const     0x800'adf8     0xc  cmd_func.o [1]
  .rodata            const     0x800'ae04     0xc  cmd_func.o [1]
  .rodata            const     0x800'ae10     0xc  cmd_func.o [1]
  .rodata            const     0x800'ae1c     0xc  cmd_func.o [1]
  .rodata            const     0x800'ae28     0xc  cmd_func.o [1]
  .rodata            const     0x800'ae34     0xc  cmd_func.o [1]
  .rodata            const     0x800'ae40     0xc  cmd_func.o [1]
  .rodata            const     0x800'ae4c     0xc  cmd_func.o [1]
  .rodata            const     0x800'ae58     0xc  cmd_func.o [1]
  .rodata            const     0x800'ae64     0xc  cmd_func.o [1]
  .rodata            const     0x800'ae70     0xc  cmd_func.o [1]
  .rodata            const     0x800'ae7c     0xc  cmd_func.o [1]
  .rodata            const     0x800'ae88     0xc  cmd_func.o [1]
  .rodata            const     0x800'ae94     0xc  cmd_func.o [1]
  .rodata            const     0x800'aea0     0xc  cmd_func.o [1]
  .rodata            const     0x800'aeac     0xc  cmd_func.o [1]
  .rodata            const     0x800'aeb8     0xc  flash.o [1]
  .rodata            const     0x800'aec4     0xc  hash.o [1]
  .text              ro code   0x800'aed0     0xc  cstartup_M.o [4]
  .rodata            const     0x800'aedc     0x8  cmd.o [1]
  .rodata            const     0x800'aee4     0x8  cmd.o [1]
  .rodata            const     0x800'aeec     0x8  cmd.o [1]
  .rodata            const     0x800'aef4     0x8  cmd_func.o [1]
  .rodata            const     0x800'aefc     0x8  cmd_func.o [1]
  .rodata            const     0x800'af04     0x8  cmd_func.o [1]
  .rodata            const     0x800'af0c     0x8  cmd_func.o [1]
  .rodata            const     0x800'af14     0x8  cmd_func.o [1]
  .rodata            const     0x800'af1c     0x8  cmd_func.o [1]
  .rodata            const     0x800'af24     0x8  cmd_func.o [1]
  .rodata            const     0x800'af2c     0x8  cmd_func.o [1]
  .rodata            const     0x800'af34     0x8  cmd_func.o [1]
  .rodata            const     0x800'af3c     0x8  cmd_func.o [1]
  .rodata            const     0x800'af44     0x8  hash.o [1]
  .rodata            const     0x800'af4c     0x8  stm32f4xx_hal_dma.o [1]
  .rodata            const     0x800'af54     0x8  system_stm32f4xx.o [1]
  .rodata            const     0x800'af5c     0x8  tim.o [1]
  .rodata            const     0x800'af64     0x8  tim.o [1]
  .rodata            const     0x800'af6c     0x8  tim.o [1]
  .rodata            const     0x800'af74     0x8  tim.o [1]
  .rodata            const     0x800'af7c     0x6  xlocale_c.o [2]
  .text              ro code   0x800'af82     0x4  startup_stm32f405xx.o [1]
  .text              ro code   0x800'af86     0x4  startup_stm32f405xx.o [1]
  .text              ro code   0x800'af8a     0x4  startup_stm32f405xx.o [1]
  .text              ro code   0x800'af8e     0x4  startup_stm32f405xx.o [1]
  .text              ro code   0x800'af92     0x4  startup_stm32f405xx.o [1]
  .text              ro code   0x800'af96     0x4  startup_stm32f405xx.o [1]
  .text              ro code   0x800'af9a     0x4  startup_stm32f405xx.o [1]
  .text              ro code   0x800'af9e     0x4  startup_stm32f405xx.o [1]
  .text              ro code   0x800'afa2     0x4  startup_stm32f405xx.o [1]
  .text              ro code   0x800'afa6     0x4  startup_stm32f405xx.o [1]
  .text              ro code   0x800'afaa     0x4  startup_stm32f405xx.o [1]
  .text              ro code   0x800'afae     0x4  startup_stm32f405xx.o [1]
  .text              ro code   0x800'afb2     0x4  startup_stm32f405xx.o [1]
  .text              ro code   0x800'afb6     0x4  startup_stm32f405xx.o [1]
  .text              ro code   0x800'afba     0x4  startup_stm32f405xx.o [1]
  .text              ro code   0x800'afbe     0x4  startup_stm32f405xx.o [1]
  .text              ro code   0x800'afc2     0x4  startup_stm32f405xx.o [1]
  .text              ro code   0x800'afc6     0x4  startup_stm32f405xx.o [1]
  .text              ro code   0x800'afca     0x4  startup_stm32f405xx.o [1]
  .text              ro code   0x800'afce     0x4  startup_stm32f405xx.o [1]
  .text              ro code   0x800'afd2     0x4  startup_stm32f405xx.o [1]
  .text              ro code   0x800'afd6     0x4  startup_stm32f405xx.o [1]
  .text              ro code   0x800'afda     0x4  startup_stm32f405xx.o [1]
  .text              ro code   0x800'afde     0x4  startup_stm32f405xx.o [1]
  .text              ro code   0x800'afe2     0x4  startup_stm32f405xx.o [1]
  .text              ro code   0x800'afe6     0x4  startup_stm32f405xx.o [1]
  .text              ro code   0x800'afea     0x4  startup_stm32f405xx.o [1]
  .text              ro code   0x800'afee     0x4  startup_stm32f405xx.o [1]
  .text              ro code   0x800'aff2     0x4  startup_stm32f405xx.o [1]
  .text              ro code   0x800'aff6     0x4  startup_stm32f405xx.o [1]
  .text              ro code   0x800'affa     0x4  startup_stm32f405xx.o [1]
  .text              ro code   0x800'affe     0x4  startup_stm32f405xx.o [1]
  .text              ro code   0x800'b002     0x4  startup_stm32f405xx.o [1]
  .text              ro code   0x800'b006     0x4  startup_stm32f405xx.o [1]
  .text              ro code   0x800'b00a     0x4  startup_stm32f405xx.o [1]
  .text              ro code   0x800'b00e     0x4  startup_stm32f405xx.o [1]
  .text              ro code   0x800'b012     0x4  startup_stm32f405xx.o [1]
  .text              ro code   0x800'b016     0x4  startup_stm32f405xx.o [1]
  .text              ro code   0x800'b01a     0x4  startup_stm32f405xx.o [1]
  .text              ro code   0x800'b01e     0x4  startup_stm32f405xx.o [1]
  .text              ro code   0x800'b022     0x4  startup_stm32f405xx.o [1]
  .text              ro code   0x800'b026     0x4  startup_stm32f405xx.o [1]
  .text              ro code   0x800'b02a     0x4  startup_stm32f405xx.o [1]
  .text              ro code   0x800'b02e     0x4  startup_stm32f405xx.o [1]
  .text              ro code   0x800'b032     0x4  startup_stm32f405xx.o [1]
  .text              ro code   0x800'b036     0x4  startup_stm32f405xx.o [1]
  .text              ro code   0x800'b03a     0x4  startup_stm32f405xx.o [1]
  .text              ro code   0x800'b03e     0x4  startup_stm32f405xx.o [1]
  .text              ro code   0x800'b042     0x4  startup_stm32f405xx.o [1]
  .text              ro code   0x800'b046     0x4  startup_stm32f405xx.o [1]
  .text              ro code   0x800'b04a     0x4  startup_stm32f405xx.o [1]
  .text              ro code   0x800'b04e     0x4  startup_stm32f405xx.o [1]
  .text              ro code   0x800'b052     0x4  startup_stm32f405xx.o [1]
  .text              ro code   0x800'b056     0x4  startup_stm32f405xx.o [1]
  .text              ro code   0x800'b05a     0x4  startup_stm32f405xx.o [1]
  .text              ro code   0x800'b05e     0x4  startup_stm32f405xx.o [1]
  .text              ro code   0x800'b062     0x4  startup_stm32f405xx.o [1]
  .text              ro code   0x800'b066     0x4  startup_stm32f405xx.o [1]
  .text              ro code   0x800'b06a     0x4  startup_stm32f405xx.o [1]
  .text              ro code   0x800'b06e     0x4  startup_stm32f405xx.o [1]
  .text              ro code   0x800'b072     0x4  startup_stm32f405xx.o [1]
  .text              ro code   0x800'b076     0x4  startup_stm32f405xx.o [1]
  .text              ro code   0x800'b07a     0x4  startup_stm32f405xx.o [1]
  .text              ro code   0x800'b07e     0x4  startup_stm32f405xx.o [1]
  .text              ro code   0x800'b082     0x4  startup_stm32f405xx.o [1]
  .text              ro code   0x800'b086     0x4  startup_stm32f405xx.o [1]
  .text              ro code   0x800'b08a     0x4  startup_stm32f405xx.o [1]
  .text              ro code   0x800'b08e     0x4  startup_stm32f405xx.o [1]
  .text              ro code   0x800'b092     0x4  startup_stm32f405xx.o [1]
  .text              ro code   0x800'b096     0x4  startup_stm32f405xx.o [1]
  .text              ro code   0x800'b09a     0x4  startup_stm32f405xx.o [1]
  .text              ro code   0x800'b09e     0x4  startup_stm32f405xx.o [1]
  .rodata            const     0x800'b0a2     0x0  zero_init3.o [4]
  .rodata            const     0x800'b0a2     0x0  lz77_init_single.o [4]
  Initializer bytes  const     0x800'b0a2    0x89  <for P2-1>
                             - 0x800'b12b  0xafa3

"P2", part 1 of 3:                          0x15b
  P2-1                        0x2000'0000   0x15b  <Init block>
    .data            inited   0x2000'0000     0x4  angle.o [1]
    .data            inited   0x2000'0004     0x4  angle.o [1]
    .data            inited   0x2000'0008     0x4  angle.o [1]
    .data            inited   0x2000'000c     0x4  as5047p.o [1]
    .data            inited   0x2000'0010     0x4  as5047p.o [1]
    .data            inited   0x2000'0014     0x4  cmd.o [1]
    .data            inited   0x2000'0018    0x18  cmd.o [1]
    .data            inited   0x2000'0030    0x18  karman.o [1]
    .data            inited   0x2000'0048    0x18  karman.o [1]
    .data            inited   0x2000'0060    0x18  karman.o [1]
    .data            inited   0x2000'0078    0x18  karman.o [1]
    .data            inited   0x2000'0090    0x18  karman.o [1]
    .data            inited   0x2000'00a8    0x18  karman.o [1]
    .data            inited   0x2000'00c0     0x4  read_data_simple.o [1]
    .data            inited   0x2000'00c4     0x4  read_data_simple.o [1]
    .data            inited   0x2000'00c8     0x4  read_data_simple.o [1]
    .data            inited   0x2000'00cc     0x4  read_data_simple.o [1]
    .data            inited   0x2000'00d0     0x4  stm32f4xx_hal.o [1]
    .data            inited   0x2000'00d4     0x4  system_stm32f4xx.o [1]
    .data            inited   0x2000'00d8    0x38  xlocale_c.o [2]
    .data            inited   0x2000'0110    0x48  xlocale_c.o [2]
    .data            inited   0x2000'0158     0x2  can_func.o [1]
    .data            inited   0x2000'015a     0x1  stm32f4xx_hal.o [1]
                            - 0x2000'015b   0x15b

"P2", part 2 of 3:                          0x914
  .bss               zero     0x2000'015c   0x1d8  dlmalloc.o [2]
  .bss               zero     0x2000'0334    0x68  cmd.o [1]
  .bss               zero     0x2000'039c    0x64  cmd.o [1]
  .bss               zero     0x2000'0400    0x64  cmd.o [1]
  .bss               zero     0x2000'0464    0x60  usart.o [1]
  .bss               zero     0x2000'04c4    0x60  usart.o [1]
  .bss               zero     0x2000'0524    0x58  spi.o [1]
  .bss               zero     0x2000'057c    0x54  i2c.o [1]
  .bss               zero     0x2000'05d0    0x54  read_data_simple.o [1]
  .bss               zero     0x2000'0624    0x54  read_data_simple.o [1]
  .bss               zero     0x2000'0678    0x48  flash.o [1]
  .bss               zero     0x2000'06c0    0x40  cmd.o [1]
  .bss               zero     0x2000'0700    0x40  tim.o [1]
  .bss               zero     0x2000'0740    0x40  tim.o [1]
  .bss               zero     0x2000'0780    0x40  tim.o [1]
  .bss               zero     0x2000'07c0    0x40  tim.o [1]
  .bss               zero     0x2000'0800    0x40  usart.o [1]
  .bss               zero     0x2000'0840    0x30  cmd.o [1]
  .bss               zero     0x2000'0870    0x2c  as5047p.o [1]
  .bss               zero     0x2000'089c    0x2c  as5047p.o [1]
  .bss               zero     0x2000'08c8    0x28  can.o [1]
  .bss               zero     0x2000'08f0    0x28  can_utils.o [1]
  .bss               zero     0x2000'0918    0x20  stm32f4xx_hal_flash.o [1]
  .bss               zero     0x2000'0938    0x1c  can_utils.o [1]
  .bss               zero     0x2000'0954    0x18  can_utils.o [1]
  .bss               zero     0x2000'096c    0x18  dlmalloc.o [2]
  .bss               zero     0x2000'0984    0x14  cmd_func.o [1]
  .bss               zero     0x2000'0998    0x14  cmd_func.o [1]
  .bss               zero     0x2000'09ac    0x14  cmd_func.o [1]
  .bss               zero     0x2000'09c0    0x14  main.o [1]
  .bss               zero     0x2000'09d4     0xc  calculate.o [1]
  .bss               zero     0x2000'09e0     0xc  can_func.o [1]
  .bss               zero     0x2000'09ec     0xc  read_data_simple.o [1]
  .bss               zero     0x2000'09f8     0x8  calculate.o [1]
  .bss               zero     0x2000'0a00     0x8  calculate.o [1]
  .bss               zero     0x2000'0a08     0x4  angle.o [1]
  .bss               zero     0x2000'0a10     0x8  can_utils.o [1]
  .bss               zero     0x2000'0a18     0x8  can_utils.o [1]
  .bss               zero     0x2000'0a20     0x8  read_data_simple.o [1]
  .bss               zero     0x2000'0a28     0x8  read_data_simple.o [1]
  .bss               zero     0x2000'0a30     0x4  angle.o [1]
  .bss               zero     0x2000'0a34     0x4  angle.o [1]
  .bss               zero     0x2000'0a38     0x4  calculate.o [1]
  .bss               zero     0x2000'0a3c     0x4  calculate.o [1]
  .bss               zero     0x2000'0a40     0x4  can_utils.o [1]
  .bss               zero     0x2000'0a44     0x4  can_utils.o [1]
  .bss               zero     0x2000'0a48     0x4  can_utils.o [1]
  .bss               zero     0x2000'0a4c     0x4  cmd.o [1]
  .bss               zero     0x2000'0a50     0x4  cmd.o [1]
  .bss               zero     0x2000'0a54     0x4  cmd.o [1]
  .bss               zero     0x2000'0a58     0x4  main.o [1]
  .bss               zero     0x2000'0a5c     0x4  read_data_simple.o [1]
  .bss               zero     0x2000'0a60     0x4  stm32f4xx_hal.o [1]
  .bss               zero     0x2000'0a64     0x4  strtok.o [2]
  .bss               zero     0x2000'0a68     0x4  xfail_s.o [2]
  .bss               zero     0x2000'0a6c     0x4  xgetmemchunk.o [2]
                            - 0x2000'0a70   0x914

"P2", part 3 of 3:                         0x1400
  CSTACK                      0x2000'0a70   0x400  <Block>
    CSTACK           uninit   0x2000'0a70   0x400  <Block tail>
  HEAP                        0x2000'0e70  0x1000  <Block>
    HEAP             uninit   0x2000'0e70  0x1000  <Block tail>
                            - 0x2000'1e70  0x1400

Unused ranges:

         From           To      Size
         ----           --      ----
   0x800'b12b   0x80f'ffff  0xf'4ed5
  0x2000'015b  0x2000'015b       0x1
  0x2000'1e70  0x2001'ffff  0x1'e190


*******************************************************************************
*** INIT TABLE
***

          Address      Size
          -------      ----
Zero (__iar_zero_init3)
    1 destination range, total size 0x914:
          0x2000'015c  0x914

Copy/lz77 (__iar_lz77_init_single3)
    1 source range, total size 0x89 (39% of destination):
           0x800'b0a2   0x89
    1 destination range, total size 0x15b:
          0x2000'0000  0x15b



*******************************************************************************
*** MODULE SUMMARY
***

    Module                    ro code  ro data  rw data
    ------                    -------  -------  -------
command line/config:
    ---------------------------------------------------
    Total:

E:\Robocon_Value\NEW_POS_19\EWARM\NEW_POS_19\Obj: [1]
    angle.o                     1 172        4       24
    as5047p.o                   1 060       31       96
    asm330lhh_reg.o               594
    calculate.o                   752                36
    can.o                         244                40
    can_func.o                    152       45       14
    can_utils.o                   332               120
    cmd.o                         692       79      456
    cmd_func.o                  1 832      776       60
    dma.o                          64
    flash.o                       268       32       72
    gpio.o                        260
    hash.o                        528       92
    i2c.o                         240                84
    imitate_spi.o                 344
    karman.o                      200       57      144
    main.o                        526       16       24
    read_data_simple.o          1 244       31      216
    simplelib.o                    80       24
    spi.o                         248                88
    startup_stm32f405xx.o         696
    stm32f4xx_hal.o               204        2        9
    stm32f4xx_hal_can.o         1 718
    stm32f4xx_hal_cortex.o        300
    stm32f4xx_hal_dma.o         1 312        8
    stm32f4xx_hal_flash.o         508                32
    stm32f4xx_hal_flash_ex.o      388
    stm32f4xx_hal_gpio.o          572
    stm32f4xx_hal_i2c.o           464
    stm32f4xx_hal_msp.o            64
    stm32f4xx_hal_rcc.o         1 392
    stm32f4xx_hal_spi.o         1 860
    stm32f4xx_hal_tim.o         1 610
    stm32f4xx_hal_tim_ex.o         76
    stm32f4xx_hal_uart.o        2 266
    stm32f4xx_it.o                124
    system_stm32f4xx.o             96       26        4
    tim.o                         976       32      256
    usart.o                       328               256
    ---------------------------------------------------
    Total:                     25 786    1 255    2 031

dl7M_tlf.a: [2]
    abort.o                         6
    dlmalloc.o                  3 968               496
    exit.o                          4
    iar_Stoflt.o                  452
    iar_Stopfx.o                  290
    iar_Stoulx.o                  372
    iar_Stoxflt.o                 540
    isalpha.o                      20
    isspace.o                      20
    low_level_init.o                4
    strcspn.o                      34
    strspn.o                       34
    strtok.o                       76                 4
    tolower.o                      20
    vsnprint.o                     60
    xencoding_8859_1.o             30
    xfail_s.o                      64                 4
    xgetmemchunk.o                 44                 4
    xlocale_c.o                   180       56      128
    xmbcurmax.o                    10
    xprintffull.o               3 962
    xsnprout.o                     26
    ---------------------------------------------------
    Total:                     10 216       56      636

m7M_tls.a: [3]
    DblAdd.o                      378
    DblCmpEq.o                     32
    DblCmpGe.o                     46
    DblCmpLe.o                     46
    DblDiv.o                      582
    DblMul.o                      418
    DblSub.o                      226
    DblToFlt.o                    104
    DblToS32.o                     58
    DblToU32.o                     40
    FltToDbl.o                     72
    S32ToDbl.o                     34
    U32ToDbl.o                     26
    asin64.o                      244
    atan2_64.o                    320
    cos_sin64.o                 1 100
    fpinit_M.o                     34
    frexp.o                       112
    iar_Atan64.o                  520
    ldexp.o                       314
    math_wrappers64.o              66
    sqrt.o                        258
    strto64.o                   1 408
    ---------------------------------------------------
    Total:                      6 438

rt7M_tl.a: [4]
    ABImemclr4.o                    6
    ABImemcpy.o                   166
    ABImemset.o                   102
    ABImemset48.o                  50
    I64DivMod.o                   560
    I64DivZer.o                     2
    cexit.o                        10
    cmain.o                        30
    cstartup_M.o                   12
    data_init.o                    40
    lz77_init_single.o            122
    memchr.o                       88
    strchr.o                       22
    strcmp.o                       74
    strcpy.o                       76
    strlen.o                       54
    zero_init3.o                   58
    ---------------------------------------------------
    Total:                      1 472

shb_l.a: [5]
    ABIassert.o                    36
    exit.o                         20
    ---------------------------------------------------
    Total:                         56

    Gaps                           38        6        4
    Linker created                          32    5 120
-------------------------------------------------------
    Grand Total:               44 006    1 349    7 791


*******************************************************************************
*** ENTRY LIST
***

Entry                       Address   Size  Type      Object
-----                       -------   ----  ----      ------
.iar.init_table$$Base    0x800'ab84          --   Gb  - Linker created -
.iar.init_table$$Limit   0x800'aba4          --   Gb  - Linker created -
?main                    0x800'abe5         Code  Gb  cmain.o [4]
AHBPrescTable            0x800'ad90   0x10  Data  Gb  system_stm32f4xx.o [1]
APBPrescTable            0x800'af54    0x8  Data  Gb  system_stm32f4xx.o [1]
BusFault_Handler         0x800'a9b3    0x2  Code  Gb  stm32f4xx_it.o [1]
CAN1_RX0_IRQHandler      0x800'a9dd    0xa  Code  Gb  stm32f4xx_it.o [1]
CAN1_RX1_IRQHandler      0x800'a9e7    0xa  Code  Gb  stm32f4xx_it.o [1]
CAN1_SCE_IRQHandler      0x800'a9f1    0xa  Code  Gb  stm32f4xx_it.o [1]
CANSEND_ID              0x2000'0158    0x2  Data  Gb  can_func.o [1]
CAN_config               0x800'7823   0x82  Code  Lc  can_utils.o [1]
CMD_USART               0x2000'06c0   0x40  Data  Gb  cmd.o [1]
CSTACK$$Base            0x2000'0a70          --   Gb  - Linker created -
CSTACK$$Limit           0x2000'0e70          --   Gb  - Linker created -
CacheMore                0x800'21bd   0x24  Code  Lc  xlocale_c.o [2]
DMA1_Stream5_IRQHandler
                         0x800'a9c9    0xa  Code  Gb  stm32f4xx_it.o [1]
DMA1_Stream6_IRQHandler
                         0x800'a9d3    0xa  Code  Gb  stm32f4xx_it.o [1]
DMAUSART_RX_BUF         0x2000'0400   0x64  Data  Gb  cmd.o [1]
DMA_CalcBaseAndBitshift
                         0x800'3da3   0x30  Code  Lc  stm32f4xx_hal_dma.o [1]
DMA_CalcBaseAndBitshift::flagBitshiftOffset
                         0x800'af4c    0x8  Data  Lc  stm32f4xx_hal_dma.o [1]
DMA_CheckFifoParam       0x800'3de1   0x88  Code  Lc  stm32f4xx_hal_dma.o [1]
DMA_RxOK_Flag           0x2000'0a50    0x4  Data  Gb  cmd.o [1]
DMA_SetConfig            0x800'3d75   0x2e  Code  Lc  stm32f4xx_hal_dma.o [1]
DMAaRxBuffer            0x2000'039c   0x64  Data  Gb  cmd.o [1]
DebugMon_Handler         0x800'a9b9    0x2  Code  Gb  stm32f4xx_it.o [1]
Delay                    0x800'4e11   0x20  Code  Gb  tim.o [1]
Dtentox                  0x800'93cd  0x192  Code  Lc  strto64.o [3]
Error_Handler            0x800'4285    0x2  Code  Gb  main.o [1]
FLASH_Erase_Sector       0x800'a157   0x5a  Code  Gb  stm32f4xx_hal_flash_ex.o [1]
FLASH_FlushCaches        0x800'a1b1   0x50  Code  Gb  stm32f4xx_hal_flash_ex.o [1]
FLASH_MassErase          0x800'a135   0x22  Code  Lc  stm32f4xx_hal_flash_ex.o [1]
FLASH_Program_Byte       0x800'9ff1   0x1a  Code  Lc  stm32f4xx_hal_flash.o [1]
FLASH_Program_DoubleWord
                         0x800'9f8f   0x26  Code  Lc  stm32f4xx_hal_flash.o [1]
FLASH_Program_HalfWord   0x800'9fd3   0x1e  Code  Lc  stm32f4xx_hal_flash.o [1]
FLASH_Program_Word       0x800'9fb5   0x1e  Code  Lc  stm32f4xx_hal_flash.o [1]
FLASH_SetErrorCode       0x800'a00b   0x68  Code  Lc  stm32f4xx_hal_flash.o [1]
FLASH_WaitForLastOperation
                         0x800'9f3f   0x50  Code  Gb  stm32f4xx_hal_flash.o [1]
Get_Basic_x              0x800'548d  0x118  Code  Gb  as5047p.o [1]
Get_Basic_y              0x800'55b9  0x116  Code  Gb  as5047p.o [1]
Get_Wheel_x              0x800'56d1   0x48  Code  Gb  as5047p.o [1]
Get_Wheel_y              0x800'5719   0x64  Code  Gb  as5047p.o [1]
Get_Yaw_angle            0x800'50f5  0x256  Code  Gb  read_data_simple.o [1]
HAL_CAN_ActivateNotification
                         0x800'658d   0x2c  Code  Gb  stm32f4xx_hal_can.o [1]
HAL_CAN_ConfigFilter     0x800'62b5  0x124  Code  Gb  stm32f4xx_hal_can.o [1]
HAL_CAN_GetRxMessage     0x800'6439  0x154  Code  Gb  stm32f4xx_hal_can.o [1]
HAL_CAN_IRQHandler       0x800'65b9  0x230  Code  Gb  stm32f4xx_hal_can.o [1]
HAL_CAN_Init             0x800'6149  0x16c  Code  Gb  stm32f4xx_hal_can.o [1]
HAL_CAN_MspInit          0x800'480f   0x98  Code  Gb  can.o [1]
HAL_CAN_RxFifo0FullCallback
                         0x800'7821    0x2  Code  Gb  can_utils.o [1]
HAL_CAN_RxFifo0MsgPendingCallback
                         0x800'77f9   0x28  Code  Gb  can_utils.o [1]
HAL_CAN_Start            0x800'63d9   0x5c  Code  Gb  stm32f4xx_hal_can.o [1]
HAL_DMA_Abort            0x800'3aa9   0x9c  Code  Gb  stm32f4xx_hal_dma.o [1]
HAL_DMA_Abort_IT         0x800'3b45   0x26  Code  Gb  stm32f4xx_hal_dma.o [1]
HAL_DMA_IRQHandler       0x800'3b6b  0x20a  Code  Gb  stm32f4xx_hal_dma.o [1]
HAL_DMA_Init             0x800'3949   0xe0  Code  Gb  stm32f4xx_hal_dma.o [1]
HAL_DMA_Start_IT         0x800'3a29   0x80  Code  Gb  stm32f4xx_hal_dma.o [1]
HAL_Delay                0x800'8de5   0x28  Code  Wk  stm32f4xx_hal.o [1]
HAL_FLASHEx_Erase        0x800'a08d   0xa8  Code  Gb  stm32f4xx_hal_flash_ex.o [1]
HAL_FLASH_Lock           0x800'9f31    0xe  Code  Gb  stm32f4xx_hal_flash.o [1]
HAL_FLASH_Program        0x800'9e91   0x80  Code  Gb  stm32f4xx_hal_flash.o [1]
HAL_FLASH_Unlock         0x800'9f11   0x20  Code  Gb  stm32f4xx_hal_flash.o [1]
HAL_GPIO_Init            0x800'4291  0x1dc  Code  Gb  stm32f4xx_hal_gpio.o [1]
HAL_GPIO_ReadPin         0x800'446d   0x12  Code  Gb  stm32f4xx_hal_gpio.o [1]
HAL_GPIO_WritePin        0x800'447f   0x14  Code  Gb  stm32f4xx_hal_gpio.o [1]
HAL_GetTick              0x800'45f9    0xc  Code  Wk  stm32f4xx_hal.o [1]
HAL_I2C_Init             0x800'67e9  0x1b8  Code  Gb  stm32f4xx_hal_i2c.o [1]
HAL_I2C_MspInit          0x800'48f5   0x9c  Code  Gb  i2c.o [1]
HAL_IncTick              0x800'aa29   0x18  Code  Wk  stm32f4xx_hal.o [1]
HAL_Init                 0x800'4651   0x30  Code  Gb  stm32f4xx_hal.o [1]
HAL_InitTick             0x800'4605   0x4c  Code  Wk  stm32f4xx_hal.o [1]
HAL_MspInit              0x800'6109   0x40  Code  Gb  stm32f4xx_hal_msp.o [1]
HAL_NVIC_EnableIRQ       0x800'45c5    0xa  Code  Gb  stm32f4xx_hal_cortex.o [1]
HAL_NVIC_SetPriority     0x800'45a3   0x22  Code  Gb  stm32f4xx_hal_cortex.o [1]
HAL_NVIC_SetPriorityGrouping
                         0x800'459b    0x8  Code  Gb  stm32f4xx_hal_cortex.o [1]
HAL_RCC_ClockConfig      0x800'3e75  0x138  Code  Gb  stm32f4xx_hal_rcc.o [1]
HAL_RCC_GetHCLKFreq      0x800'3fad    0x6  Code  Gb  stm32f4xx_hal_rcc.o [1]
HAL_RCC_GetPCLK1Freq     0x800'3fb3   0x16  Code  Gb  stm32f4xx_hal_rcc.o [1]
HAL_RCC_GetPCLK2Freq     0x800'3fc9   0x16  Code  Gb  stm32f4xx_hal_rcc.o [1]
HAL_RCC_OscConfig        0x800'5a79  0x36c  Code  Wk  stm32f4xx_hal_rcc.o [1]
HAL_SPI_Init             0x800'69b9   0x8e  Code  Gb  stm32f4xx_hal_spi.o [1]
HAL_SPI_MspInit          0x800'49f3   0x9a  Code  Gb  spi.o [1]
HAL_SPI_Receive          0x800'6be5  0x166  Code  Gb  stm32f4xx_hal_spi.o [1]
HAL_SPI_Transmit         0x800'6a47  0x19e  Code  Gb  stm32f4xx_hal_spi.o [1]
HAL_SPI_TransmitReceive
                         0x800'6d4b  0x21e  Code  Gb  stm32f4xx_hal_spi.o [1]
HAL_SYSTICK_Config       0x800'45cf    0x8  Code  Gb  stm32f4xx_hal_cortex.o [1]
HAL_TIMEx_MasterConfigSynchronization
                         0x800'7745   0x4c  Code  Gb  stm32f4xx_hal_tim_ex.o [1]
HAL_TIM_Base_Init        0x800'70fd   0x38  Code  Gb  stm32f4xx_hal_tim.o [1]
HAL_TIM_Base_MspInit     0x800'4d7b   0x48  Code  Gb  tim.o [1]
HAL_TIM_Base_Start       0x800'7135   0x28  Code  Gb  stm32f4xx_hal_tim.o [1]
HAL_TIM_Base_Stop        0x800'715d   0x34  Code  Gb  stm32f4xx_hal_tim.o [1]
HAL_TIM_ConfigClockSource
                         0x800'737d   0xe8  Code  Gb  stm32f4xx_hal_tim.o [1]
HAL_TIM_Encoder_Init     0x800'71c9   0xa8  Code  Gb  stm32f4xx_hal_tim.o [1]
HAL_TIM_Encoder_MspInit
                         0x800'4cbf   0xbc  Code  Gb  tim.o [1]
HAL_TIM_MspPostInit      0x800'4dc3   0x4e  Code  Gb  tim.o [1]
HAL_TIM_PWM_ConfigChannel
                         0x800'7271   0xfc  Code  Gb  stm32f4xx_hal_tim.o [1]
HAL_TIM_PWM_Init         0x800'7191   0x38  Code  Gb  stm32f4xx_hal_tim.o [1]
HAL_UART_DMAStop         0x800'30ef   0x72  Code  Gb  stm32f4xx_hal_uart.o [1]
HAL_UART_IDLECallback    0x800'583f   0x6e  Code  Gb  cmd.o [1]
HAL_UART_IRQHandler      0x800'3161  0x134  Code  Gb  stm32f4xx_hal_uart.o [1]
HAL_UART_Init            0x800'2f31   0x76  Code  Gb  stm32f4xx_hal_uart.o [1]
HAL_UART_MspInit         0x800'3835   0xf0  Code  Gb  usart.o [1]
HAL_UART_Receive_DMA     0x800'303b   0xb4  Code  Gb  stm32f4xx_hal_uart.o [1]
HAL_UART_Transmit_DMA    0x800'2fa7   0x94  Code  Gb  stm32f4xx_hal_uart.o [1]
HCAN                    0x2000'08f0   0x28  Data  Gb  can_utils.o [1]
HEAP$$Base              0x2000'0e70          --   Gb  - Linker created -
HEAP$$Limit             0x2000'1e70          --   Gb  - Linker created -
HardFault_Handler        0x800'a9af    0x2  Code  Gb  stm32f4xx_it.o [1]
HashTable_create         0x800'8b35   0x4e  Code  Gb  hash.o [1]
HashTable_get            0x800'8c1d   0x60  Code  Gb  hash.o [1]
HashTable_insert         0x800'8b83   0x9a  Code  Gb  hash.o [1]
HashTable_map            0x800'8c7d   0x72  Code  Gb  hash.o [1]
IMU_I                   0x2000'0008    0x4  Data  Gb  angle.o [1]
IMU_P                   0x2000'0004    0x4  Data  Gb  angle.o [1]
IMU_Update               0x800'84d1  0x494  Code  Gb  angle.o [1]
KalMan                   0x800'8359   0x52  Code  Gb  karman.o [1]
LoadInt                  0x800'138b   0x7a  Code  Lc  xprintffull.o [2]
MX_CAN1_Init             0x800'47c9   0x46  Code  Gb  can.o [1]
MX_DMA_Init              0x800'4789   0x40  Code  Gb  dma.o [1]
MX_GPIO_Init             0x800'4685  0x104  Code  Gb  gpio.o [1]
MX_I2C3_Init             0x800'48bd   0x38  Code  Gb  i2c.o [1]
MX_SPI2_Init             0x800'49ad   0x46  Code  Gb  spi.o [1]
MX_TIM2_Init             0x800'4aa5   0x86  Code  Gb  tim.o [1]
MX_TIM3_Init             0x800'4b2b   0xc8  Code  Gb  tim.o [1]
MX_TIM4_Init             0x800'4bf3   0x80  Code  Gb  tim.o [1]
MX_TIM6_Init             0x800'4c73   0x4c  Code  Gb  tim.o [1]
MX_USART2_UART_Init      0x800'3801   0x34  Code  Gb  usart.o [1]
MemManage_Handler        0x800'a9b1    0x2  Code  Gb  stm32f4xx_it.o [1]
NMI_Handler              0x800'a9ad    0x2  Code  Gb  stm32f4xx_it.o [1]
NVIC_EncodePriority      0x800'4531   0x3c  Code  Lc  stm32f4xx_hal_cortex.o [1]
PendSV_Handler           0x800'a9bb    0x2  Code  Gb  stm32f4xx_it.o [1]
Region$$Table$$Base      0x800'ab84          --   Gb  - Linker created -
Region$$Table$$Limit     0x800'aba4          --   Gb  - Linker created -
RxHeader                0x2000'0938   0x1c  Data  Gb  can_utils.o [1]
SPI_EndRxTransaction     0x800'7009   0x92  Code  Lc  stm32f4xx_hal_spi.o [1]
SPI_EndRxTxTransaction   0x800'709b   0x5a  Code  Lc  stm32f4xx_hal_spi.o [1]
SPI_WaitFlagStateUntilTimeout
                         0x800'6f69   0xa0  Code  Lc  stm32f4xx_hal_spi.o [1]
STMFLASH_GetFlashSector
                         0x800'8ed3   0x72  Code  Gb  flash.o [1]
SVC_Handler              0x800'a9b7    0x2  Code  Gb  stm32f4xx_it.o [1]
SysTick_Config           0x800'456d   0x2e  Code  Lc  stm32f4xx_hal_cortex.o [1]
SysTick_Handler          0x800'a9bd    0xc  Code  Gb  stm32f4xx_it.o [1]
SystemClock_Config       0x800'40cf   0xa2  Code  Gb  main.o [1]
SystemCoreClock         0x2000'00d4    0x4  Data  Gb  system_stm32f4xx.o [1]
SystemInit               0x800'aa41   0x40  Code  Gb  system_stm32f4xx.o [1]
TIM_Base_SetConfig       0x800'7465   0xba  Code  Gb  stm32f4xx_hal_tim.o [1]
TIM_ETR_SetConfig        0x800'772f   0x16  Code  Gb  stm32f4xx_hal_tim.o [1]
TIM_ITRx_SetConfig       0x800'771f   0x10  Code  Lc  stm32f4xx_hal_tim.o [1]
TIM_OC1_SetConfig        0x800'751f   0x64  Code  Lc  stm32f4xx_hal_tim.o [1]
TIM_OC2_SetConfig        0x800'7583   0x6e  Code  Gb  stm32f4xx_hal_tim.o [1]
TIM_OC3_SetConfig        0x800'75f1   0x6c  Code  Lc  stm32f4xx_hal_tim.o [1]
TIM_OC4_SetConfig        0x800'765d   0x4c  Code  Lc  stm32f4xx_hal_tim.o [1]
TIM_TI1_ConfigInputStage
                         0x800'76d5   0x24  Code  Lc  stm32f4xx_hal_tim.o [1]
TIM_TI2_ConfigInputStage
                         0x800'76f9   0x26  Code  Lc  stm32f4xx_hal_tim.o [1]
TxHeader                0x2000'0954   0x18  Data  Gb  can_utils.o [1]
UART_DMAAbortOnError     0x800'33b1   0x12  Code  Lc  stm32f4xx_hal_uart.o [1]
UART_DMAError            0x800'3325   0x56  Code  Lc  stm32f4xx_hal_uart.o [1]
UART_DMAReceiveCplt      0x800'32d5   0x42  Code  Lc  stm32f4xx_hal_uart.o [1]
UART_DMARxHalfCplt       0x800'3319    0xa  Code  Lc  stm32f4xx_hal_uart.o [1]
UART_DMATransmitCplt     0x800'3295   0x32  Code  Lc  stm32f4xx_hal_uart.o [1]
UART_DMATxHalfCplt       0x800'32c9    0xa  Code  Lc  stm32f4xx_hal_uart.o [1]
UART_EndRxTransfer       0x800'338f   0x20  Code  Lc  stm32f4xx_hal_uart.o [1]
UART_EndTransmit_IT      0x800'342f   0x1c  Code  Lc  stm32f4xx_hal_uart.o [1]
UART_EndTxTransfer       0x800'337b   0x14  Code  Lc  stm32f4xx_hal_uart.o [1]
UART_Receive_IT          0x800'344b   0xa8  Code  Lc  stm32f4xx_hal_uart.o [1]
UART_SetConfig           0x800'34f3  0x302  Code  Lc  stm32f4xx_hal_uart.o [1]
UART_Transmit_IT         0x800'33c5   0x6a  Code  Lc  stm32f4xx_hal_uart.o [1]
USART2_IRQHandler        0x800'a9fb   0x1a  Code  Gb  stm32f4xx_it.o [1]
UsageFault_Handler       0x800'a9b5    0x2  Code  Gb  stm32f4xx_it.o [1]
_Encoding_8859_1_Mbrlen
                         0x800'2259    0x2  Code  Gb  xencoding_8859_1.o [2]
_Encoding_8859_1_Wctomb
                         0x800'2247   0x12  Code  Gb  xencoding_8859_1.o [2]
_GenldFull               0x800'1e1d  0x274  Code  Lc  xprintffull.o [2]
_LdtobFull               0x800'19f1  0x400  Code  Lc  xprintffull.o [2]
_LitobFull               0x800'1899  0x112  Code  Lc  xprintffull.o [2]
_LocaleC_isalpha         0x800'2183    0xc  Code  Gb  xlocale_c.o [2]
_LocaleC_islower         0x800'217d    0x4  Code  Gb  xlocale_c.o [2]
_LocaleC_isspace         0x800'2199   0x14  Code  Gb  xlocale_c.o [2]
_LocaleC_isupper         0x800'2181    0x2  Code  Gb  xlocale_c.o [2]
_LocaleC_tolower         0x800'21ad    0xc  Code  Gb  xlocale_c.o [2]
_Locale_lconv           0x2000'00d8   0x38  Data  Lc  xlocale_c.o [2]
_PrintfFull              0x800'11c9  0x1aa  Code  Gb  xprintffull.o [2]
_PutcharsFull            0x800'2091   0x2e  Code  Lc  xprintffull.o [2]
_PutfldFull              0x800'1405  0x2d8  Code  Lc  xprintffull.o [2]
_PutstrFull              0x800'17d3   0xc6  Code  Lc  xprintffull.o [2]
_PuttxtFull              0x800'16dd   0xf6  Code  Lc  xprintffull.o [2]
_SNProut                 0x800'22db   0x1a  Code  Gb  xsnprout.o [2]
_Strtok_ssave           0x2000'0a64    0x4  Data  Lc  strtok.o [2]
__NVIC_EnableIRQ         0x800'44f1   0x1c  Code  Lc  stm32f4xx_hal_cortex.o [1]
__NVIC_GetPriorityGrouping
                         0x800'44e7    0xa  Code  Lc  stm32f4xx_hal_cortex.o [1]
__NVIC_SetPriority       0x800'450d   0x24  Code  Lc  stm32f4xx_hal_cortex.o [1]
__NVIC_SetPriorityGrouping
                         0x800'44cd   0x1a  Code  Lc  stm32f4xx_hal_cortex.o [1]
__NVIC_SystemReset       0x800'78dd   0x1e  Code  Lc  cmd_func.o [1]
__aeabi_assert           0x800'9e29   0x24  Code  Gb  ABIassert.o [5]
__aeabi_cdcmpeq          0x800'a98d         Code  Gb  DblCmpEq.o [3]
__aeabi_cdcmple          0x800'2845         Code  Gb  DblCmpLe.o [3]
__aeabi_cdrcmple         0x800'2875         Code  Gb  DblCmpGe.o [3]
__aeabi_d2f              0x800'8469         Code  Gb  DblToFlt.o [3]
__aeabi_d2iz             0x800'29e1         Code  Gb  DblToS32.o [3]
__aeabi_d2uiz            0x800'2d6d         Code  Gb  DblToU32.o [3]
__aeabi_dadd             0x800'2db5         Code  Gb  DblAdd.o [3]
__aeabi_ddiv             0x800'2b25         Code  Gb  DblDiv.o [3]
__aeabi_dmul             0x800'2631         Code  Gb  DblMul.o [3]
__aeabi_dsub             0x800'2a41         Code  Gb  DblSub.o [3]
__aeabi_f2d              0x800'8421         Code  Gb  FltToDbl.o [3]
__aeabi_i2d              0x800'2a1d         Code  Gb  S32ToDbl.o [3]
__aeabi_ldiv0            0x800'2db1         Code  Gb  I64DivZer.o [4]
__aeabi_memclr4          0x800'4289         Code  Gb  ABImemclr4.o [4]
__aeabi_memcpy           0x800'2359         Code  Gb  ABImemcpy.o [4]
__aeabi_memcpy4          0x800'2379         Code  Gb  ABImemcpy.o [4]
__aeabi_memcpy8          0x800'2379         Code  Gb  ABImemcpy.o [4]
__aeabi_memset           0x800'82f1         Code  Gb  ABImemset.o [4]
__aeabi_ui2d             0x800'2d95         Code  Gb  U32ToDbl.o [3]
__aeabi_uldivmod         0x800'2401         Code  Gb  I64DivMod.o [4]
__cmain                  0x800'abe5         Code  Gb  cmain.o [4]
__data_GetMemChunk       0x800'1189   0x2c  Code  Gb  xgetmemchunk.o [2]
__data_GetMemChunk::start
                        0x2000'0a6c    0x4  Data  Lc  xgetmemchunk.o [2]
__exit                   0x800'11b5   0x14  Code  Gb  exit.o [5]
__iar_Atan64             0x800'a771  0x170  Code  Gb  iar_Atan64.o [3]
__iar_Fail_s             0x800'2265   0x1c  Code  Gb  xfail_s.o [2]
__iar_Mbcurmax           0x800'234d    0xa  Code  Gb  xmbcurmax.o [2]
__iar_Memchr             0x800'22f5         Code  Gb  memchr.o [4]
__iar_Memset             0x800'82f1         Code  Gb  ABImemset.o [4]
__iar_Memset4_word       0x800'60d5         Code  Gb  ABImemset48.o [4]
__iar_Memset8_word       0x800'60d5         Code  Gb  ABImemset48.o [4]
__iar_Memset_word        0x800'82f9         Code  Gb  ABImemset.o [4]
__iar_Sin64              0x800'99dd  0x3b2  Code  Lc  cos_sin64.o [3]
__iar_Sto64              0x800'9571  0x19e  Code  Gb  strto64.o [3]
__iar_Stoflt             0x800'a35d  0x1c4  Code  Gb  iar_Stoflt.o [2]
__iar_Stopfx             0x800'a239  0x122  Code  Gb  iar_Stopfx.o [2]
__iar_Stoulx             0x800'8f7d  0x112  Code  Gb  iar_Stoulx.o [2]
__iar_Stoxflt            0x800'a521  0x1e6  Code  Gb  iar_Stoxflt.o [2]
__iar_Stoxflt::digits    0x800'a70c   0x18  Data  Lc  iar_Stoxflt.o [2]
__iar_Stoxflt::vals      0x800'a724   0x18  Data  Lc  iar_Stoxflt.o [2]
__iar_Strchr             0x800'2231         Code  Gb  strchr.o [4]
__iar_asin64             0x800'97a9   0xf4  Code  Gb  asin64.o [3]
__iar_atan2_64           0x800'989d  0x140  Code  Gb  atan2_64.o [3]
__iar_cos64              0x800'9e21    0x4  Code  Gb  cos_sin64.o [3]
__iar_cos_medium         0x800'9e21    0x4  Code  Gb  cos_sin64.o [3]
__iar_cos_medium64       0x800'9e21    0x4  Code  Gb  cos_sin64.o [3]
__iar_cos_mediuml        0x800'9e21    0x4  Code  Gb  cos_sin64.o [3]
__iar_dadd               0x800'2a51         Code  Gb  DblSub.o [3]
__iar_data_init3         0x800'ab39   0x28  Code  Gb  data_init.o [4]
__iar_dlmalloc           0x800'0e4d  0x2b6  Code  Gb  dlmalloc.o [2]
__iar_dsub               0x800'2dc5         Code  Gb  DblAdd.o [3]
__iar_dsubStart          0x800'2dd7         Code  Gb  DblAdd.o [3]
__iar_frexp              0x800'27e1         Code  Gb  frexp.o [3]
__iar_frexpl             0x800'27e1         Code  Gb  frexp.o [3]
__iar_globLocale        0x2000'0110   0x48  Data  Lc  xlocale_c.o [2]
__iar_global_Locale      0x800'21b9    0x4  Code  Gb  xlocale_c.o [2]
__iar_init_vfp           0x800'ab61         Code  Gb  fpinit_M.o [3]
__iar_ldexp64            0x800'28a5         Code  Gb  ldexp.o [3]
__iar_lz77_init_single3
                         0x800'110f   0x7a  Code  Gb  lz77_init_single.o [4]
__iar_program_start      0x800'aed1         Code  Gb  cstartup_M.o [4]
__iar_scalbln64          0x800'28a5         Code  Gb  ldexp.o [3]
__iar_scalbn64           0x800'28a5         Code  Gb  ldexp.o [3]
__iar_sin64              0x800'9e25    0x4  Code  Gb  cos_sin64.o [3]
__iar_sin_medium         0x800'9e25    0x4  Code  Gb  cos_sin64.o [3]
__iar_sin_medium64       0x800'9e25    0x4  Code  Gb  cos_sin64.o [3]
__iar_sin_mediuml        0x800'9e25    0x4  Code  Gb  cos_sin64.o [3]
__iar_softfp___iar_frexp64
                         0x800'27d5         Code  Gb  frexp.o [3]
__iar_softfp_frexp       0x800'27d5         Code  Gb  frexp.o [3]
__iar_softfp_frexpl      0x800'27d5         Code  Gb  frexp.o [3]
__iar_sqrt64             0x800'9101         Code  Gb  sqrt.o [3]
__iar_vfp___iar_sqrt64   0x800'90f1         Code  Gb  sqrt.o [3]
__iar_vfp_asin           0x800'8973    0xc  Code  Gb  math_wrappers64.o [3]
__iar_vfp_atan2          0x800'897f   0x10  Code  Gb  math_wrappers64.o [3]
__iar_vfp_atof           0x800'896b    0x8  Code  Gb  math_wrappers64.o [3]
__iar_vfp_cos            0x800'898f    0xc  Code  Gb  math_wrappers64.o [3]
__iar_vfp_sin            0x800'899b    0xc  Code  Gb  math_wrappers64.o [3]
__iar_vfp_sqrt           0x800'90f1         Code  Gb  sqrt.o [3]
__iar_vfp_sqrtl          0x800'90f1         Code  Gb  sqrt.o [3]
__iar_zero_init3         0x800'2143   0x3a  Code  Gb  zero_init3.o [4]
__low_level_init         0x800'ac03    0x4  Code  Gb  low_level_init.o [2]
__vector_table           0x800'0000         Data  Gb  startup_stm32f405xx.o [1]
_call_main               0x800'abf1         Code  Gb  cmain.o [4]
_cmd_help                0x800'5a29   0x10  Code  Lc  cmd.o [1]
_exit                    0x800'ac0d         Code  Gb  cexit.o [4]
_gLocale_mblen           0x800'221d    0x4  Code  Gb  xlocale_c.o [2]
_gLocale_mblenInt        0x800'21e1   0x2c  Code  Gb  xlocale_c.o [2]
_gLocale_wctomb          0x800'2221    0x4  Code  Gb  xlocale_c.o [2]
_gLocale_wctombInt       0x800'2219    0x4  Code  Gb  xlocale_c.o [2]
_gm_                    0x2000'015c  0x1d8  Data  Lc  dlmalloc.o [2]
_main                    0x800'abff         Code  Gb  cmain.o [4]
a                        0x800'a938   0x40  Data  Lc  iar_Atan64.o [3]
abort                    0x800'1109    0x6  Code  Gb  abort.o [2]
add_segment              0x800'0551  0x1f2  Code  Lc  dlmalloc.o [2]
angle                   0x2000'05d0   0x54  Data  Gb  read_data_simple.o [1]
angle_toshow             0x800'603d   0x50  Code  Gb  calculate.o [1]
as5047p_Get_Position_x   0x800'53a1   0x3a  Code  Gb  as5047p.o [1]
as5047p_Get_Position_y   0x800'53db   0x3a  Code  Gb  as5047p.o [1]
as5047p_init             0x800'5415   0x76  Code  Gb  as5047p.o [1]
asin                     0x800'97a9   0xf4  Code  Gb  asin64.o [3]
asinl                    0x800'97a9   0xf4  Code  Gb  asin64.o [3]
asm330lhh_acceleration_raw_get
                         0x800'8201    0xe  Code  Gb  asm330lhh_reg.o [1]
asm330lhh_angular_rate_raw_get
                         0x800'81f3    0xe  Code  Gb  asm330lhh_reg.o [1]
asm330lhh_block_data_update_set
                         0x800'81b5   0x30  Code  Gb  asm330lhh_reg.o [1]
asm330lhh_device_id_get
                         0x800'820f    0xe  Code  Gb  asm330lhh_reg.o [1]
asm330lhh_device_init    0x800'4f6d   0x90  Code  Gb  read_data_simple.o [1]
asm330lhh_from_fs2000dps_to_mdps
                         0x800'80d1   0x14  Code  Gb  asm330lhh_reg.o [1]
asm330lhh_from_fs4g_to_mg
                         0x800'80bd   0x14  Code  Gb  asm330lhh_reg.o [1]
asm330lhh_gy_data_rate_set
                         0x800'8181   0x34  Code  Gb  asm330lhh_reg.o [1]
asm330lhh_gy_full_scale_set
                         0x800'8151   0x30  Code  Gb  asm330lhh_reg.o [1]
asm330lhh_init           0x800'50d3   0x22  Code  Gb  read_data_simple.o [1]
asm330lhh_read_reg       0x800'809d   0x10  Code  Gb  asm330lhh_reg.o [1]
asm330lhh_reset_get      0x800'824d   0x1a  Code  Gb  asm330lhh_reg.o [1]
asm330lhh_reset_set      0x800'821d   0x30  Code  Gb  asm330lhh_reg.o [1]
asm330lhh_run            0x800'4ffd   0xd6  Code  Gb  read_data_simple.o [1]
asm330lhh_run::data_raw_acceleration
                        0x2000'0a20    0x8  Data  Lc  read_data_simple.o [1]
asm330lhh_run::data_raw_angular_rate
                        0x2000'0a28    0x8  Data  Lc  read_data_simple.o [1]
asm330lhh_status_reg_get
                         0x800'81e5    0xe  Code  Gb  asm330lhh_reg.o [1]
asm330lhh_write_reg      0x800'80ad   0x10  Code  Gb  asm330lhh_reg.o [1]
asm330lhh_xl_data_rate_set
                         0x800'811d   0x34  Code  Gb  asm330lhh_reg.o [1]
asm330lhh_xl_filter_lp2_set
                         0x800'8267   0x30  Code  Gb  asm330lhh_reg.o [1]
asm330lhh_xl_full_scale_set
                         0x800'80ed   0x30  Code  Gb  asm330lhh_reg.o [1]
asm330lhh_xl_hp_path_on_out_set
                         0x800'8297   0x58  Code  Gb  asm330lhh_reg.o [1]
atan2                    0x800'989d  0x140  Code  Gb  atan2_64.o [3]
atan2l                   0x800'989d  0x140  Code  Gb  atan2_64.o [3]
atof                     0x800'9755    0x8  Code  Gb  strto64.o [3]
atoi                     0x800'9095    0x2  Code  Gb  iar_Stoulx.o [2]
buffer_count            0x2000'0a54    0x4  Data  Gb  cmd.o [1]
calcul_XY                0x800'5f0d  0x130  Code  Gb  calculate.o [1]
calcul_dx                0x800'5de5   0x96  Code  Gb  calculate.o [1]
calcul_dy                0x800'5e7b   0x92  Code  Gb  calculate.o [1]
can_callback_add         0x800'77c3   0x1c  Code  Gb  can_utils.o [1]
can_callback_table      0x2000'0a48    0x4  Data  Lc  can_utils.o [1]
can_exc_callback         0x800'77df   0x1a  Code  Gb  can_utils.o [1]
can_exc_callback_flag   0x2000'0a40    0x4  Data  Gb  can_utils.o [1]
can_func_init            0x800'8063   0x1c  Code  Gb  can_func.o [1]
can_init                 0x800'7791   0x32  Code  Gb  can_utils.o [1]
can_rx_data             0x2000'0a10    0x8  Data  Gb  can_utils.o [1]
can_suc_rx               0x800'8005    0xa  Code  Gb  can_func.o [1]
can_vega_angle           0x800'800f    0x8  Code  Gb  can_func.o [1]
can_vega_xy              0x800'8019   0x20  Code  Gb  can_func.o [1]
change_kn                0x800'7c9b   0x26  Code  Gb  cmd_func.o [1]
change_ks                0x800'7cc1   0x26  Code  Gb  cmd_func.o [1]
cmd_add                  0x800'5921   0x54  Code  Gb  cmd.o [1]
cmd_argv                0x2000'0840   0x30  Data  Gb  cmd.o [1]
cmd_default_func         0x800'7921   0xa6  Code  Gb  cmd_func.o [1]
cmd_exec                 0x800'58db   0x2c  Code  Gb  cmd.o [1]
cmd_func_init            0x800'7ddf   0xbc  Code  Gb  cmd_func.o [1]
cmd_hello_func           0x800'78fb    0xc  Code  Gb  cmd_func.o [1]
cmd_help_func            0x800'5909   0x18  Code  Gb  cmd.o [1]
cmd_init                 0x800'57ef   0x26  Code  Gb  cmd.o [1]
cmd_modify_CANID_func    0x800'79c7   0x22  Code  Gb  cmd_func.o [1]
cmd_modify_C_func        0x800'7ced   0x44  Code  Gb  cmd_func.o [1]
cmd_modify_D_func        0x800'7d31   0x44  Code  Gb  cmd_func.o [1]
cmd_parse                0x800'58ad   0x2e  Code  Gb  cmd.o [1]
cmd_pos_func             0x800'7a1f   0x32  Code  Gb  cmd_func.o [1]
cmd_read_circle_func     0x800'7a55   0x68  Code  Gb  cmd_func.o [1]
cmd_read_pos_func        0x800'79e9   0x2e  Code  Gb  cmd_func.o [1]
cmd_read_vega_func       0x800'7a17    0x8  Code  Gb  cmd_func.o [1]
cmd_reset_func           0x800'7907    0xe  Code  Gb  cmd_func.o [1]
cmd_setpos_func          0x800'7d75   0x6a  Code  Gb  cmd_func.o [1]
cmd_table               0x2000'0a4c    0x4  Data  Lc  cmd.o [1]
cmd_test_flag_func       0x800'7b8f  0x10c  Code  Gb  cmd_func.o [1]
cmd_test_float_func      0x800'7b35   0x5a  Code  Gb  cmd_func.o [1]
cmd_test_int_func        0x800'7b01   0x34  Code  Gb  cmd_func.o [1]
cmd_version_func         0x800'7915    0xc  Code  Gb  cmd_func.o [1]
cmd_xypart_func          0x800'7abd   0x44  Code  Gb  cmd_func.o [1]
cmpAtom                  0x800'8b01    0xe  Code  Lc  hash.o [1]
cos                      0x800'9e21    0x4  Code  Gb  cos_sin64.o [3]
cosl                     0x800'9e21    0x4  Code  Gb  cos_sin64.o [3]
ddiv                     0x800'92f5   0xc8  Code  Lc  strto64.o [3]
delim                   0x2000'0014    0x4  Data  Lc  cmd.o [1]
delta_time              0x2000'00c0    0x4  Data  Gb  read_data_simple.o [1]
dev_ctx                 0x2000'09ec    0xc  Data  Gb  read_data_simple.o [1]
diameter_x              0x2000'000c    0x4  Data  Gb  as5047p.o [1]
diameter_y              0x2000'0010    0x4  Data  Gb  as5047p.o [1]
digits                   0x800'90a0   0x28  Data  Lc  iar_Stoulx.o [2]
dmul                     0x800'9229   0xca  Code  Lc  strto64.o [3]
exit                     0x800'ac07    0x4  Code  Gb  exit.o [2]
flag                    0x2000'09c0   0x14  Data  Gb  main.o [1]
flag_inc                 0x800'4189   0x7c  Code  Gb  main.o [1]
flag_init                0x800'4171   0x18  Code  Gb  main.o [1]
flag_task                0x800'4205   0x5a  Code  Gb  main.o [1]
flash_data              0x2000'0678   0x48  Data  Gb  flash.o [1]
freeKeyAtom              0x800'8b13    0x2  Code  Lc  hash.o [1]
hashAtom                 0x800'8b0f    0x4  Code  Lc  hash.o [1]
hashStr                  0x800'8b15   0x20  Code  Gb  hash.o [1]
hash_id                  0x800'78c9    0x4  Code  Lc  can_utils.o [1]
hcan1                   0x2000'08c8   0x28  Data  Gb  can.o [1]
hdma_usart2_rx          0x2000'0464   0x60  Data  Gb  usart.o [1]
hdma_usart2_tx          0x2000'04c4   0x60  Data  Gb  usart.o [1]
hi2c3                   0x2000'057c   0x54  Data  Gb  i2c.o [1]
hspi2                   0x2000'0524   0x58  Data  Gb  spi.o [1]
htim2                   0x2000'0700   0x40  Data  Gb  tim.o [1]
htim3                   0x2000'0740   0x40  Data  Gb  tim.o [1]
htim4                   0x2000'0780   0x40  Data  Gb  tim.o [1]
htim6                   0x2000'07c0   0x40  Data  Gb  tim.o [1]
huart2                  0x2000'0800   0x40  Data  Gb  usart.o [1]
id_cmp                   0x800'78cd   0x10  Code  Lc  can_utils.o [1]
init_mparams             0x800'01a3   0x32  Code  Lc  dlmalloc.o [2]
init_top                 0x800'01d5   0x36  Code  Lc  dlmalloc.o [2]
isalpha                  0x800'a979   0x14  Code  Gb  isalpha.o [2]
ispi1_write_read         0x800'89fb   0x4e  Code  Gb  imitate_spi.o [1]
ispi1_write_read_byte    0x800'89a9   0x52  Code  Gb  imitate_spi.o [1]
ispi3_write_read         0x800'8aa9   0x4e  Code  Gb  imitate_spi.o [1]
ispi3_write_read_byte    0x800'8a49   0x60  Code  Gb  imitate_spi.o [1]
isspace                  0x800'a211   0x14  Code  Gb  isspace.o [2]
k_n                     0x2000'00c4    0x4  Data  Gb  read_data_simple.o [1]
k_s                     0x2000'00c8    0x4  Data  Gb  read_data_simple.o [1]
kal_ang1                0x2000'0030   0x18  Data  Gb  karman.o [1]
kal_ang2                0x2000'0048   0x18  Data  Gb  karman.o [1]
kal_ang3                0x2000'0060   0x18  Data  Gb  karman.o [1]
kal_ang4                0x2000'0078   0x18  Data  Gb  karman.o [1]
kal_ang5                0x2000'0090   0x18  Data  Gb  karman.o [1]
kal_ang6                0x2000'00a8   0x18  Data  Gb  karman.o [1]
kalman_all               0x800'83ad   0x5a  Code  Gb  karman.o [1]
kx_center               0x2000'0a38    0x4  Data  Gb  calculate.o [1]
ky_center               0x2000'0a3c    0x4  Data  Gb  calculate.o [1]
ldexp                    0x800'28a5         Code  Gb  ldexp.o [3]
ldexpl                   0x800'28a5         Code  Gb  ldexp.o [3]
localeconv               0x800'2225    0x4  Code  Gb  xlocale_c.o [2]
main                     0x800'4079   0x56  Code  Gb  main.o [1]
memchr                   0x800'22f5         Code  Gb  memchr.o [4]
mparams                 0x2000'096c   0x18  Data  Lc  dlmalloc.o [2]
ndigs                    0x800'90c8   0x28  Data  Lc  iar_Stoulx.o [2]
num                     0x2000'0a5c    0x4  Data  Lc  read_data_simple.o [1]
pFlash                  0x2000'0918   0x20  Data  Gb  stm32f4xx_hal_flash.o [1]
partx                   0x2000'09f8    0x8  Data  Gb  calculate.o [1]
party                   0x2000'0a00    0x8  Data  Gb  calculate.o [1]
platform_read            0x800'4f13   0x5a  Code  Lc  read_data_simple.o [1]
platform_write           0x800'4ec5   0x4e  Code  Lc  read_data_simple.o [1]
position                0x2000'09d4    0xc  Data  Gb  calculate.o [1]
pows                     0x800'9760   0x48  Data  Lc  strto64.o [3]
pre_angle               0x2000'0624   0x54  Data  Gb  read_data_simple.o [1]
prepend_alloc            0x800'020b  0x346  Code  Lc  dlmalloc.o [2]
print_buffer            0x2000'0334   0x68  Data  Gb  cmd.o [1]
q0                      0x2000'0000    0x4  Data  Gb  angle.o [1]
q1                      0x2000'0a08    0x4  Data  Gb  angle.o [1]
q2                      0x2000'0a30    0x4  Data  Gb  angle.o [1]
q3                      0x2000'0a34    0x4  Data  Gb  angle.o [1]
rx_buffer               0x2000'0a18    0x8  Data  Lc  can_utils.o [1]
rx_id                   0x2000'0a44    0x4  Data  Lc  can_utils.o [1]
s                       0x2000'0018   0x18  Data  Lc  cmd.o [1]
scalbln                  0x800'28a5         Code  Gb  ldexp.o [3]
scalblnl                 0x800'28a5         Code  Gb  ldexp.o [3]
scalbn                   0x800'28a5         Code  Gb  ldexp.o [3]
scalbnl                  0x800'28a5         Code  Gb  ldexp.o [3]
scale                    0x800'19ab   0x46  Code  Lc  xprintffull.o [2]
sec_hand                0x2000'0a68    0x4  Data  Lc  xfail_s.o [2]
segment_holding          0x800'0189   0x1a  Code  Lc  dlmalloc.o [2]
send_wave                0x800'59b5   0x5c  Code  Gb  cmd.o [1]
simplelib_init           0x800'4e75   0x1e  Code  Gb  simplelib.o [1]
simplelib_run            0x800'4e93   0x24  Code  Gb  simplelib.o [1]
sin                      0x800'9e25    0x4  Code  Gb  cos_sin64.o [3]
sinl                     0x800'9e25    0x4  Code  Gb  cos_sin64.o [3]
sqrt                     0x800'9101         Code  Gb  sqrt.o [3]
sqrtl                    0x800'9101         Code  Gb  sqrt.o [3]
str_cmp                  0x800'5a15   0x14  Code  Lc  cmd.o [1]
strchr                   0x800'2231         Code  Gb  strchr.o [4]
strcmp                   0x800'8e0d         Code  Gb  strcmp.o [4]
strcpy                   0x800'8d11         Code  Gb  strcpy.o [4]
strcspn                  0x800'9e6f   0x22  Code  Gb  strcspn.o [2]
strlen                   0x800'22a5         Code  Gb  strlen.o [4]
strspn                   0x800'9e4d   0x22  Code  Gb  strspn.o [2]
strtok                   0x800'8d5d   0x4c  Code  Gb  strtok.o [2]
sys_alloc                0x800'0749  0x164  Code  Lc  dlmalloc.o [2]
test_flag_value         0x2000'0984   0x14  Data  Gb  cmd_func.o [1]
test_float_value        0x2000'09ac   0x14  Data  Gb  cmd_func.o [1]
test_int_value          0x2000'0998   0x14  Data  Gb  cmd_func.o [1]
time_ms                 0x2000'0a58    0x4  Data  Lc  main.o [1]
tmalloc_large            0x800'08b9  0x386  Code  Lc  dlmalloc.o [2]
tmalloc_small            0x800'0c3f  0x200  Code  Lc  dlmalloc.o [2]
tolower                  0x800'a225   0x14  Code  Gb  tolower.o [2]
uprintf                  0x800'5975   0x40  Code  Gb  cmd.o [1]
usart_DMA_init           0x800'57c5   0x2a  Code  Gb  cmd.o [1]
usart_exc_DMA            0x800'5815   0x2a  Code  Gb  cmd.o [1]
uwTick                  0x2000'0a60    0x4  Data  Gb  stm32f4xx_hal.o [1]
uwTickFreq              0x2000'015a    0x1  Data  Gb  stm32f4xx_hal.o [1]
uwTickPrio              0x2000'00d0    0x4  Data  Gb  stm32f4xx_hal.o [1]
vega                    0x2000'09e0    0xc  Data  Gb  can_func.o [1]
vega_print_pos           0x800'8039   0x2a  Code  Gb  can_func.o [1]
vsnprintf                0x800'8da9   0x3c  Code  Gb  vsnprint.o [2]
w_zero                  0x2000'00cc    0x4  Data  Gb  read_data_simple.o [1]
wheel_x                 0x2000'0870   0x2c  Data  Gb  as5047p.o [1]
wheel_y                 0x2000'089c   0x2c  Data  Gb  as5047p.o [1]
write_prams              0x800'8e71   0x62  Code  Gb  flash.o [1]


[1] = E:\Robocon_Value\NEW_POS_19\EWARM\NEW_POS_19\Obj
[2] = dl7M_tlf.a
[3] = m7M_tls.a
[4] = rt7M_tl.a
[5] = shb_l.a

  44 006 bytes of readonly  code memory
   1 349 bytes of readonly  data memory
   7 791 bytes of readwrite data memory

Errors: none
Warnings: none
