###############################################################################
#
# IAR ELF Linker V8.30.1.114/W32 for ARM                  28/Oct/2019  22:55:37
# Copyright 2007-2018 IAR Systems AB.
#
#    Output file  =  
#        E:\ROBOCON------VALLUE\NEW_POS_19\EWARM\NEW_POS_19\Exe\NEW_POS_19.out
#    Map file     =  
#        E:\ROBOCON------VALLUE\NEW_POS_19\EWARM\NEW_POS_19\List\NEW_POS_19.map
#    Command line =  
#        -f C:\Users\DELL\AppData\Local\Temp\EW9BA9.tmp
#        (E:\ROBOCON------VALLUE\NEW_POS_19\EWARM\NEW_POS_19\Obj\angle.o
#        E:\ROBOCON------VALLUE\NEW_POS_19\EWARM\NEW_POS_19\Obj\as5047p.o
#        E:\ROBOCON------VALLUE\NEW_POS_19\EWARM\NEW_POS_19\Obj\asm330lhh_reg.o
#        E:\ROBOCON------VALLUE\NEW_POS_19\EWARM\NEW_POS_19\Obj\calculate.o
#        E:\ROBOCON------VALLUE\NEW_POS_19\EWARM\NEW_POS_19\Obj\can.o
#        E:\ROBOCON------VALLUE\NEW_POS_19\EWARM\NEW_POS_19\Obj\can_func.o
#        E:\ROBOCON------VALLUE\NEW_POS_19\EWARM\NEW_POS_19\Obj\can_utils.o
#        E:\ROBOCON------VALLUE\NEW_POS_19\EWARM\NEW_POS_19\Obj\cmd.o
#        E:\ROBOCON------VALLUE\NEW_POS_19\EWARM\NEW_POS_19\Obj\cmd_func.o
#        E:\ROBOCON------VALLUE\NEW_POS_19\EWARM\NEW_POS_19\Obj\dma.o
#        E:\ROBOCON------VALLUE\NEW_POS_19\EWARM\NEW_POS_19\Obj\easy_angle.o
#        E:\ROBOCON------VALLUE\NEW_POS_19\EWARM\NEW_POS_19\Obj\encoder.o
#        E:\ROBOCON------VALLUE\NEW_POS_19\EWARM\NEW_POS_19\Obj\flash.o
#        E:\ROBOCON------VALLUE\NEW_POS_19\EWARM\NEW_POS_19\Obj\gpio.o
#        E:\ROBOCON------VALLUE\NEW_POS_19\EWARM\NEW_POS_19\Obj\hash.o
#        E:\ROBOCON------VALLUE\NEW_POS_19\EWARM\NEW_POS_19\Obj\i2c.o
#        E:\ROBOCON------VALLUE\NEW_POS_19\EWARM\NEW_POS_19\Obj\imitate_spi.o
#        E:\ROBOCON------VALLUE\NEW_POS_19\EWARM\NEW_POS_19\Obj\karman.o
#        E:\ROBOCON------VALLUE\NEW_POS_19\EWARM\NEW_POS_19\Obj\main.o
#        E:\ROBOCON------VALLUE\NEW_POS_19\EWARM\NEW_POS_19\Obj\read_data_simple.o
#        E:\ROBOCON------VALLUE\NEW_POS_19\EWARM\NEW_POS_19\Obj\simplelib.o
#        E:\ROBOCON------VALLUE\NEW_POS_19\EWARM\NEW_POS_19\Obj\spi.o
#        E:\ROBOCON------VALLUE\NEW_POS_19\EWARM\NEW_POS_19\Obj\startup_stm32f405xx.o
#        E:\ROBOCON------VALLUE\NEW_POS_19\EWARM\NEW_POS_19\Obj\stm32f4xx_hal.o
#        E:\ROBOCON------VALLUE\NEW_POS_19\EWARM\NEW_POS_19\Obj\stm32f4xx_hal_adc_ex.o
#        E:\ROBOCON------VALLUE\NEW_POS_19\EWARM\NEW_POS_19\Obj\stm32f4xx_hal_can.o
#        E:\ROBOCON------VALLUE\NEW_POS_19\EWARM\NEW_POS_19\Obj\stm32f4xx_hal_cortex.o
#        E:\ROBOCON------VALLUE\NEW_POS_19\EWARM\NEW_POS_19\Obj\stm32f4xx_hal_dma.o
#        E:\ROBOCON------VALLUE\NEW_POS_19\EWARM\NEW_POS_19\Obj\stm32f4xx_hal_dma_ex.o
#        E:\ROBOCON------VALLUE\NEW_POS_19\EWARM\NEW_POS_19\Obj\stm32f4xx_hal_exti.o
#        E:\ROBOCON------VALLUE\NEW_POS_19\EWARM\NEW_POS_19\Obj\stm32f4xx_hal_flash.o
#        E:\ROBOCON------VALLUE\NEW_POS_19\EWARM\NEW_POS_19\Obj\stm32f4xx_hal_flash_ex.o
#        E:\ROBOCON------VALLUE\NEW_POS_19\EWARM\NEW_POS_19\Obj\stm32f4xx_hal_flash_ramfunc.o
#        E:\ROBOCON------VALLUE\NEW_POS_19\EWARM\NEW_POS_19\Obj\stm32f4xx_hal_gpio.o
#        E:\ROBOCON------VALLUE\NEW_POS_19\EWARM\NEW_POS_19\Obj\stm32f4xx_hal_i2c.o
#        E:\ROBOCON------VALLUE\NEW_POS_19\EWARM\NEW_POS_19\Obj\stm32f4xx_hal_i2c_ex.o
#        E:\ROBOCON------VALLUE\NEW_POS_19\EWARM\NEW_POS_19\Obj\stm32f4xx_hal_msp.o
#        E:\ROBOCON------VALLUE\NEW_POS_19\EWARM\NEW_POS_19\Obj\stm32f4xx_hal_pwr.o
#        E:\ROBOCON------VALLUE\NEW_POS_19\EWARM\NEW_POS_19\Obj\stm32f4xx_hal_pwr_ex.o
#        E:\ROBOCON------VALLUE\NEW_POS_19\EWARM\NEW_POS_19\Obj\stm32f4xx_hal_rcc.o
#        E:\ROBOCON------VALLUE\NEW_POS_19\EWARM\NEW_POS_19\Obj\stm32f4xx_hal_rcc_ex.o
#        E:\ROBOCON------VALLUE\NEW_POS_19\EWARM\NEW_POS_19\Obj\stm32f4xx_hal_spi.o
#        E:\ROBOCON------VALLUE\NEW_POS_19\EWARM\NEW_POS_19\Obj\stm32f4xx_hal_tim.o
#        E:\ROBOCON------VALLUE\NEW_POS_19\EWARM\NEW_POS_19\Obj\stm32f4xx_hal_tim_ex.o
#        E:\ROBOCON------VALLUE\NEW_POS_19\EWARM\NEW_POS_19\Obj\stm32f4xx_hal_uart.o
#        E:\ROBOCON------VALLUE\NEW_POS_19\EWARM\NEW_POS_19\Obj\stm32f4xx_it.o
#        E:\ROBOCON------VALLUE\NEW_POS_19\EWARM\NEW_POS_19\Obj\system_stm32f4xx.o
#        E:\ROBOCON------VALLUE\NEW_POS_19\EWARM\NEW_POS_19\Obj\tim.o
#        E:\ROBOCON------VALLUE\NEW_POS_19\EWARM\NEW_POS_19\Obj\usart.o
#        --redirect _Printf=_PrintfFull --redirect _Scanf=_ScanfFull
#        --no_out_extension -o
#        E:\ROBOCON------VALLUE\NEW_POS_19\EWARM\NEW_POS_19\Exe\NEW_POS_19.out
#        --map
#        E:\ROBOCON------VALLUE\NEW_POS_19\EWARM\NEW_POS_19\List\NEW_POS_19.map
#        --config E:\ROBOCON------VALLUE\NEW_POS_19\EWARM/stm32f405xx_flash.icf
#        --semihosting --entry __iar_program_start --vfe --text_out locale)
#
###############################################################################

*******************************************************************************
*** RUNTIME MODEL ATTRIBUTES
***

CppFlavor       = *
__Heap_Handler  = DLMalloc
__SystemLibrary = DLib
__dlib_version  = 6


*******************************************************************************
*** HEAP SELECTION
***

The advanced heap was selected because the application calls memory
allocation functions outside of system library functions, and there
are calls to deallocation functions in the application.


*******************************************************************************
*** PLACEMENT SUMMARY
***

"A0":  place at 0x800'0000 { ro section .intvec };
"P1":  place in [from 0x800'0000 to 0x80f'ffff] { ro };
define block CSTACK with size = 1K, alignment = 8 { };
define block HEAP with size = 4K, alignment = 8 { };
"P2":  place in [from 0x2000'0000 to 0x2001'ffff] {
          rw, block CSTACK, block HEAP };
initialize by copy { rw };

  Section            Kind         Address    Size  Object
  -------            ----         -------    ----  ------
"A0":                                       0x188
  .intvec            ro code   0x800'0000   0x188  startup_stm32f405xx.o [1]
                             - 0x800'0188   0x188

"P1":                                      0xb4b0
  .text              ro code   0x800'0188   0xf80  dlmalloc.o [2]
  .text              ro code   0x800'1108     0x6  abort.o [2]
  .text              ro code   0x800'110e    0x7a  lz77_init_single.o [4]
  .text              ro code   0x800'1188    0x2c  xgetmemchunk.o [2]
  .text              ro code   0x800'11b4    0x14  exit.o [5]
  .text              ro code   0x800'11c8   0xf7a  xprintffull.o [2]
  .text              ro code   0x800'2142    0x3a  zero_init3.o [4]
  .text              ro code   0x800'217c    0xb4  xlocale_c.o [2]
  .text              ro code   0x800'2230    0x16  strchr.o [4]
  .text              ro code   0x800'2246    0x1e  xencoding_8859_1.o [2]
  .text              ro code   0x800'2264    0x40  xfail_s.o [2]
  .text              ro code   0x800'22a4    0x36  strlen.o [4]
  .text              ro code   0x800'22da    0x1a  xsnprout.o [2]
  .text              ro code   0x800'22f4    0x58  memchr.o [4]
  .text              ro code   0x800'234c     0xa  xmbcurmax.o [2]
  .rodata            const     0x800'2356     0x2  as5047p.o [1]
  .text              ro code   0x800'2358    0xa6  ABImemcpy.o [4]
  .rodata            const     0x800'23fe     0x2  as5047p.o [1]
  .text              ro code   0x800'2400   0x230  I64DivMod.o [4]
  .text              ro code   0x800'2630   0x1a2  DblMul.o [3]
  .rodata            const     0x800'27d2     0x2  as5047p.o [1]
  .text              ro code   0x800'27d4    0x70  frexp.o [3]
  .text              ro code   0x800'2844    0x2e  DblCmpLe.o [3]
  .rodata            const     0x800'2872     0x2  as5047p.o [1]
  .text              ro code   0x800'2874    0x2e  DblCmpGe.o [3]
  .text              ro code   0x800'28a4   0x13a  ldexp.o [3]
  .text              ro code   0x800'29e0    0x3a  DblToS32.o [3]
  .text              ro code   0x800'2a1c    0x22  S32ToDbl.o [3]
  .text              ro code   0x800'2a40    0xe2  DblSub.o [3]
  .text              ro code   0x800'2b24   0x246  DblDiv.o [3]
  .text              ro code   0x800'2d6c    0x28  DblToU32.o [3]
  .text              ro code   0x800'2d94    0x1a  U32ToDbl.o [3]
  .text              ro code   0x800'2db0     0x2  I64DivZer.o [4]
  .text              ro code   0x800'2db4   0x17a  DblAdd.o [3]
  .text              ro code   0x800'2f30   0x8ec  stm32f4xx_hal_uart.o [1]
  .text              ro code   0x800'381c   0x148  usart.o [1]
  .text              ro code   0x800'3964   0x550  stm32f4xx_hal_dma.o [1]
  .text              ro code   0x800'3eb4     0x2  stm32f4xx_hal_uart.o [1]
  .text              ro code   0x800'3eb6     0x2  stm32f4xx_hal_uart.o [1]
  .text              ro code   0x800'3eb8     0x2  stm32f4xx_hal_uart.o [1]
  .text              ro code   0x800'3eba     0x2  stm32f4xx_hal_uart.o [1]
  .text              ro code   0x800'3ebc     0x2  stm32f4xx_hal_uart.o [1]
  .text              ro code   0x800'3ec0   0x224  stm32f4xx_hal_rcc.o [1]
  .text              ro code   0x800'40e4   0x396  main.o [1]
  .text              ro code   0x800'447c     0x6  ABImemclr4.o [4]
  .text              ro code   0x800'4484   0x278  stm32f4xx_hal_gpio.o [1]
  .text              ro code   0x800'46fc   0x158  stm32f4xx_hal_cortex.o [1]
  .text              ro code   0x800'4854     0xc  stm32f4xx_hal.o [1]
  .text              ro code   0x800'4860    0x4c  stm32f4xx_hal.o [1]
  .text              ro code   0x800'48ac    0x34  stm32f4xx_hal.o [1]
  .text              ro code   0x800'48e0   0x104  gpio.o [1]
  .text              ro code   0x800'49e4    0x40  dma.o [1]
  .text              ro code   0x800'4a24    0xf0  can.o [1]
  .text              ro code   0x800'4b14    0xf0  i2c.o [1]
  .text              ro code   0x800'4c04    0xf8  spi.o [1]
  .text              ro code   0x800'4cfc   0x3cc  tim.o [1]
  .text              ro code   0x800'50c8    0x54  simplelib.o [1]
  .text              ro code   0x800'511c   0x334  cmd.o [1]
  .text              ro code   0x800'5450   0x57c  read_data_simple.o [1]
  .text              ro code   0x800'59cc   0x4d8  as5047p.o [1]
  .text              ro code   0x800'5ea4    0x48  FltToDbl.o [3]
  .text              ro code   0x800'5eec    0x74  calculate.o [1]
  .text              ro code   0x800'5f60   0x380  stm32f4xx_hal_rcc.o [1]
  .text              ro code   0x800'62e0    0x32  ABImemset48.o [4]
  .text              ro code   0x800'6314    0x40  stm32f4xx_hal_msp.o [1]
  .text              ro code   0x800'6354   0x7dc  stm32f4xx_hal_can.o [1]
  .text              ro code   0x800'6b30   0x1d4  stm32f4xx_hal_i2c.o [1]
  .text              ro code   0x800'6d04   0x784  stm32f4xx_hal_spi.o [1]
  .text              ro code   0x800'7488   0x65e  stm32f4xx_hal_tim.o [1]
  .text              ro code   0x800'7ae8    0x4e  stm32f4xx_hal_tim_ex.o [1]
  .text              ro code   0x800'7b38   0x184  can_utils.o [1]
  .text              ro code   0x800'7cbc   0x5fc  cmd_func.o [1]
  .text              ro code   0x800'82b8    0x20  can_func.o [1]
  .text              ro code   0x800'82d8   0x224  hash.o [1]
  .text              ro code   0x800'84fc    0x66  ABImemset.o [4]
  .text              ro code   0x800'8564    0x4c  strcpy.o [4]
  .text              ro code   0x800'85b0    0x4c  strtok.o [2]
  .text              ro code   0x800'85fc    0x3c  vsnprint.o [2]
  .text              ro code   0x800'8638    0x28  stm32f4xx_hal.o [1]
  .text              ro code   0x800'8660    0x4a  strcmp.o [4]
  .text              ro code   0x800'86ac   0x2ba  asm330lhh_reg.o [1]
  .text              ro code   0x800'8968   0x21c  karman.o [1]
  .text              ro code   0x800'8b84    0x68  DblToFlt.o [3]
  .text              ro code   0x800'8bec   0x4e8  angle.o [1]
  .text              ro code   0x800'90d4    0x42  math_wrappers64.o [3]
  .text              ro code   0x800'9118   0x154  imitate_spi.o [1]
  .text              ro code   0x800'926c     0x2  stm32f4xx_hal_can.o [1]
  .text              ro code   0x800'926e     0x2  stm32f4xx_hal_can.o [1]
  .text              ro code   0x800'9270     0x2  stm32f4xx_hal_can.o [1]
  .text              ro code   0x800'9272     0x2  stm32f4xx_hal_can.o [1]
  .text              ro code   0x800'9274     0x2  stm32f4xx_hal_can.o [1]
  .text              ro code   0x800'9276     0x2  stm32f4xx_hal_can.o [1]
  .text              ro code   0x800'9278     0x2  stm32f4xx_hal_can.o [1]
  .text              ro code   0x800'927a     0x2  stm32f4xx_hal_can.o [1]
  .text              ro code   0x800'927c     0x2  stm32f4xx_hal_can.o [1]
  .text              ro code   0x800'927e     0x2  stm32f4xx_hal_can.o [1]
  .text              ro code   0x800'9280     0x2  stm32f4xx_hal_can.o [1]
  .text              ro code   0x800'9282     0x2  stm32f4xx_hal_tim.o [1]
  .text              ro code   0x800'9284   0x174  iar_Stoulx.o [2]
  .text              ro code   0x800'93f8   0x114  flash.o [1]
  .text              ro code   0x800'950c    0x24  ABIassert.o [5]
  .text              ro code   0x800'9530    0x22  strspn.o [2]
  .text              ro code   0x800'9552    0x22  strcspn.o [2]
  .text              ro code   0x800'9574   0x102  sqrt.o [3]
  .text              ro code   0x800'9678   0x580  strto64.o [3]
  .text              ro code   0x800'9bf8    0xf4  asin64.o [3]
  .text              ro code   0x800'9cec   0x140  atan2_64.o [3]
  .text              ro code   0x800'9e2c   0x44c  cos_sin64.o [3]
  .text              ro code   0x800'a278    0x14  isspace.o [2]
  .text              ro code   0x800'a28c    0x14  tolower.o [2]
  .text              ro code   0x800'a2a0   0x210  stm32f4xx_hal_flash.o [1]
  .text              ro code   0x800'a4b0   0x190  stm32f4xx_hal_flash_ex.o [1]
  .text              ro code   0x800'a640   0x122  iar_Stopfx.o [2]
  .text              ro code   0x800'a764   0x1c4  iar_Stoflt.o [2]
  .text              ro code   0x800'a928   0x21c  iar_Stoxflt.o [2]
  .rodata            const     0x800'ab44    0x3c  cmd_func.o [1]
  .text              ro code   0x800'ab80   0x208  iar_Atan64.o [3]
  .text              ro code   0x800'ad88    0x14  isalpha.o [2]
  .text              ro code   0x800'ad9c    0x20  DblCmpEq.o [3]
  .text              ro code   0x800'adbc    0x78  stm32f4xx_it.o [1]
  .text              ro code   0x800'ae34    0x60  system_stm32f4xx.o [1]
  .rodata            const     0x800'ae94    0x38  cmd_func.o [1]
  .rodata            const     0x800'aecc    0x38  cmd_func.o [1]
  .rodata            const     0x800'af04    0x38  cmd_func.o [1]
  .rodata            const     0x800'af3c    0x30  hash.o [1]
  .text              ro code   0x800'af6c    0x28  data_init.o [4]
  .rodata            const     0x800'af94    0x24  cmd_func.o [1]
  .text              ro code   0x800'afb8    0x22  fpinit_M.o [3]
  .iar.init_table    const     0x800'afdc    0x20  - Linker created -
  .rodata            const     0x800'affc    0x20  cmd_func.o [1]
  .rodata            const     0x800'b01c    0x20  cmd_func.o [1]
  .rodata            const     0x800'b03c    0x20  cmd_func.o [1]
  .rodata            const     0x800'b05c    0x20  hash.o [1]
  .text              ro code   0x800'b07c    0x1e  cmain.o [4]
  .text              ro code   0x800'b09a     0x4  low_level_init.o [2]
  .text              ro code   0x800'b09e     0x4  exit.o [2]
  .text              ro code   0x800'b0a4     0xa  cexit.o [4]
  .rodata            const     0x800'b0b0    0x1c  cmd_func.o [1]
  .rodata            const     0x800'b0cc    0x1c  cmd_func.o [1]
  .rodata            const     0x800'b0e8    0x1c  cmd_func.o [1]
  .rodata            const     0x800'b104    0x1c  cmd_func.o [1]
  .rodata            const     0x800'b120    0x1c  main.o [1]
  .rodata            const     0x800'b13c    0x18  cmd_func.o [1]
  .rodata            const     0x800'b154    0x18  cmd_func.o [1]
  .rodata            const     0x800'b16c    0x18  cmd_func.o [1]
  .rodata            const     0x800'b184    0x18  simplelib.o [1]
  .rodata            const     0x800'b19c    0x14  cmd_func.o [1]
  .rodata            const     0x800'b1b0    0x14  cmd_func.o [1]
  .rodata            const     0x800'b1c4    0x14  cmd_func.o [1]
  .rodata            const     0x800'b1d8    0x14  cmd_func.o [1]
  .rodata            const     0x800'b1ec    0x14  cmd_func.o [1]
  .rodata            const     0x800'b200    0x14  flash.o [1]
  .rodata            const     0x800'b214    0x14  main.o [1]
  .rodata            const     0x800'b228    0x10  cmd.o [1]
  .rodata            const     0x800'b238    0x10  cmd.o [1]
  .rodata            const     0x800'b248    0x10  cmd_func.o [1]
  .rodata            const     0x800'b258    0x10  cmd_func.o [1]
  .rodata            const     0x800'b268    0x10  cmd_func.o [1]
  .rodata            const     0x800'b278    0x10  cmd_func.o [1]
  .rodata            const     0x800'b288    0x10  cmd_func.o [1]
  .rodata            const     0x800'b298    0x10  cmd_func.o [1]
  .rodata            const     0x800'b2a8    0x10  cmd_func.o [1]
  .rodata            const     0x800'b2b8    0x10  main.o [1]
  .rodata            const     0x800'b2c8    0x10  system_stm32f4xx.o [1]
  .text              ro code   0x800'b2d8    0x10  startup_stm32f405xx.o [1]
  .rodata            const     0x800'b2e8     0xc  can_func.o [1]
  .rodata            const     0x800'b2f4     0xc  can_utils.o [1]
  .rodata            const     0x800'b300     0xc  cmd.o [1]
  .rodata            const     0x800'b30c     0xc  cmd_func.o [1]
  .rodata            const     0x800'b318     0xc  cmd_func.o [1]
  .rodata            const     0x800'b324     0xc  cmd_func.o [1]
  .rodata            const     0x800'b330     0xc  cmd_func.o [1]
  .rodata            const     0x800'b33c     0xc  cmd_func.o [1]
  .rodata            const     0x800'b348     0xc  cmd_func.o [1]
  .rodata            const     0x800'b354     0xc  cmd_func.o [1]
  .rodata            const     0x800'b360     0xc  cmd_func.o [1]
  .rodata            const     0x800'b36c     0xc  cmd_func.o [1]
  .rodata            const     0x800'b378     0xc  cmd_func.o [1]
  .rodata            const     0x800'b384     0xc  cmd_func.o [1]
  .rodata            const     0x800'b390     0xc  cmd_func.o [1]
  .rodata            const     0x800'b39c     0xc  cmd_func.o [1]
  .rodata            const     0x800'b3a8     0xc  cmd_func.o [1]
  .rodata            const     0x800'b3b4     0xc  flash.o [1]
  .rodata            const     0x800'b3c0     0xc  hash.o [1]
  .text              ro code   0x800'b3cc     0xc  cstartup_M.o [4]
  .rodata            const     0x800'b3d8     0x8  cmd.o [1]
  .rodata            const     0x800'b3e0     0x8  cmd.o [1]
  .rodata            const     0x800'b3e8     0x8  cmd.o [1]
  .rodata            const     0x800'b3f0     0x8  cmd_func.o [1]
  .rodata            const     0x800'b3f8     0x8  cmd_func.o [1]
  .rodata            const     0x800'b400     0x8  cmd_func.o [1]
  .rodata            const     0x800'b408     0x8  cmd_func.o [1]
  .rodata            const     0x800'b410     0x8  cmd_func.o [1]
  .rodata            const     0x800'b418     0x8  cmd_func.o [1]
  .rodata            const     0x800'b420     0x8  cmd_func.o [1]
  .rodata            const     0x800'b428     0x8  cmd_func.o [1]
  .rodata            const     0x800'b430     0x8  cmd_func.o [1]
  .rodata            const     0x800'b438     0x8  cmd_func.o [1]
  .rodata            const     0x800'b440     0x8  cmd_func.o [1]
  .rodata            const     0x800'b448     0x8  cmd_func.o [1]
  .rodata            const     0x800'b450     0x8  hash.o [1]
  .rodata            const     0x800'b458     0x8  main.o [1]
  .rodata            const     0x800'b460     0x8  stm32f4xx_hal_dma.o [1]
  .rodata            const     0x800'b468     0x8  system_stm32f4xx.o [1]
  .rodata            const     0x800'b470     0x8  tim.o [1]
  .rodata            const     0x800'b478     0x8  tim.o [1]
  .rodata            const     0x800'b480     0x8  tim.o [1]
  .rodata            const     0x800'b488     0x8  tim.o [1]
  .rodata            const     0x800'b490     0x6  xlocale_c.o [2]
  .text              ro code   0x800'b496     0x4  startup_stm32f405xx.o [1]
  .text              ro code   0x800'b49a     0x4  startup_stm32f405xx.o [1]
  .text              ro code   0x800'b49e     0x4  startup_stm32f405xx.o [1]
  .text              ro code   0x800'b4a2     0x4  startup_stm32f405xx.o [1]
  .text              ro code   0x800'b4a6     0x4  startup_stm32f405xx.o [1]
  .text              ro code   0x800'b4aa     0x4  startup_stm32f405xx.o [1]
  .text              ro code   0x800'b4ae     0x4  startup_stm32f405xx.o [1]
  .text              ro code   0x800'b4b2     0x4  startup_stm32f405xx.o [1]
  .text              ro code   0x800'b4b6     0x4  startup_stm32f405xx.o [1]
  .text              ro code   0x800'b4ba     0x4  startup_stm32f405xx.o [1]
  .text              ro code   0x800'b4be     0x4  startup_stm32f405xx.o [1]
  .text              ro code   0x800'b4c2     0x4  startup_stm32f405xx.o [1]
  .text              ro code   0x800'b4c6     0x4  startup_stm32f405xx.o [1]
  .text              ro code   0x800'b4ca     0x4  startup_stm32f405xx.o [1]
  .text              ro code   0x800'b4ce     0x4  startup_stm32f405xx.o [1]
  .text              ro code   0x800'b4d2     0x4  startup_stm32f405xx.o [1]
  .text              ro code   0x800'b4d6     0x4  startup_stm32f405xx.o [1]
  .text              ro code   0x800'b4da     0x4  startup_stm32f405xx.o [1]
  .text              ro code   0x800'b4de     0x4  startup_stm32f405xx.o [1]
  .text              ro code   0x800'b4e2     0x4  startup_stm32f405xx.o [1]
  .text              ro code   0x800'b4e6     0x4  startup_stm32f405xx.o [1]
  .text              ro code   0x800'b4ea     0x4  startup_stm32f405xx.o [1]
  .text              ro code   0x800'b4ee     0x4  startup_stm32f405xx.o [1]
  .text              ro code   0x800'b4f2     0x4  startup_stm32f405xx.o [1]
  .text              ro code   0x800'b4f6     0x4  startup_stm32f405xx.o [1]
  .text              ro code   0x800'b4fa     0x4  startup_stm32f405xx.o [1]
  .text              ro code   0x800'b4fe     0x4  startup_stm32f405xx.o [1]
  .text              ro code   0x800'b502     0x4  startup_stm32f405xx.o [1]
  .text              ro code   0x800'b506     0x4  startup_stm32f405xx.o [1]
  .text              ro code   0x800'b50a     0x4  startup_stm32f405xx.o [1]
  .text              ro code   0x800'b50e     0x4  startup_stm32f405xx.o [1]
  .text              ro code   0x800'b512     0x4  startup_stm32f405xx.o [1]
  .text              ro code   0x800'b516     0x4  startup_stm32f405xx.o [1]
  .text              ro code   0x800'b51a     0x4  startup_stm32f405xx.o [1]
  .text              ro code   0x800'b51e     0x4  startup_stm32f405xx.o [1]
  .text              ro code   0x800'b522     0x4  startup_stm32f405xx.o [1]
  .text              ro code   0x800'b526     0x4  startup_stm32f405xx.o [1]
  .text              ro code   0x800'b52a     0x4  startup_stm32f405xx.o [1]
  .text              ro code   0x800'b52e     0x4  startup_stm32f405xx.o [1]
  .text              ro code   0x800'b532     0x4  startup_stm32f405xx.o [1]
  .text              ro code   0x800'b536     0x4  startup_stm32f405xx.o [1]
  .text              ro code   0x800'b53a     0x4  startup_stm32f405xx.o [1]
  .text              ro code   0x800'b53e     0x4  startup_stm32f405xx.o [1]
  .text              ro code   0x800'b542     0x4  startup_stm32f405xx.o [1]
  .text              ro code   0x800'b546     0x4  startup_stm32f405xx.o [1]
  .text              ro code   0x800'b54a     0x4  startup_stm32f405xx.o [1]
  .text              ro code   0x800'b54e     0x4  startup_stm32f405xx.o [1]
  .text              ro code   0x800'b552     0x4  startup_stm32f405xx.o [1]
  .text              ro code   0x800'b556     0x4  startup_stm32f405xx.o [1]
  .text              ro code   0x800'b55a     0x4  startup_stm32f405xx.o [1]
  .text              ro code   0x800'b55e     0x4  startup_stm32f405xx.o [1]
  .text              ro code   0x800'b562     0x4  startup_stm32f405xx.o [1]
  .text              ro code   0x800'b566     0x4  startup_stm32f405xx.o [1]
  .text              ro code   0x800'b56a     0x4  startup_stm32f405xx.o [1]
  .text              ro code   0x800'b56e     0x4  startup_stm32f405xx.o [1]
  .text              ro code   0x800'b572     0x4  startup_stm32f405xx.o [1]
  .text              ro code   0x800'b576     0x4  startup_stm32f405xx.o [1]
  .text              ro code   0x800'b57a     0x4  startup_stm32f405xx.o [1]
  .text              ro code   0x800'b57e     0x4  startup_stm32f405xx.o [1]
  .text              ro code   0x800'b582     0x4  startup_stm32f405xx.o [1]
  .text              ro code   0x800'b586     0x4  startup_stm32f405xx.o [1]
  .text              ro code   0x800'b58a     0x4  startup_stm32f405xx.o [1]
  .text              ro code   0x800'b58e     0x4  startup_stm32f405xx.o [1]
  .text              ro code   0x800'b592     0x4  startup_stm32f405xx.o [1]
  .text              ro code   0x800'b596     0x4  startup_stm32f405xx.o [1]
  .text              ro code   0x800'b59a     0x4  startup_stm32f405xx.o [1]
  .text              ro code   0x800'b59e     0x4  startup_stm32f405xx.o [1]
  .text              ro code   0x800'b5a2     0x4  startup_stm32f405xx.o [1]
  .text              ro code   0x800'b5a6     0x4  startup_stm32f405xx.o [1]
  .text              ro code   0x800'b5aa     0x4  startup_stm32f405xx.o [1]
  .text              ro code   0x800'b5ae     0x4  startup_stm32f405xx.o [1]
  .text              ro code   0x800'b5b2     0x4  startup_stm32f405xx.o [1]
  .rodata            const     0x800'b5b6     0x0  zero_init3.o [4]
  .rodata            const     0x800'b5b6     0x0  lz77_init_single.o [4]
  Initializer bytes  const     0x800'b5b6    0x82  <for P2-1>
                             - 0x800'b638  0xb4b0

"P2", part 1 of 3:                          0x157
  P2-1                        0x2000'0000   0x157  <Init block>
    .data            inited   0x2000'0000     0x4  angle.o [1]
    .data            inited   0x2000'0004     0x4  angle.o [1]
    .data            inited   0x2000'0008     0x4  angle.o [1]
    .data            inited   0x2000'000c     0x4  as5047p.o [1]
    .data            inited   0x2000'0010     0x4  as5047p.o [1]
    .data            inited   0x2000'0014     0x4  calculate.o [1]
    .data            inited   0x2000'0018     0x4  calculate.o [1]
    .data            inited   0x2000'001c     0x4  cmd.o [1]
    .data            inited   0x2000'0020    0x18  cmd.o [1]
    .data            inited   0x2000'0038    0x18  karman.o [1]
    .data            inited   0x2000'0050    0x18  karman.o [1]
    .data            inited   0x2000'0068    0x18  karman.o [1]
    .data            inited   0x2000'0080    0x18  karman.o [1]
    .data            inited   0x2000'0098    0x18  karman.o [1]
    .data            inited   0x2000'00b0    0x18  karman.o [1]
    .data            inited   0x2000'00c8     0x4  read_data_simple.o [1]
    .data            inited   0x2000'00cc     0x4  stm32f4xx_hal.o [1]
    .data            inited   0x2000'00d0     0x4  system_stm32f4xx.o [1]
    .data            inited   0x2000'00d4    0x38  xlocale_c.o [2]
    .data            inited   0x2000'010c    0x48  xlocale_c.o [2]
    .data            inited   0x2000'0154     0x2  can_func.o [1]
    .data            inited   0x2000'0156     0x1  stm32f4xx_hal.o [1]
                            - 0x2000'0157   0x157

"P2", part 2 of 3:                          0x960
  .bss               zero     0x2000'0158   0x1d8  dlmalloc.o [2]
  .bss               zero     0x2000'0330    0x68  cmd.o [1]
  .bss               zero     0x2000'0398    0x64  cmd.o [1]
  .bss               zero     0x2000'03fc    0x64  cmd.o [1]
  .bss               zero     0x2000'0460    0x60  usart.o [1]
  .bss               zero     0x2000'04c0    0x60  usart.o [1]
  .bss               zero     0x2000'0520    0x58  spi.o [1]
  .bss               zero     0x2000'0578    0x54  i2c.o [1]
  .bss               zero     0x2000'05cc    0x54  read_data_simple.o [1]
  .bss               zero     0x2000'0620    0x54  read_data_simple.o [1]
  .bss               zero     0x2000'0674    0x48  flash.o [1]
  .bss               zero     0x2000'06bc    0x40  cmd.o [1]
  .bss               zero     0x2000'06fc    0x40  tim.o [1]
  .bss               zero     0x2000'073c    0x40  tim.o [1]
  .bss               zero     0x2000'077c    0x40  tim.o [1]
  .bss               zero     0x2000'07bc    0x40  tim.o [1]
  .bss               zero     0x2000'07fc    0x40  usart.o [1]
  .bss               zero     0x2000'083c    0x30  cmd.o [1]
  .bss               zero     0x2000'086c    0x2c  as5047p.o [1]
  .bss               zero     0x2000'0898    0x2c  as5047p.o [1]
  .bss               zero     0x2000'08c4    0x2c  main.o [1]
  .bss               zero     0x2000'08f0    0x28  can.o [1]
  .bss               zero     0x2000'0918    0x28  can_utils.o [1]
  .bss               zero     0x2000'0940    0x20  stm32f4xx_hal_flash.o [1]
  .bss               zero     0x2000'0960    0x1c  can_utils.o [1]
  .bss               zero     0x2000'097c    0x18  can_utils.o [1]
  .bss               zero     0x2000'0994    0x18  karman.o [1]
  .bss               zero     0x2000'09ac    0x18  karman.o [1]
  .bss               zero     0x2000'09c4    0x18  karman.o [1]
  .bss               zero     0x2000'09dc    0x18  karman.o [1]
  .bss               zero     0x2000'09f4    0x18  karman.o [1]
  .bss               zero     0x2000'0a0c    0x18  karman.o [1]
  .bss               zero     0x2000'0a24    0x18  dlmalloc.o [2]
  .bss               zero     0x2000'0a3c     0xc  calculate.o [1]
  .bss               zero     0x2000'0a48     0xc  read_data_simple.o [1]
  .bss               zero     0x2000'0a54     0x4  angle.o [1]
  .bss               zero     0x2000'0a58     0x8  can_utils.o [1]
  .bss               zero     0x2000'0a60     0x8  can_utils.o [1]
  .bss               zero     0x2000'0a68     0x8  can_utils.o [1]
  .bss               zero     0x2000'0a70     0x8  read_data_simple.o [1]
  .bss               zero     0x2000'0a78     0x8  read_data_simple.o [1]
  .bss               zero     0x2000'0a80     0x4  angle.o [1]
  .bss               zero     0x2000'0a84     0x4  angle.o [1]
  .bss               zero     0x2000'0a88     0x4  can_utils.o [1]
  .bss               zero     0x2000'0a8c     0x4  can_utils.o [1]
  .bss               zero     0x2000'0a90     0x4  can_utils.o [1]
  .bss               zero     0x2000'0a94     0x4  can_utils.o [1]
  .bss               zero     0x2000'0a98     0x4  cmd.o [1]
  .bss               zero     0x2000'0a9c     0x4  cmd.o [1]
  .bss               zero     0x2000'0aa0     0x4  cmd.o [1]
  .bss               zero     0x2000'0aa4     0x4  main.o [1]
  .bss               zero     0x2000'0aa8     0x4  stm32f4xx_hal.o [1]
  .bss               zero     0x2000'0aac     0x4  strtok.o [2]
  .bss               zero     0x2000'0ab0     0x4  xfail_s.o [2]
  .bss               zero     0x2000'0ab4     0x4  xgetmemchunk.o [2]
                            - 0x2000'0ab8   0x960

"P2", part 3 of 3:                         0x1400
  CSTACK                      0x2000'0ab8   0x400  <Block>
    CSTACK           uninit   0x2000'0ab8   0x400  <Block tail>
  HEAP                        0x2000'0eb8  0x1000  <Block>
    HEAP             uninit   0x2000'0eb8  0x1000  <Block tail>
                            - 0x2000'1eb8  0x1400

Unused ranges:

         From           To      Size
         ----           --      ----
   0x800'b638   0x80f'ffff  0xf'49c8
  0x2000'0157  0x2000'0157       0x1
  0x2000'1eb8  0x2001'ffff  0x1'e148


*******************************************************************************
*** INIT TABLE
***

          Address      Size
          -------      ----
Zero (__iar_zero_init3)
    1 destination range, total size 0x960:
          0x2000'0158  0x960

Copy/lz77 (__iar_lz77_init_single3)
    1 source range, total size 0x82 (37% of destination):
           0x800'b5b6   0x82
    1 destination range, total size 0x157:
          0x2000'0000  0x157



*******************************************************************************
*** MODULE SUMMARY
***

    Module                    ro code  ro data  rw data
    ------                    -------  -------  -------
command line/config:
    ---------------------------------------------------
    Total:

E:\ROBOCON------VALLUE\NEW_POS_19\EWARM\NEW_POS_19\Obj: [1]
    angle.o                     1 256        4       24
    as5047p.o                   1 240       11       96
    asm330lhh_reg.o               698
    calculate.o                   116        3       20
    can.o                         240                40
    can_func.o                     32       13        2
    can_utils.o                   388       12      132
    cmd.o                         820       79      456
    cmd_func.o                  1 532    1 020
    dma.o                          64
    flash.o                       276       32       72
    gpio.o                        260
    hash.o                        548      100
    i2c.o                         240                84
    imitate_spi.o                 340
    karman.o                      540       54      288
    main.o                        918       72       48
    read_data_simple.o          1 404        2      200
    simplelib.o                    84       24
    spi.o                         248                88
    startup_stm32f405xx.o         696
    stm32f4xx_hal.o               180        2        9
    stm32f4xx_hal_can.o         2 034
    stm32f4xx_hal_cortex.o        344
    stm32f4xx_hal_dma.o         1 360        8
    stm32f4xx_hal_flash.o         528                32
    stm32f4xx_hal_flash_ex.o      400
    stm32f4xx_hal_gpio.o          632
    stm32f4xx_hal_i2c.o           468
    stm32f4xx_hal_msp.o            64
    stm32f4xx_hal_rcc.o         1 444
    stm32f4xx_hal_spi.o         1 924
    stm32f4xx_hal_tim.o         1 632
    stm32f4xx_hal_tim_ex.o         78
    stm32f4xx_hal_uart.o        2 294
    stm32f4xx_it.o                120
    system_stm32f4xx.o             96       26        4
    tim.o                         972       32      256
    usart.o                       328               256
    ---------------------------------------------------
    Total:                     26 838    1 494    2 107

dl7M_tlf.a: [2]
    abort.o                         6
    dlmalloc.o                  3 968               496
    exit.o                          4
    iar_Stoflt.o                  452
    iar_Stopfx.o                  290
    iar_Stoulx.o                  372
    iar_Stoxflt.o                 540
    isalpha.o                      20
    isspace.o                      20
    low_level_init.o                4
    strcspn.o                      34
    strspn.o                       34
    strtok.o                       76                 4
    tolower.o                      20
    vsnprint.o                     60
    xencoding_8859_1.o             30
    xfail_s.o                      64                 4
    xgetmemchunk.o                 44                 4
    xlocale_c.o                   180       54      128
    xmbcurmax.o                    10
    xprintffull.o               3 962
    xsnprout.o                     26
    ---------------------------------------------------
    Total:                     10 216       54      636

m7M_tls.a: [3]
    DblAdd.o                      378
    DblCmpEq.o                     32
    DblCmpGe.o                     46
    DblCmpLe.o                     46
    DblDiv.o                      582
    DblMul.o                      418
    DblSub.o                      226
    DblToFlt.o                    104
    DblToS32.o                     58
    DblToU32.o                     40
    FltToDbl.o                     72
    S32ToDbl.o                     34
    U32ToDbl.o                     26
    asin64.o                      244
    atan2_64.o                    320
    cos_sin64.o                 1 100
    fpinit_M.o                     34
    frexp.o                       112
    iar_Atan64.o                  520
    ldexp.o                       314
    math_wrappers64.o              66
    sqrt.o                        258
    strto64.o                   1 408
    ---------------------------------------------------
    Total:                      6 438

rt7M_tl.a: [4]
    ABImemclr4.o                    6
    ABImemcpy.o                   166
    ABImemset.o                   102
    ABImemset48.o                  50
    I64DivMod.o                   560
    I64DivZer.o                     2
    cexit.o                        10
    cmain.o                        30
    cstartup_M.o                   12
    data_init.o                    40
    lz77_init_single.o            122
    memchr.o                       88
    strchr.o                       22
    strcmp.o                       74
    strcpy.o                       76
    strlen.o                       54
    zero_init3.o                   58
    ---------------------------------------------------
    Total:                      1 472

shb_l.a: [5]
    ABIassert.o                    36
    exit.o                         20
    ---------------------------------------------------
    Total:                         56

    Gaps                           44        4
    Linker created                          32    5 120
-------------------------------------------------------
    Grand Total:               45 064    1 584    7 863


*******************************************************************************
*** ENTRY LIST
***

Entry                       Address   Size  Type      Object
-----                       -------   ----  ----      ------
.iar.init_table$$Base    0x800'afdc          --   Gb  - Linker created -
.iar.init_table$$Limit   0x800'affc          --   Gb  - Linker created -
?main                    0x800'b07d         Code  Gb  cmain.o [4]
AHBPrescTable            0x800'b2c8   0x10  Data  Gb  system_stm32f4xx.o [1]
APBPrescTable            0x800'b468    0x8  Data  Gb  system_stm32f4xx.o [1]
BusFault_Handler         0x800'adc3    0x2  Code  Gb  stm32f4xx_it.o [1]
CAN1_RX0_IRQHandler      0x800'ade9    0xa  Code  Gb  stm32f4xx_it.o [1]
CAN1_RX1_IRQHandler      0x800'adf3    0xa  Code  Gb  stm32f4xx_it.o [1]
CAN1_SCE_IRQHandler      0x800'adfd    0xa  Code  Gb  stm32f4xx_it.o [1]
CANSEND_ID              0x2000'0154    0x2  Data  Gb  can_func.o [1]
CAN_config               0x800'7bf9   0x82  Code  Lc  can_utils.o [1]
CMD_USART               0x2000'06bc   0x40  Data  Gb  cmd.o [1]
CSTACK$$Base            0x2000'0ab8          --   Gb  - Linker created -
CSTACK$$Limit           0x2000'0eb8          --   Gb  - Linker created -
CacheMore                0x800'21bd   0x24  Code  Lc  xlocale_c.o [2]
DMA1_Stream5_IRQHandler
                         0x800'add5    0xa  Code  Gb  stm32f4xx_it.o [1]
DMA1_Stream6_IRQHandler
                         0x800'addf    0xa  Code  Gb  stm32f4xx_it.o [1]
DMAUSART_RX_BUF         0x2000'03fc   0x64  Data  Gb  cmd.o [1]
DMA_CalcBaseAndBitshift
                         0x800'3dd9   0x30  Code  Lc  stm32f4xx_hal_dma.o [1]
DMA_CalcBaseAndBitshift::flagBitshiftOffset
                         0x800'b460    0x8  Data  Lc  stm32f4xx_hal_dma.o [1]
DMA_CheckFifoParam       0x800'3e19   0x9c  Code  Lc  stm32f4xx_hal_dma.o [1]
DMA_RxOK_Flag           0x2000'0a9c    0x4  Data  Gb  cmd.o [1]
DMA_SetConfig            0x800'3dab   0x2e  Code  Lc  stm32f4xx_hal_dma.o [1]
DMAaRxBuffer            0x2000'0398   0x64  Data  Gb  cmd.o [1]
DebugMon_Handler         0x800'adc9    0x2  Code  Gb  stm32f4xx_it.o [1]
Delay                    0x800'5069   0x20  Code  Gb  tim.o [1]
Dtentox                  0x800'981d  0x192  Code  Lc  strto64.o [3]
Error_Handler            0x800'4479    0x2  Code  Gb  main.o [1]
FLASH_Erase_Sector       0x800'a581   0x60  Code  Gb  stm32f4xx_hal_flash_ex.o [1]
FLASH_FlushCaches        0x800'a5e1   0x50  Code  Gb  stm32f4xx_hal_flash_ex.o [1]
FLASH_MassErase          0x800'a559   0x28  Code  Lc  stm32f4xx_hal_flash_ex.o [1]
FLASH_Program_Byte       0x800'a415   0x1a  Code  Lc  stm32f4xx_hal_flash.o [1]
FLASH_Program_DoubleWord
                         0x800'a3b3   0x26  Code  Lc  stm32f4xx_hal_flash.o [1]
FLASH_Program_HalfWord   0x800'a3f7   0x1e  Code  Lc  stm32f4xx_hal_flash.o [1]
FLASH_Program_Word       0x800'a3d9   0x1e  Code  Lc  stm32f4xx_hal_flash.o [1]
FLASH_SetErrorCode       0x800'a42f   0x68  Code  Lc  stm32f4xx_hal_flash.o [1]
FLASH_WaitForLastOperation
                         0x800'a363   0x50  Code  Gb  stm32f4xx_hal_flash.o [1]
Get_Basic_x              0x800'5ac9  0x118  Code  Gb  as5047p.o [1]
Get_Basic_y              0x800'5be1  0x118  Code  Gb  as5047p.o [1]
Get_Wheel_x              0x800'5cf9   0xb2  Code  Gb  as5047p.o [1]
Get_Wheel_y              0x800'5dbd   0xb2  Code  Gb  as5047p.o [1]
Get_Yaw_angle            0x800'5769  0x20e  Code  Gb  read_data_simple.o [1]
HAL_CAN_ActivateNotification
                         0x800'68d9   0x34  Code  Gb  stm32f4xx_hal_can.o [1]
HAL_CAN_AddTxMessage     0x800'6649  0x138  Code  Gb  stm32f4xx_hal_can.o [1]
HAL_CAN_ConfigFilter     0x800'64c1  0x128  Code  Gb  stm32f4xx_hal_can.o [1]
HAL_CAN_GetRxMessage     0x800'6781  0x158  Code  Gb  stm32f4xx_hal_can.o [1]
HAL_CAN_IRQHandler       0x800'690d  0x224  Code  Gb  stm32f4xx_hal_can.o [1]
HAL_CAN_Init             0x800'6355  0x16c  Code  Gb  stm32f4xx_hal_can.o [1]
HAL_CAN_MspInit          0x800'4a67   0x98  Code  Gb  can.o [1]
HAL_CAN_RxFifo0FullCallback
                         0x800'7bf7    0x2  Code  Gb  can_utils.o [1]
HAL_CAN_RxFifo0MsgPendingCallback
                         0x800'7ba5   0x2c  Code  Gb  can_utils.o [1]
HAL_CAN_Start            0x800'65e9   0x5c  Code  Gb  stm32f4xx_hal_can.o [1]
HAL_DMA_Abort            0x800'3adf   0x9c  Code  Gb  stm32f4xx_hal_dma.o [1]
HAL_DMA_Abort_IT         0x800'3b7b   0x28  Code  Gb  stm32f4xx_hal_dma.o [1]
HAL_DMA_IRQHandler       0x800'3ba3  0x208  Code  Gb  stm32f4xx_hal_dma.o [1]
HAL_DMA_Init             0x800'3965   0xe2  Code  Gb  stm32f4xx_hal_dma.o [1]
HAL_DMA_Start_IT         0x800'3a47   0x98  Code  Gb  stm32f4xx_hal_dma.o [1]
HAL_Delay                0x800'8639   0x28  Code  Wk  stm32f4xx_hal.o [1]
HAL_FLASHEx_Erase        0x800'a4b1   0xa8  Code  Gb  stm32f4xx_hal_flash_ex.o [1]
HAL_FLASH_Lock           0x800'a355    0xe  Code  Gb  stm32f4xx_hal_flash.o [1]
HAL_FLASH_Program        0x800'a2a1   0x92  Code  Gb  stm32f4xx_hal_flash.o [1]
HAL_FLASH_Unlock         0x800'a333   0x22  Code  Gb  stm32f4xx_hal_flash.o [1]
HAL_GPIO_Init            0x800'4485  0x210  Code  Gb  stm32f4xx_hal_gpio.o [1]
HAL_GPIO_ReadPin         0x800'4695   0x16  Code  Gb  stm32f4xx_hal_gpio.o [1]
HAL_GPIO_WritePin        0x800'46ab   0x1a  Code  Gb  stm32f4xx_hal_gpio.o [1]
HAL_GetTick              0x800'4855    0xc  Code  Wk  stm32f4xx_hal.o [1]
HAL_I2C_Init             0x800'6b31  0x1ba  Code  Gb  stm32f4xx_hal_i2c.o [1]
HAL_I2C_MspInit          0x800'4b4d   0x9c  Code  Gb  i2c.o [1]
HAL_IncTick              0x800'43bb   0x7a  Code  Gb  main.o [1]
HAL_Init                 0x800'48ad   0x30  Code  Gb  stm32f4xx_hal.o [1]
HAL_InitTick             0x800'4861   0x4c  Code  Wk  stm32f4xx_hal.o [1]
HAL_MspInit              0x800'6315   0x40  Code  Gb  stm32f4xx_hal_msp.o [1]
HAL_NVIC_EnableIRQ       0x800'481b    0xe  Code  Gb  stm32f4xx_hal_cortex.o [1]
HAL_NVIC_SetPriority     0x800'47f1   0x2a  Code  Gb  stm32f4xx_hal_cortex.o [1]
HAL_NVIC_SetPriorityGrouping
                         0x800'47e5    0xc  Code  Gb  stm32f4xx_hal_cortex.o [1]
HAL_RCC_ClockConfig      0x800'3ec1  0x13e  Code  Gb  stm32f4xx_hal_rcc.o [1]
HAL_RCC_GetHCLKFreq      0x800'3fff    0x6  Code  Gb  stm32f4xx_hal_rcc.o [1]
HAL_RCC_GetPCLK1Freq     0x800'4005   0x16  Code  Gb  stm32f4xx_hal_rcc.o [1]
HAL_RCC_GetPCLK2Freq     0x800'401b   0x16  Code  Gb  stm32f4xx_hal_rcc.o [1]
HAL_RCC_OscConfig        0x800'5f61  0x380  Code  Wk  stm32f4xx_hal_rcc.o [1]
HAL_SPI_Init             0x800'6d05   0x8e  Code  Gb  stm32f4xx_hal_spi.o [1]
HAL_SPI_MspInit          0x800'4c4b   0x9a  Code  Gb  spi.o [1]
HAL_SPI_Receive          0x800'6f3d  0x170  Code  Gb  stm32f4xx_hal_spi.o [1]
HAL_SPI_Transmit         0x800'6d93  0x1aa  Code  Gb  stm32f4xx_hal_spi.o [1]
HAL_SPI_TransmitReceive
                         0x800'70ad  0x23c  Code  Gb  stm32f4xx_hal_spi.o [1]
HAL_SYSTICK_Config       0x800'4829    0xc  Code  Gb  stm32f4xx_hal_cortex.o [1]
HAL_TIMEx_MasterConfigSynchronization
                         0x800'7ae9   0x4e  Code  Gb  stm32f4xx_hal_tim_ex.o [1]
HAL_TIM_Base_Init        0x800'7489   0x38  Code  Gb  stm32f4xx_hal_tim.o [1]
HAL_TIM_Base_MspInit     0x800'4fd3   0x48  Code  Gb  tim.o [1]
HAL_TIM_Base_Start       0x800'74c1   0x2a  Code  Gb  stm32f4xx_hal_tim.o [1]
HAL_TIM_Base_Stop        0x800'74eb   0x36  Code  Gb  stm32f4xx_hal_tim.o [1]
HAL_TIM_ConfigClockSource
                         0x800'7711   0xec  Code  Gb  stm32f4xx_hal_tim.o [1]
HAL_TIM_Encoder_Init     0x800'7559   0xa8  Code  Gb  stm32f4xx_hal_tim.o [1]
HAL_TIM_Encoder_MspInit
                         0x800'4f17   0xbc  Code  Gb  tim.o [1]
HAL_TIM_MspPostInit      0x800'501b   0x4e  Code  Gb  tim.o [1]
HAL_TIM_PWM_ConfigChannel
                         0x800'7601  0x100  Code  Gb  stm32f4xx_hal_tim.o [1]
HAL_TIM_PWM_Init         0x800'7521   0x38  Code  Gb  stm32f4xx_hal_tim.o [1]
HAL_UART_DMAStop         0x800'30f3   0x72  Code  Gb  stm32f4xx_hal_uart.o [1]
HAL_UART_IDLECallback    0x800'51a7   0x88  Code  Gb  cmd.o [1]
HAL_UART_IRQHandler      0x800'3165  0x14a  Code  Gb  stm32f4xx_hal_uart.o [1]
HAL_UART_Init            0x800'2f31   0x76  Code  Gb  stm32f4xx_hal_uart.o [1]
HAL_UART_MspInit         0x800'3851   0xf0  Code  Gb  usart.o [1]
HAL_UART_Receive_DMA     0x800'303d   0xb6  Code  Gb  stm32f4xx_hal_uart.o [1]
HAL_UART_Transmit_DMA    0x800'2fa7   0x96  Code  Gb  stm32f4xx_hal_uart.o [1]
HCAN                    0x2000'0918   0x28  Data  Gb  can_utils.o [1]
HEAP$$Base              0x2000'0eb8          --   Gb  - Linker created -
HEAP$$Limit             0x2000'1eb8          --   Gb  - Linker created -
HardFault_Handler        0x800'adbf    0x2  Code  Gb  stm32f4xx_it.o [1]
HashTable_create         0x800'8313   0x5a  Code  Gb  hash.o [1]
HashTable_get            0x800'8407   0x60  Code  Gb  hash.o [1]
HashTable_insert         0x800'836d   0x9a  Code  Gb  hash.o [1]
HashTable_map            0x800'8467   0x74  Code  Gb  hash.o [1]
IMU_I                   0x2000'0008    0x4  Data  Gb  angle.o [1]
IMU_P                   0x2000'0004    0x4  Data  Gb  angle.o [1]
IMU_Update               0x800'8bed  0x4e8  Code  Gb  angle.o [1]
KalMan                   0x800'8969   0x5a  Code  Gb  karman.o [1]
LoadInt                  0x800'138b   0x7a  Code  Lc  xprintffull.o [2]
MX_CAN1_Init             0x800'4a25   0x42  Code  Gb  can.o [1]
MX_DMA_Init              0x800'49e5   0x40  Code  Gb  dma.o [1]
MX_GPIO_Init             0x800'48e1  0x104  Code  Gb  gpio.o [1]
MX_I2C3_Init             0x800'4b15   0x38  Code  Gb  i2c.o [1]
MX_SPI2_Init             0x800'4c05   0x46  Code  Gb  spi.o [1]
MX_TIM2_Init             0x800'4cfd   0x86  Code  Gb  tim.o [1]
MX_TIM3_Init             0x800'4d83   0xc8  Code  Gb  tim.o [1]
MX_TIM4_Init             0x800'4e4b   0x80  Code  Gb  tim.o [1]
MX_TIM6_Init             0x800'4ecb   0x4c  Code  Gb  tim.o [1]
MX_USART2_UART_Init      0x800'381d   0x34  Code  Gb  usart.o [1]
MemManage_Handler        0x800'adc1    0x2  Code  Gb  stm32f4xx_it.o [1]
NMI_Handler              0x800'adbd    0x2  Code  Gb  stm32f4xx_it.o [1]
NVIC_EncodePriority      0x800'4775   0x40  Code  Lc  stm32f4xx_hal_cortex.o [1]
PendSV_Handler           0x800'adcb    0x2  Code  Gb  stm32f4xx_it.o [1]
Region$$Table$$Base      0x800'afdc          --   Gb  - Linker created -
Region$$Table$$Limit     0x800'affc          --   Gb  - Linker created -
RxHeader                0x2000'0960   0x1c  Data  Gb  can_utils.o [1]
SPI_EndRxTransaction     0x800'7389   0x9a  Code  Lc  stm32f4xx_hal_spi.o [1]
SPI_EndRxTxTransaction   0x800'7423   0x5e  Code  Lc  stm32f4xx_hal_spi.o [1]
SPI_WaitFlagStateUntilTimeout
                         0x800'72e9   0xa0  Code  Lc  stm32f4xx_hal_spi.o [1]
STMFLASH_GetFlashSector
                         0x800'945f   0x74  Code  Gb  flash.o [1]
SVC_Handler              0x800'adc7    0x2  Code  Gb  stm32f4xx_it.o [1]
Slide                    0x800'89c5  0x18a  Code  Gb  karman.o [1]
SysTick_Config           0x800'47b5   0x30  Code  Lc  stm32f4xx_hal_cortex.o [1]
SysTick_Handler          0x800'adcd    0x8  Code  Gb  stm32f4xx_it.o [1]
SystemClock_Config       0x800'4319   0xa2  Code  Gb  main.o [1]
SystemCoreClock         0x2000'00d0    0x4  Data  Gb  system_stm32f4xx.o [1]
SystemInit               0x800'ae35   0x40  Code  Gb  system_stm32f4xx.o [1]
TIM_Base_SetConfig       0x800'77fd   0xc0  Code  Gb  stm32f4xx_hal_tim.o [1]
TIM_ETR_SetConfig        0x800'7acf   0x18  Code  Gb  stm32f4xx_hal_tim.o [1]
TIM_ITRx_SetConfig       0x800'7abf   0x10  Code  Lc  stm32f4xx_hal_tim.o [1]
TIM_OC1_SetConfig        0x800'78bd   0x64  Code  Lc  stm32f4xx_hal_tim.o [1]
TIM_OC2_SetConfig        0x800'7921   0x6e  Code  Gb  stm32f4xx_hal_tim.o [1]
TIM_OC3_SetConfig        0x800'798f   0x6c  Code  Lc  stm32f4xx_hal_tim.o [1]
TIM_OC4_SetConfig        0x800'79fb   0x4c  Code  Lc  stm32f4xx_hal_tim.o [1]
TIM_TI1_ConfigInputStage
                         0x800'7a75   0x24  Code  Lc  stm32f4xx_hal_tim.o [1]
TIM_TI2_ConfigInputStage
                         0x800'7a99   0x26  Code  Lc  stm32f4xx_hal_tim.o [1]
TxHeader                0x2000'097c   0x18  Data  Gb  can_utils.o [1]
TxMailbox               0x2000'0a8c    0x4  Data  Gb  can_utils.o [1]
UART_DMAAbortOnError     0x800'33d9   0x16  Code  Lc  stm32f4xx_hal_uart.o [1]
UART_DMAError            0x800'3349   0x58  Code  Lc  stm32f4xx_hal_uart.o [1]
UART_DMAReceiveCplt      0x800'32f5   0x44  Code  Lc  stm32f4xx_hal_uart.o [1]
UART_DMARxHalfCplt       0x800'3339    0xe  Code  Lc  stm32f4xx_hal_uart.o [1]
UART_DMATransmitCplt     0x800'32b1   0x34  Code  Lc  stm32f4xx_hal_uart.o [1]
UART_DMATxHalfCplt       0x800'32e5    0xe  Code  Lc  stm32f4xx_hal_uart.o [1]
UART_EndRxTransfer       0x800'33b5   0x20  Code  Lc  stm32f4xx_hal_uart.o [1]
UART_EndTransmit_IT      0x800'345f   0x20  Code  Lc  stm32f4xx_hal_uart.o [1]
UART_EndTxTransfer       0x800'33a1   0x14  Code  Lc  stm32f4xx_hal_uart.o [1]
UART_Receive_IT          0x800'347f   0xae  Code  Lc  stm32f4xx_hal_uart.o [1]
UART_SetConfig           0x800'352d  0x2e2  Code  Lc  stm32f4xx_hal_uart.o [1]
UART_Transmit_IT         0x800'33f1   0x6e  Code  Lc  stm32f4xx_hal_uart.o [1]
USART2_IRQHandler        0x800'ae07   0x1a  Code  Gb  stm32f4xx_it.o [1]
UsageFault_Handler       0x800'adc5    0x2  Code  Gb  stm32f4xx_it.o [1]
_Encoding_8859_1_Mbrlen
                         0x800'2259    0x2  Code  Gb  xencoding_8859_1.o [2]
_Encoding_8859_1_Wctomb
                         0x800'2247   0x12  Code  Gb  xencoding_8859_1.o [2]
_GenldFull               0x800'1e1d  0x274  Code  Lc  xprintffull.o [2]
_LdtobFull               0x800'19f1  0x400  Code  Lc  xprintffull.o [2]
_LitobFull               0x800'1899  0x112  Code  Lc  xprintffull.o [2]
_LocaleC_isalpha         0x800'2183    0xc  Code  Gb  xlocale_c.o [2]
_LocaleC_islower         0x800'217d    0x4  Code  Gb  xlocale_c.o [2]
_LocaleC_isspace         0x800'2199   0x14  Code  Gb  xlocale_c.o [2]
_LocaleC_isupper         0x800'2181    0x2  Code  Gb  xlocale_c.o [2]
_LocaleC_tolower         0x800'21ad    0xc  Code  Gb  xlocale_c.o [2]
_Locale_lconv           0x2000'00d4   0x38  Data  Lc  xlocale_c.o [2]
_PrintfFull              0x800'11c9  0x1aa  Code  Gb  xprintffull.o [2]
_PutcharsFull            0x800'2091   0x2e  Code  Lc  xprintffull.o [2]
_PutfldFull              0x800'1405  0x2d8  Code  Lc  xprintffull.o [2]
_PutstrFull              0x800'17d3   0xc6  Code  Lc  xprintffull.o [2]
_PuttxtFull              0x800'16dd   0xf6  Code  Lc  xprintffull.o [2]
_SNProut                 0x800'22db   0x1a  Code  Gb  xsnprout.o [2]
_Strtok_ssave           0x2000'0aac    0x4  Data  Lc  strtok.o [2]
__NVIC_EnableIRQ         0x800'472b   0x1e  Code  Lc  stm32f4xx_hal_cortex.o [1]
__NVIC_GetPriorityGrouping
                         0x800'471f    0xc  Code  Lc  stm32f4xx_hal_cortex.o [1]
__NVIC_SetPriority       0x800'4749   0x2c  Code  Lc  stm32f4xx_hal_cortex.o [1]
__NVIC_SetPriorityGrouping
                         0x800'46fd   0x22  Code  Lc  stm32f4xx_hal_cortex.o [1]
__NVIC_SystemReset       0x800'7cbd   0x1e  Code  Lc  cmd_func.o [1]
__aeabi_assert           0x800'950d   0x24  Code  Gb  ABIassert.o [5]
__aeabi_cdcmpeq          0x800'ad9d         Code  Gb  DblCmpEq.o [3]
__aeabi_cdcmple          0x800'2845         Code  Gb  DblCmpLe.o [3]
__aeabi_cdrcmple         0x800'2875         Code  Gb  DblCmpGe.o [3]
__aeabi_d2f              0x800'8b85         Code  Gb  DblToFlt.o [3]
__aeabi_d2iz             0x800'29e1         Code  Gb  DblToS32.o [3]
__aeabi_d2uiz            0x800'2d6d         Code  Gb  DblToU32.o [3]
__aeabi_dadd             0x800'2db5         Code  Gb  DblAdd.o [3]
__aeabi_ddiv             0x800'2b25         Code  Gb  DblDiv.o [3]
__aeabi_dmul             0x800'2631         Code  Gb  DblMul.o [3]
__aeabi_dsub             0x800'2a41         Code  Gb  DblSub.o [3]
__aeabi_f2d              0x800'5ea5         Code  Gb  FltToDbl.o [3]
__aeabi_i2d              0x800'2a1d         Code  Gb  S32ToDbl.o [3]
__aeabi_ldiv0            0x800'2db1         Code  Gb  I64DivZer.o [4]
__aeabi_memclr4          0x800'447d         Code  Gb  ABImemclr4.o [4]
__aeabi_memcpy           0x800'2359         Code  Gb  ABImemcpy.o [4]
__aeabi_memcpy4          0x800'2379         Code  Gb  ABImemcpy.o [4]
__aeabi_memcpy8          0x800'2379         Code  Gb  ABImemcpy.o [4]
__aeabi_memset           0x800'84fd         Code  Gb  ABImemset.o [4]
__aeabi_ui2d             0x800'2d95         Code  Gb  U32ToDbl.o [3]
__aeabi_uldivmod         0x800'2401         Code  Gb  I64DivMod.o [4]
__cmain                  0x800'b07d         Code  Gb  cmain.o [4]
__data_GetMemChunk       0x800'1189   0x2c  Code  Gb  xgetmemchunk.o [2]
__data_GetMemChunk::start
                        0x2000'0ab4    0x4  Data  Lc  xgetmemchunk.o [2]
__exit                   0x800'11b5   0x14  Code  Gb  exit.o [5]
__iar_Atan64             0x800'ab81  0x170  Code  Gb  iar_Atan64.o [3]
__iar_Fail_s             0x800'2265   0x1c  Code  Gb  xfail_s.o [2]
__iar_Mbcurmax           0x800'234d    0xa  Code  Gb  xmbcurmax.o [2]
__iar_Memchr             0x800'22f5         Code  Gb  memchr.o [4]
__iar_Memset             0x800'84fd         Code  Gb  ABImemset.o [4]
__iar_Memset4_word       0x800'62e1         Code  Gb  ABImemset48.o [4]
__iar_Memset8_word       0x800'62e1         Code  Gb  ABImemset48.o [4]
__iar_Memset_word        0x800'8505         Code  Gb  ABImemset.o [4]
__iar_Sin64              0x800'9e2d  0x3b2  Code  Lc  cos_sin64.o [3]
__iar_Sto64              0x800'99c1  0x19e  Code  Gb  strto64.o [3]
__iar_Stoflt             0x800'a765  0x1c4  Code  Gb  iar_Stoflt.o [2]
__iar_Stopfx             0x800'a641  0x122  Code  Gb  iar_Stopfx.o [2]
__iar_Stoulx             0x800'9285  0x112  Code  Gb  iar_Stoulx.o [2]
__iar_Stoxflt            0x800'a929  0x1e6  Code  Gb  iar_Stoxflt.o [2]
__iar_Stoxflt::digits    0x800'ab14   0x18  Data  Lc  iar_Stoxflt.o [2]
__iar_Stoxflt::vals      0x800'ab2c   0x18  Data  Lc  iar_Stoxflt.o [2]
__iar_Strchr             0x800'2231         Code  Gb  strchr.o [4]
__iar_asin64             0x800'9bf9   0xf4  Code  Gb  asin64.o [3]
__iar_atan2_64           0x800'9ced  0x140  Code  Gb  atan2_64.o [3]
__iar_cos64              0x800'a271    0x4  Code  Gb  cos_sin64.o [3]
__iar_cos_medium         0x800'a271    0x4  Code  Gb  cos_sin64.o [3]
__iar_cos_medium64       0x800'a271    0x4  Code  Gb  cos_sin64.o [3]
__iar_cos_mediuml        0x800'a271    0x4  Code  Gb  cos_sin64.o [3]
__iar_dadd               0x800'2a51         Code  Gb  DblSub.o [3]
__iar_data_init3         0x800'af6d   0x28  Code  Gb  data_init.o [4]
__iar_dlmalloc           0x800'0e4d  0x2b6  Code  Gb  dlmalloc.o [2]
__iar_dsub               0x800'2dc5         Code  Gb  DblAdd.o [3]
__iar_dsubStart          0x800'2dd7         Code  Gb  DblAdd.o [3]
__iar_frexp              0x800'27e1         Code  Gb  frexp.o [3]
__iar_frexpl             0x800'27e1         Code  Gb  frexp.o [3]
__iar_globLocale        0x2000'010c   0x48  Data  Lc  xlocale_c.o [2]
__iar_global_Locale      0x800'21b9    0x4  Code  Gb  xlocale_c.o [2]
__iar_init_vfp           0x800'afb9         Code  Gb  fpinit_M.o [3]
__iar_ldexp64            0x800'28a5         Code  Gb  ldexp.o [3]
__iar_lz77_init_single3
                         0x800'110f   0x7a  Code  Gb  lz77_init_single.o [4]
__iar_program_start      0x800'b3cd         Code  Gb  cstartup_M.o [4]
__iar_scalbln64          0x800'28a5         Code  Gb  ldexp.o [3]
__iar_scalbn64           0x800'28a5         Code  Gb  ldexp.o [3]
__iar_sin64              0x800'a275    0x4  Code  Gb  cos_sin64.o [3]
__iar_sin_medium         0x800'a275    0x4  Code  Gb  cos_sin64.o [3]
__iar_sin_medium64       0x800'a275    0x4  Code  Gb  cos_sin64.o [3]
__iar_sin_mediuml        0x800'a275    0x4  Code  Gb  cos_sin64.o [3]
__iar_softfp___iar_frexp64
                         0x800'27d5         Code  Gb  frexp.o [3]
__iar_softfp_frexp       0x800'27d5         Code  Gb  frexp.o [3]
__iar_softfp_frexpl      0x800'27d5         Code  Gb  frexp.o [3]
__iar_sqrt64             0x800'9585         Code  Gb  sqrt.o [3]
__iar_vfp___iar_sqrt64   0x800'9575         Code  Gb  sqrt.o [3]
__iar_vfp_asin           0x800'90e3    0xc  Code  Gb  math_wrappers64.o [3]
__iar_vfp_atan2          0x800'90ef   0x10  Code  Gb  math_wrappers64.o [3]
__iar_vfp_atof           0x800'90db    0x8  Code  Gb  math_wrappers64.o [3]
__iar_vfp_cos            0x800'90ff    0xc  Code  Gb  math_wrappers64.o [3]
__iar_vfp_sin            0x800'910b    0xc  Code  Gb  math_wrappers64.o [3]
__iar_vfp_sqrt           0x800'9575         Code  Gb  sqrt.o [3]
__iar_vfp_sqrtl          0x800'9575         Code  Gb  sqrt.o [3]
__iar_zero_init3         0x800'2143   0x3a  Code  Gb  zero_init3.o [4]
__low_level_init         0x800'b09b    0x4  Code  Gb  low_level_init.o [2]
__vector_table           0x800'0000         Data  Gb  startup_stm32f405xx.o [1]
_call_main               0x800'b089         Code  Gb  cmain.o [4]
_cmd_help                0x800'53f9   0x18  Code  Lc  cmd.o [1]
_exit                    0x800'b0a5         Code  Gb  cexit.o [4]
_gLocale_mblen           0x800'221d    0x4  Code  Gb  xlocale_c.o [2]
_gLocale_mblenInt        0x800'21e1   0x2c  Code  Gb  xlocale_c.o [2]
_gLocale_wctomb          0x800'2221    0x4  Code  Gb  xlocale_c.o [2]
_gLocale_wctombInt       0x800'2219    0x4  Code  Gb  xlocale_c.o [2]
_gm_                    0x2000'0158  0x1d8  Data  Lc  dlmalloc.o [2]
_main                    0x800'b097         Code  Gb  cmain.o [4]
a                        0x800'ad48   0x40  Data  Lc  iar_Atan64.o [3]
abort                    0x800'1109    0x6  Code  Gb  abort.o [2]
acc_angle_x_buff        0x2000'0994   0x18  Data  Gb  karman.o [1]
acc_angle_y_buff        0x2000'09ac   0x18  Data  Gb  karman.o [1]
acc_angle_z_buff        0x2000'09c4   0x18  Data  Gb  karman.o [1]
acc_x_buff              0x2000'09dc   0x18  Data  Gb  karman.o [1]
acc_y_buff              0x2000'09f4   0x18  Data  Gb  karman.o [1]
acc_z_buff              0x2000'0a0c   0x18  Data  Gb  karman.o [1]
add_segment              0x800'0551  0x1f2  Code  Lc  dlmalloc.o [2]
angle                   0x2000'05cc   0x54  Data  Gb  read_data_simple.o [1]
angle_toshow             0x800'5eed   0x58  Code  Gb  calculate.o [1]
as5047p_Get_Position_x   0x800'59cd   0x3a  Code  Gb  as5047p.o [1]
as5047p_Get_Position_y   0x800'5a07   0x3a  Code  Gb  as5047p.o [1]
asin                     0x800'9bf9   0xf4  Code  Gb  asin64.o [3]
asinl                    0x800'9bf9   0xf4  Code  Gb  asin64.o [3]
asm330lhh_acceleration_raw_get
                         0x800'8857   0x14  Code  Gb  asm330lhh_reg.o [1]
asm330lhh_angular_rate_raw_get
                         0x800'8843   0x14  Code  Gb  asm330lhh_reg.o [1]
asm330lhh_block_data_update_set
                         0x800'87f9   0x36  Code  Gb  asm330lhh_reg.o [1]
asm330lhh_device_id_get
                         0x800'886b   0x14  Code  Gb  asm330lhh_reg.o [1]
asm330lhh_device_init    0x800'54f9   0x90  Code  Gb  read_data_simple.o [1]
asm330lhh_from_fs2000dps_to_mdps
                         0x800'86fd   0x14  Code  Gb  asm330lhh_reg.o [1]
asm330lhh_from_fs4g_to_mg
                         0x800'86e9   0x14  Code  Gb  asm330lhh_reg.o [1]
asm330lhh_gy_data_rate_set
                         0x800'87bf   0x3a  Code  Gb  asm330lhh_reg.o [1]
asm330lhh_gy_full_scale_set
                         0x800'8789   0x36  Code  Gb  asm330lhh_reg.o [1]
asm330lhh_init           0x800'5671   0xf4  Code  Gb  read_data_simple.o [1]
asm330lhh_read_reg       0x800'86ad   0x1e  Code  Gb  asm330lhh_reg.o [1]
asm330lhh_reset_get      0x800'88b5   0x1e  Code  Gb  asm330lhh_reg.o [1]
asm330lhh_reset_set      0x800'887f   0x36  Code  Gb  asm330lhh_reg.o [1]
asm330lhh_run            0x800'5589   0xe6  Code  Gb  read_data_simple.o [1]
asm330lhh_run::data_raw_acceleration
                        0x2000'0a70    0x8  Data  Lc  read_data_simple.o [1]
asm330lhh_run::data_raw_angular_rate
                        0x2000'0a78    0x8  Data  Lc  read_data_simple.o [1]
asm330lhh_status_reg_get
                         0x800'882f   0x14  Code  Gb  asm330lhh_reg.o [1]
asm330lhh_write_reg      0x800'86cb   0x1e  Code  Gb  asm330lhh_reg.o [1]
asm330lhh_xl_data_rate_set
                         0x800'874f   0x3a  Code  Gb  asm330lhh_reg.o [1]
asm330lhh_xl_filter_lp2_set
                         0x800'88d3   0x36  Code  Gb  asm330lhh_reg.o [1]
asm330lhh_xl_full_scale_set
                         0x800'8719   0x36  Code  Gb  asm330lhh_reg.o [1]
asm330lhh_xl_hp_path_on_out_set
                         0x800'8909   0x5e  Code  Gb  asm330lhh_reg.o [1]
atan2                    0x800'9ced  0x140  Code  Gb  atan2_64.o [3]
atan2l                   0x800'9ced  0x140  Code  Gb  atan2_64.o [3]
atof                     0x800'9ba5    0x8  Code  Gb  strto64.o [3]
atoi                     0x800'939d    0x2  Code  Gb  iar_Stoulx.o [2]
buffer_count            0x2000'0aa0    0x4  Data  Gb  cmd.o [1]
can_callback_add         0x800'7b6d   0x1e  Code  Gb  can_utils.o [1]
can_callback_table      0x2000'0a94    0x4  Data  Lc  can_utils.o [1]
can_exc_callback         0x800'7b8b   0x1a  Code  Gb  can_utils.o [1]
can_exc_callback_flag   0x2000'0a88    0x4  Data  Gb  can_utils.o [1]
can_func_init            0x800'82b9    0xe  Code  Gb  can_func.o [1]
can_init                 0x800'7b39   0x34  Code  Gb  can_utils.o [1]
can_rx_data             0x2000'0a58    0x8  Data  Gb  can_utils.o [1]
can_send_test            0x800'7bd1   0x26  Code  Gb  can_utils.o [1]
can_suc_rx               0x800'82c9    0xc  Code  Gb  can_func.o [1]
can_tx_data             0x2000'0a60    0x8  Data  Gb  can_utils.o [1]
cmd_add                  0x800'52c1   0x54  Code  Gb  cmd.o [1]
cmd_argv                0x2000'083c   0x30  Data  Gb  cmd.o [1]
cmd_can_test             0x800'7db7   0x14  Code  Gb  cmd_func.o [1]
cmd_default_func         0x800'7dfd   0xb0  Code  Gb  cmd_func.o [1]
cmd_exec                 0x800'5277   0x2c  Code  Gb  cmd.o [1]
cmd_func_init            0x800'80d5   0x9c  Code  Gb  cmd_func.o [1]
cmd_hello_func           0x800'7dcb   0x10  Code  Gb  cmd_func.o [1]
cmd_help_func            0x800'52a5   0x1c  Code  Gb  cmd.o [1]
cmd_init                 0x800'5149   0x26  Code  Gb  cmd.o [1]
cmd_modify_CANID_func    0x800'7ff3   0x36  Code  Gb  cmd_func.o [1]
cmd_modify_C_func        0x800'7f4b   0x54  Code  Gb  cmd_func.o [1]
cmd_modify_D_func        0x800'7f9f   0x54  Code  Gb  cmd_func.o [1]
cmd_parse                0x800'522f   0x48  Code  Gb  cmd.o [1]
cmd_readangle_func       0x800'7ef9   0x26  Code  Gb  cmd_func.o [1]
cmd_readcircle_func      0x800'7ed3   0x26  Code  Gb  cmd_func.o [1]
cmd_readpos_func         0x800'7ead   0x26  Code  Gb  cmd_func.o [1]
cmd_reset_func           0x800'7deb   0x12  Code  Gb  cmd_func.o [1]
cmd_send_wave_func       0x800'7f1f   0x2c  Code  Gb  cmd_func.o [1]
cmd_setxy_func           0x800'8029   0x5e  Code  Gb  cmd_func.o [1]
cmd_show_func            0x800'8087   0x4e  Code  Gb  cmd_func.o [1]
cmd_table               0x2000'0a98    0x4  Data  Lc  cmd.o [1]
cmd_test_func            0x800'7cdb   0xdc  Code  Gb  cmd_func.o [1]
cmd_version_func         0x800'7ddb   0x10  Code  Gb  cmd_func.o [1]
cmpAtom                  0x800'82d9    0xe  Code  Lc  hash.o [1]
cos                      0x800'a271    0x4  Code  Gb  cos_sin64.o [3]
cosl                     0x800'a271    0x4  Code  Gb  cos_sin64.o [3]
ddiv                     0x800'9745   0xc8  Code  Lc  strto64.o [3]
delim                   0x2000'001c    0x4  Data  Lc  cmd.o [1]
delta_time              0x2000'00c8    0x4  Data  Gb  read_data_simple.o [1]
dev_ctx                 0x2000'0a48    0xc  Data  Gb  read_data_simple.o [1]
diameter_x              0x2000'000c    0x4  Data  Gb  as5047p.o [1]
diameter_y              0x2000'0010    0x4  Data  Gb  as5047p.o [1]
digits                   0x800'93a8   0x28  Data  Lc  iar_Stoulx.o [2]
dmul                     0x800'9679   0xca  Code  Lc  strto64.o [3]
exit                     0x800'b09f    0x4  Code  Gb  exit.o [2]
flag                    0x2000'08c4   0x2c  Data  Gb  main.o [1]
flag_init                0x800'40e5   0x30  Code  Gb  main.o [1]
flash_data              0x2000'0674   0x48  Data  Gb  flash.o [1]
freeKeyAtom              0x800'82eb    0x2  Code  Lc  hash.o [1]
hashAtom                 0x800'82e7    0x4  Code  Lc  hash.o [1]
hashStr                  0x800'82ed   0x26  Code  Gb  hash.o [1]
hash_id                  0x800'7ca9    0x4  Code  Lc  can_utils.o [1]
hcan1                   0x2000'08f0   0x28  Data  Gb  can.o [1]
hdma_usart2_rx          0x2000'0460   0x60  Data  Gb  usart.o [1]
hdma_usart2_tx          0x2000'04c0   0x60  Data  Gb  usart.o [1]
hi2c3                   0x2000'0578   0x54  Data  Gb  i2c.o [1]
hspi2                   0x2000'0520   0x58  Data  Gb  spi.o [1]
htim2                   0x2000'06fc   0x40  Data  Gb  tim.o [1]
htim3                   0x2000'073c   0x40  Data  Gb  tim.o [1]
htim4                   0x2000'077c   0x40  Data  Gb  tim.o [1]
htim6                   0x2000'07bc   0x40  Data  Gb  tim.o [1]
huart2                  0x2000'07fc   0x40  Data  Gb  usart.o [1]
id_cmp                   0x800'7cad   0x10  Code  Lc  can_utils.o [1]
init_mparams             0x800'01a3   0x32  Code  Lc  dlmalloc.o [2]
init_top                 0x800'01d5   0x36  Code  Lc  dlmalloc.o [2]
isalpha                  0x800'ad89   0x14  Code  Gb  isalpha.o [2]
ispi1_write_read         0x800'916b   0x4e  Code  Gb  imitate_spi.o [1]
ispi1_write_read_byte    0x800'9119   0x52  Code  Gb  imitate_spi.o [1]
ispi3_write_read         0x800'9217   0x4e  Code  Gb  imitate_spi.o [1]
ispi3_write_read_byte    0x800'91b9   0x5e  Code  Gb  imitate_spi.o [1]
isspace                  0x800'a279   0x14  Code  Gb  isspace.o [2]
kal_ang1                0x2000'0038   0x18  Data  Gb  karman.o [1]
kal_ang2                0x2000'0050   0x18  Data  Gb  karman.o [1]
kal_ang3                0x2000'0068   0x18  Data  Gb  karman.o [1]
kal_ang4                0x2000'0080   0x18  Data  Gb  karman.o [1]
kal_ang5                0x2000'0098   0x18  Data  Gb  karman.o [1]
kal_ang6                0x2000'00b0   0x18  Data  Gb  karman.o [1]
kx_center               0x2000'0014    0x4  Data  Gb  calculate.o [1]
ky_center               0x2000'0018    0x4  Data  Gb  calculate.o [1]
ldexp                    0x800'28a5         Code  Gb  ldexp.o [3]
ldexpl                   0x800'28a5         Code  Gb  ldexp.o [3]
localeconv               0x800'2225    0x4  Code  Gb  xlocale_c.o [2]
main                     0x800'4115  0x204  Code  Gb  main.o [1]
memchr                   0x800'22f5         Code  Gb  memchr.o [4]
mparams                 0x2000'0a24   0x18  Data  Lc  dlmalloc.o [2]
ndigs                    0x800'93d0   0x28  Data  Lc  iar_Stoulx.o [2]
pFlash                  0x2000'0940   0x20  Data  Gb  stm32f4xx_hal_flash.o [1]
platform_read            0x800'549f   0x5a  Code  Lc  read_data_simple.o [1]
platform_write           0x800'5451   0x4e  Code  Lc  read_data_simple.o [1]
position                0x2000'0a3c    0xc  Data  Gb  calculate.o [1]
pows                     0x800'9bb0   0x48  Data  Lc  strto64.o [3]
pre_angle               0x2000'0620   0x54  Data  Gb  read_data_simple.o [1]
prepend_alloc            0x800'020b  0x346  Code  Lc  dlmalloc.o [2]
print_buffer            0x2000'0330   0x68  Data  Gb  cmd.o [1]
q0                      0x2000'0000    0x4  Data  Gb  angle.o [1]
q1                      0x2000'0a54    0x4  Data  Gb  angle.o [1]
q2                      0x2000'0a80    0x4  Data  Gb  angle.o [1]
q3                      0x2000'0a84    0x4  Data  Gb  angle.o [1]
rx_buffer               0x2000'0a68    0x8  Data  Lc  can_utils.o [1]
rx_id                   0x2000'0a90    0x4  Data  Lc  can_utils.o [1]
s                       0x2000'0020   0x18  Data  Lc  cmd.o [1]
scalbln                  0x800'28a5         Code  Gb  ldexp.o [3]
scalblnl                 0x800'28a5         Code  Gb  ldexp.o [3]
scalbn                   0x800'28a5         Code  Gb  ldexp.o [3]
scalbnl                  0x800'28a5         Code  Gb  ldexp.o [3]
scale                    0x800'19ab   0x46  Code  Lc  xprintffull.o [2]
sec_hand                0x2000'0ab0    0x4  Data  Lc  xfail_s.o [2]
segment_holding          0x800'0189   0x1a  Code  Lc  dlmalloc.o [2]
send_wave                0x800'5363   0x7a  Code  Gb  cmd.o [1]
simplelib_init           0x800'50c9   0x22  Code  Gb  simplelib.o [1]
simplelib_run            0x800'50eb   0x24  Code  Gb  simplelib.o [1]
sin                      0x800'a275    0x4  Code  Gb  cos_sin64.o [3]
sinl                     0x800'a275    0x4  Code  Gb  cos_sin64.o [3]
sqrt                     0x800'9585         Code  Gb  sqrt.o [3]
sqrtl                    0x800'9585         Code  Gb  sqrt.o [3]
str_cmp                  0x800'53dd   0x1c  Code  Lc  cmd.o [1]
strchr                   0x800'2231         Code  Gb  strchr.o [4]
strcmp                   0x800'8661         Code  Gb  strcmp.o [4]
strcpy                   0x800'8565         Code  Gb  strcpy.o [4]
strcspn                  0x800'9553   0x22  Code  Gb  strcspn.o [2]
strlen                   0x800'22a5         Code  Gb  strlen.o [4]
strspn                   0x800'9531   0x22  Code  Gb  strspn.o [2]
strtok                   0x800'85b1   0x4c  Code  Gb  strtok.o [2]
sys_alloc                0x800'0749  0x164  Code  Lc  dlmalloc.o [2]
time_ms                 0x2000'0aa4    0x4  Data  Lc  main.o [1]
tmalloc_large            0x800'08b9  0x386  Code  Lc  dlmalloc.o [2]
tmalloc_small            0x800'0c3f  0x200  Code  Lc  dlmalloc.o [2]
tolower                  0x800'a28d   0x14  Code  Gb  tolower.o [2]
uprintf                  0x800'5315   0x4e  Code  Gb  cmd.o [1]
usart_DMA_init           0x800'511d   0x2c  Code  Gb  cmd.o [1]
usart_exc_DMA            0x800'516f   0x38  Code  Gb  cmd.o [1]
uwTick                  0x2000'0aa8    0x4  Data  Gb  stm32f4xx_hal.o [1]
uwTickFreq              0x2000'0156    0x1  Data  Gb  stm32f4xx_hal.o [1]
uwTickPrio              0x2000'00cc    0x4  Data  Gb  stm32f4xx_hal.o [1]
vsnprintf                0x800'85fd   0x3c  Code  Gb  vsnprint.o [2]
wheel_init               0x800'5a41   0x86  Code  Gb  as5047p.o [1]
wheel_x                 0x2000'086c   0x2c  Data  Gb  as5047p.o [1]
wheel_y                 0x2000'0898   0x2c  Data  Gb  as5047p.o [1]
write_prams              0x800'93f9   0x66  Code  Gb  flash.o [1]


[1] = E:\ROBOCON------VALLUE\NEW_POS_19\EWARM\NEW_POS_19\Obj
[2] = dl7M_tlf.a
[3] = m7M_tls.a
[4] = rt7M_tl.a
[5] = shb_l.a

  45 064 bytes of readonly  code memory
   1 584 bytes of readonly  data memory
   7 863 bytes of readwrite data memory

Errors: none
Warnings: none
