###############################################################################
#
# IAR ELF Linker V8.30.1.114/W32 for ARM                  07/Nov/2019  19:08:36
# Copyright 2007-2018 IAR Systems AB.
#
#    Output file  =  
#        E:\Robocon_Value\NEW_POS_19\EWARM\NEW_POS_19\Exe\NEW_POS_19.out
#    Map file     =  
#        E:\Robocon_Value\NEW_POS_19\EWARM\NEW_POS_19\List\NEW_POS_19.map
#    Command line =  
#        -f C:\Users\DELL\AppData\Local\Temp\EW73B5.tmp
#        (E:\Robocon_Value\NEW_POS_19\EWARM\NEW_POS_19\Obj\angle.o
#        E:\Robocon_Value\NEW_POS_19\EWARM\NEW_POS_19\Obj\as5047p.o
#        E:\Robocon_Value\NEW_POS_19\EWARM\NEW_POS_19\Obj\asm330lhh_reg.o
#        E:\Robocon_Value\NEW_POS_19\EWARM\NEW_POS_19\Obj\calculate.o
#        E:\Robocon_Value\NEW_POS_19\EWARM\NEW_POS_19\Obj\can.o
#        E:\Robocon_Value\NEW_POS_19\EWARM\NEW_POS_19\Obj\can_func.o
#        E:\Robocon_Value\NEW_POS_19\EWARM\NEW_POS_19\Obj\can_utils.o
#        E:\Robocon_Value\NEW_POS_19\EWARM\NEW_POS_19\Obj\cmd.o
#        E:\Robocon_Value\NEW_POS_19\EWARM\NEW_POS_19\Obj\cmd_func.o
#        E:\Robocon_Value\NEW_POS_19\EWARM\NEW_POS_19\Obj\dma.o
#        E:\Robocon_Value\NEW_POS_19\EWARM\NEW_POS_19\Obj\easy_angle.o
#        E:\Robocon_Value\NEW_POS_19\EWARM\NEW_POS_19\Obj\encoder.o
#        E:\Robocon_Value\NEW_POS_19\EWARM\NEW_POS_19\Obj\flash.o
#        E:\Robocon_Value\NEW_POS_19\EWARM\NEW_POS_19\Obj\gpio.o
#        E:\Robocon_Value\NEW_POS_19\EWARM\NEW_POS_19\Obj\hash.o
#        E:\Robocon_Value\NEW_POS_19\EWARM\NEW_POS_19\Obj\i2c.o
#        E:\Robocon_Value\NEW_POS_19\EWARM\NEW_POS_19\Obj\imitate_spi.o
#        E:\Robocon_Value\NEW_POS_19\EWARM\NEW_POS_19\Obj\karman.o
#        E:\Robocon_Value\NEW_POS_19\EWARM\NEW_POS_19\Obj\main.o
#        E:\Robocon_Value\NEW_POS_19\EWARM\NEW_POS_19\Obj\read_data_simple.o
#        E:\Robocon_Value\NEW_POS_19\EWARM\NEW_POS_19\Obj\simplelib.o
#        E:\Robocon_Value\NEW_POS_19\EWARM\NEW_POS_19\Obj\spi.o
#        E:\Robocon_Value\NEW_POS_19\EWARM\NEW_POS_19\Obj\startup_stm32f405xx.o
#        E:\Robocon_Value\NEW_POS_19\EWARM\NEW_POS_19\Obj\stm32f4xx_hal.o
#        E:\Robocon_Value\NEW_POS_19\EWARM\NEW_POS_19\Obj\stm32f4xx_hal_adc_ex.o
#        E:\Robocon_Value\NEW_POS_19\EWARM\NEW_POS_19\Obj\stm32f4xx_hal_can.o
#        E:\Robocon_Value\NEW_POS_19\EWARM\NEW_POS_19\Obj\stm32f4xx_hal_cortex.o
#        E:\Robocon_Value\NEW_POS_19\EWARM\NEW_POS_19\Obj\stm32f4xx_hal_dma.o
#        E:\Robocon_Value\NEW_POS_19\EWARM\NEW_POS_19\Obj\stm32f4xx_hal_dma_ex.o
#        E:\Robocon_Value\NEW_POS_19\EWARM\NEW_POS_19\Obj\stm32f4xx_hal_exti.o
#        E:\Robocon_Value\NEW_POS_19\EWARM\NEW_POS_19\Obj\stm32f4xx_hal_flash.o
#        E:\Robocon_Value\NEW_POS_19\EWARM\NEW_POS_19\Obj\stm32f4xx_hal_flash_ex.o
#        E:\Robocon_Value\NEW_POS_19\EWARM\NEW_POS_19\Obj\stm32f4xx_hal_flash_ramfunc.o
#        E:\Robocon_Value\NEW_POS_19\EWARM\NEW_POS_19\Obj\stm32f4xx_hal_gpio.o
#        E:\Robocon_Value\NEW_POS_19\EWARM\NEW_POS_19\Obj\stm32f4xx_hal_i2c.o
#        E:\Robocon_Value\NEW_POS_19\EWARM\NEW_POS_19\Obj\stm32f4xx_hal_i2c_ex.o
#        E:\Robocon_Value\NEW_POS_19\EWARM\NEW_POS_19\Obj\stm32f4xx_hal_msp.o
#        E:\Robocon_Value\NEW_POS_19\EWARM\NEW_POS_19\Obj\stm32f4xx_hal_pwr.o
#        E:\Robocon_Value\NEW_POS_19\EWARM\NEW_POS_19\Obj\stm32f4xx_hal_pwr_ex.o
#        E:\Robocon_Value\NEW_POS_19\EWARM\NEW_POS_19\Obj\stm32f4xx_hal_rcc.o
#        E:\Robocon_Value\NEW_POS_19\EWARM\NEW_POS_19\Obj\stm32f4xx_hal_rcc_ex.o
#        E:\Robocon_Value\NEW_POS_19\EWARM\NEW_POS_19\Obj\stm32f4xx_hal_spi.o
#        E:\Robocon_Value\NEW_POS_19\EWARM\NEW_POS_19\Obj\stm32f4xx_hal_tim.o
#        E:\Robocon_Value\NEW_POS_19\EWARM\NEW_POS_19\Obj\stm32f4xx_hal_tim_ex.o
#        E:\Robocon_Value\NEW_POS_19\EWARM\NEW_POS_19\Obj\stm32f4xx_hal_uart.o
#        E:\Robocon_Value\NEW_POS_19\EWARM\NEW_POS_19\Obj\stm32f4xx_it.o
#        E:\Robocon_Value\NEW_POS_19\EWARM\NEW_POS_19\Obj\system_stm32f4xx.o
#        E:\Robocon_Value\NEW_POS_19\EWARM\NEW_POS_19\Obj\tim.o
#        E:\Robocon_Value\NEW_POS_19\EWARM\NEW_POS_19\Obj\usart.o --redirect
#        _Printf=_PrintfFull --redirect _Scanf=_ScanfFull --no_out_extension -o
#        E:\Robocon_Value\NEW_POS_19\EWARM\NEW_POS_19\Exe\NEW_POS_19.out --map
#        E:\Robocon_Value\NEW_POS_19\EWARM\NEW_POS_19\List\NEW_POS_19.map
#        --config E:\Robocon_Value\NEW_POS_19\EWARM/stm32f405xx_flash.icf
#        --semihosting --entry __iar_program_start --vfe --text_out locale)
#
###############################################################################

*******************************************************************************
*** RUNTIME MODEL ATTRIBUTES
***

CppFlavor       = *
__Heap_Handler  = DLMalloc
__SystemLibrary = DLib
__dlib_version  = 6


*******************************************************************************
*** HEAP SELECTION
***

The advanced heap was selected because the application calls memory
allocation functions outside of system library functions, and there
are calls to deallocation functions in the application.


*******************************************************************************
*** PLACEMENT SUMMARY
***

"A0":  place at 0x800'0000 { ro section .intvec };
"P1":  place in [from 0x800'0000 to 0x80f'ffff] { ro };
define block CSTACK with size = 1K, alignment = 8 { };
define block HEAP with size = 4K, alignment = 8 { };
"P2":  place in [from 0x2000'0000 to 0x2001'ffff] {
          rw, block CSTACK, block HEAP };
initialize by copy { rw };

  Section            Kind         Address    Size  Object
  -------            ----         -------    ----  ------
"A0":                                       0x188
  .intvec            ro code   0x800'0000   0x188  startup_stm32f405xx.o [1]
                             - 0x800'0188   0x188

"P1":                                      0xb1fb
  .text              ro code   0x800'0188   0xf80  dlmalloc.o [2]
  .text              ro code   0x800'1108     0x6  abort.o [2]
  .text              ro code   0x800'110e    0x7a  lz77_init_single.o [4]
  .text              ro code   0x800'1188    0x2c  xgetmemchunk.o [2]
  .text              ro code   0x800'11b4    0x14  exit.o [5]
  .text              ro code   0x800'11c8   0xf7a  xprintffull.o [2]
  .text              ro code   0x800'2142    0x3a  zero_init3.o [4]
  .text              ro code   0x800'217c    0xb4  xlocale_c.o [2]
  .text              ro code   0x800'2230    0x16  strchr.o [4]
  .text              ro code   0x800'2246    0x1e  xencoding_8859_1.o [2]
  .text              ro code   0x800'2264    0x40  xfail_s.o [2]
  .text              ro code   0x800'22a4    0x36  strlen.o [4]
  .text              ro code   0x800'22da    0x1a  xsnprout.o [2]
  .text              ro code   0x800'22f4    0x58  memchr.o [4]
  .text              ro code   0x800'234c     0xa  xmbcurmax.o [2]
  .rodata            const     0x800'2356     0x2  as5047p.o [1]
  .text              ro code   0x800'2358    0xa6  ABImemcpy.o [4]
  .rodata            const     0x800'23fe     0x2  as5047p.o [1]
  .text              ro code   0x800'2400   0x230  I64DivMod.o [4]
  .text              ro code   0x800'2630   0x1a2  DblMul.o [3]
  .rodata            const     0x800'27d2     0x2  as5047p.o [1]
  .text              ro code   0x800'27d4    0x70  frexp.o [3]
  .text              ro code   0x800'2844    0x2e  DblCmpLe.o [3]
  .rodata            const     0x800'2872     0x2  as5047p.o [1]
  .text              ro code   0x800'2874    0x2e  DblCmpGe.o [3]
  .text              ro code   0x800'28a4   0x13a  ldexp.o [3]
  .text              ro code   0x800'29e0    0x3a  DblToS32.o [3]
  .text              ro code   0x800'2a1c    0x22  S32ToDbl.o [3]
  .text              ro code   0x800'2a40    0xe2  DblSub.o [3]
  .text              ro code   0x800'2b24   0x246  DblDiv.o [3]
  .text              ro code   0x800'2d6c    0x28  DblToU32.o [3]
  .text              ro code   0x800'2d94    0x1a  U32ToDbl.o [3]
  .text              ro code   0x800'2db0     0x2  I64DivZer.o [4]
  .text              ro code   0x800'2db4   0x17a  DblAdd.o [3]
  .text              ro code   0x800'2f30   0x8d0  stm32f4xx_hal_uart.o [1]
  .text              ro code   0x800'3800   0x148  usart.o [1]
  .text              ro code   0x800'3948   0x520  stm32f4xx_hal_dma.o [1]
  .text              ro code   0x800'3e68     0x2  stm32f4xx_hal_uart.o [1]
  .text              ro code   0x800'3e6a     0x2  stm32f4xx_hal_uart.o [1]
  .text              ro code   0x800'3e6c     0x2  stm32f4xx_hal_uart.o [1]
  .text              ro code   0x800'3e6e     0x2  stm32f4xx_hal_uart.o [1]
  .text              ro code   0x800'3e70     0x2  stm32f4xx_hal_uart.o [1]
  .text              ro code   0x800'3e74   0x204  stm32f4xx_hal_rcc.o [1]
  .text              ro code   0x800'4078   0x3be  main.o [1]
  .text              ro code   0x800'4438     0x6  ABImemclr4.o [4]
  .text              ro code   0x800'4440   0x23c  stm32f4xx_hal_gpio.o [1]
  .text              ro code   0x800'467c   0x12c  stm32f4xx_hal_cortex.o [1]
  .text              ro code   0x800'47a8     0xc  stm32f4xx_hal.o [1]
  .text              ro code   0x800'47b4    0x4c  stm32f4xx_hal.o [1]
  .text              ro code   0x800'4800    0x34  stm32f4xx_hal.o [1]
  .text              ro code   0x800'4834   0x104  gpio.o [1]
  .text              ro code   0x800'4938    0x40  dma.o [1]
  .text              ro code   0x800'4978    0xf4  can.o [1]
  .text              ro code   0x800'4a6c    0xf0  i2c.o [1]
  .text              ro code   0x800'4b5c    0xf8  spi.o [1]
  .text              ro code   0x800'4c54   0x3d0  tim.o [1]
  .text              ro code   0x800'5024    0x50  simplelib.o [1]
  .text              ro code   0x800'5074   0x2b4  cmd.o [1]
  .text              ro code   0x800'5328   0x584  read_data_simple.o [1]
  .text              ro code   0x800'58ac   0x4c0  as5047p.o [1]
  .text              ro code   0x800'5d6c   0x1a8  can_utils.o [1]
  .text              ro code   0x800'5f14    0x6c  calculate.o [1]
  .text              ro code   0x800'5f80    0x48  FltToDbl.o [3]
  .text              ro code   0x800'5fc8   0x36c  stm32f4xx_hal_rcc.o [1]
  .text              ro code   0x800'6334    0x32  ABImemset48.o [4]
  .text              ro code   0x800'6368    0x40  stm32f4xx_hal_msp.o [1]
  .text              ro code   0x800'63a8   0x7aa  stm32f4xx_hal_can.o [1]
  .text              ro code   0x800'6b54   0x1d0  stm32f4xx_hal_i2c.o [1]
  .text              ro code   0x800'6d24   0x744  stm32f4xx_hal_spi.o [1]
  .text              ro code   0x800'7468   0x648  stm32f4xx_hal_tim.o [1]
  .text              ro code   0x800'7ab0    0x4c  stm32f4xx_hal_tim_ex.o [1]
  .text              ro code   0x800'7afc   0x67c  cmd_func.o [1]
  .text              ro code   0x800'8178    0x8c  can_func.o [1]
  .text              ro code   0x800'8204   0x210  hash.o [1]
  .text              ro code   0x800'8414    0x66  ABImemset.o [4]
  .text              ro code   0x800'847c    0x4c  strcpy.o [4]
  .text              ro code   0x800'84c8    0x4c  strtok.o [2]
  .text              ro code   0x800'8514    0x3c  vsnprint.o [2]
  .text              ro code   0x800'8550    0x28  stm32f4xx_hal.o [1]
  .text              ro code   0x800'8578    0x4a  strcmp.o [4]
  .text              ro code   0x800'85c4   0x252  asm330lhh_reg.o [1]
  .text              ro code   0x800'8818    0xc8  karman.o [1]
  .text              ro code   0x800'88e0    0x68  DblToFlt.o [3]
  .text              ro code   0x800'8948   0x4ac  angle.o [1]
  .text              ro code   0x800'8df4    0x42  math_wrappers64.o [3]
  .text              ro code   0x800'8e38   0x158  imitate_spi.o [1]
  .text              ro code   0x800'8f90     0x2  stm32f4xx_hal_can.o [1]
  .text              ro code   0x800'8f92     0x2  stm32f4xx_hal_can.o [1]
  .text              ro code   0x800'8f94     0x2  stm32f4xx_hal_can.o [1]
  .text              ro code   0x800'8f96     0x2  stm32f4xx_hal_can.o [1]
  .text              ro code   0x800'8f98     0x2  stm32f4xx_hal_can.o [1]
  .text              ro code   0x800'8f9a     0x2  stm32f4xx_hal_can.o [1]
  .text              ro code   0x800'8f9c     0x2  stm32f4xx_hal_can.o [1]
  .text              ro code   0x800'8f9e     0x2  stm32f4xx_hal_can.o [1]
  .text              ro code   0x800'8fa0     0x2  stm32f4xx_hal_can.o [1]
  .text              ro code   0x800'8fa2     0x2  stm32f4xx_hal_can.o [1]
  .text              ro code   0x800'8fa4     0x2  stm32f4xx_hal_can.o [1]
  .text              ro code   0x800'8fa6     0x2  stm32f4xx_hal_tim.o [1]
  .text              ro code   0x800'8fa8   0x174  iar_Stoulx.o [2]
  .text              ro code   0x800'911c   0x10c  flash.o [1]
  .text              ro code   0x800'9228    0x24  ABIassert.o [5]
  .text              ro code   0x800'924c    0x22  strspn.o [2]
  .text              ro code   0x800'926e    0x22  strcspn.o [2]
  .text              ro code   0x800'9290   0x102  sqrt.o [3]
  .rodata            const     0x800'9394    0x3c  cmd_func.o [1]
  .text              ro code   0x800'93d0   0x580  strto64.o [3]
  .text              ro code   0x800'9950    0xf4  asin64.o [3]
  .text              ro code   0x800'9a44   0x140  atan2_64.o [3]
  .text              ro code   0x800'9b84   0x44c  cos_sin64.o [3]
  .text              ro code   0x800'9fd0    0x14  isspace.o [2]
  .text              ro code   0x800'9fe4    0x14  tolower.o [2]
  .text              ro code   0x800'9ff8   0x1fc  stm32f4xx_hal_flash.o [1]
  .text              ro code   0x800'a1f4   0x184  stm32f4xx_hal_flash_ex.o [1]
  .text              ro code   0x800'a378   0x122  iar_Stopfx.o [2]
  .text              ro code   0x800'a49c   0x1c4  iar_Stoflt.o [2]
  .text              ro code   0x800'a660   0x21c  iar_Stoxflt.o [2]
  .rodata            const     0x800'a87c    0x24  cmd_func.o [1]
  .text              ro code   0x800'a8a0   0x208  iar_Atan64.o [3]
  .text              ro code   0x800'aaa8    0x14  isalpha.o [2]
  .text              ro code   0x800'aabc    0x20  DblCmpEq.o [3]
  .text              ro code   0x800'aadc    0x78  stm32f4xx_it.o [1]
  .text              ro code   0x800'ab54    0x60  system_stm32f4xx.o [1]
  .rodata            const     0x800'abb4    0x38  cmd_func.o [1]
  .rodata            const     0x800'abec    0x38  cmd_func.o [1]
  .rodata            const     0x800'ac24    0x38  cmd_func.o [1]
  .rodata            const     0x800'ac5c    0x28  hash.o [1]
  .text              ro code   0x800'ac84    0x28  data_init.o [4]
  .text              ro code   0x800'acac    0x22  fpinit_M.o [3]
  .iar.init_table    const     0x800'acd0    0x20  - Linker created -
  .rodata            const     0x800'acf0    0x20  can_utils.o [1]
  .rodata            const     0x800'ad10    0x20  cmd_func.o [1]
  .rodata            const     0x800'ad30    0x20  cmd_func.o [1]
  .rodata            const     0x800'ad50    0x20  cmd_func.o [1]
  .rodata            const     0x800'ad70    0x20  hash.o [1]
  .text              ro code   0x800'ad90    0x1e  cmain.o [4]
  .text              ro code   0x800'adae     0x4  low_level_init.o [2]
  .text              ro code   0x800'adb2     0x4  exit.o [2]
  .text              ro code   0x800'adb8     0xa  cexit.o [4]
  .rodata            const     0x800'adc4    0x1c  cmd_func.o [1]
  .rodata            const     0x800'ade0    0x1c  cmd_func.o [1]
  .rodata            const     0x800'adfc    0x1c  cmd_func.o [1]
  .rodata            const     0x800'ae18    0x1c  cmd_func.o [1]
  .rodata            const     0x800'ae34    0x1c  main.o [1]
  .rodata            const     0x800'ae50    0x18  cmd_func.o [1]
  .rodata            const     0x800'ae68    0x18  cmd_func.o [1]
  .rodata            const     0x800'ae80    0x18  cmd_func.o [1]
  .rodata            const     0x800'ae98    0x18  simplelib.o [1]
  .rodata            const     0x800'aeb0    0x14  cmd_func.o [1]
  .rodata            const     0x800'aec4    0x14  cmd_func.o [1]
  .rodata            const     0x800'aed8    0x14  cmd_func.o [1]
  .rodata            const     0x800'aeec    0x14  cmd_func.o [1]
  .rodata            const     0x800'af00    0x14  cmd_func.o [1]
  .rodata            const     0x800'af14    0x14  flash.o [1]
  .rodata            const     0x800'af28    0x10  cmd.o [1]
  .rodata            const     0x800'af38    0x10  cmd.o [1]
  .rodata            const     0x800'af48    0x10  cmd_func.o [1]
  .rodata            const     0x800'af58    0x10  cmd_func.o [1]
  .rodata            const     0x800'af68    0x10  cmd_func.o [1]
  .rodata            const     0x800'af78    0x10  cmd_func.o [1]
  .rodata            const     0x800'af88    0x10  cmd_func.o [1]
  .rodata            const     0x800'af98    0x10  cmd_func.o [1]
  .rodata            const     0x800'afa8    0x10  cmd_func.o [1]
  .rodata            const     0x800'afb8    0x10  cmd_func.o [1]
  .rodata            const     0x800'afc8    0x10  main.o [1]
  .rodata            const     0x800'afd8    0x10  main.o [1]
  .rodata            const     0x800'afe8    0x10  system_stm32f4xx.o [1]
  .text              ro code   0x800'aff8    0x10  startup_stm32f405xx.o [1]
  .rodata            const     0x800'b008     0xc  can_func.o [1]
  .rodata            const     0x800'b014     0xc  can_utils.o [1]
  .rodata            const     0x800'b020     0xc  cmd.o [1]
  .rodata            const     0x800'b02c     0xc  cmd_func.o [1]
  .rodata            const     0x800'b038     0xc  cmd_func.o [1]
  .rodata            const     0x800'b044     0xc  cmd_func.o [1]
  .rodata            const     0x800'b050     0xc  cmd_func.o [1]
  .rodata            const     0x800'b05c     0xc  cmd_func.o [1]
  .rodata            const     0x800'b068     0xc  cmd_func.o [1]
  .rodata            const     0x800'b074     0xc  cmd_func.o [1]
  .rodata            const     0x800'b080     0xc  cmd_func.o [1]
  .rodata            const     0x800'b08c     0xc  cmd_func.o [1]
  .rodata            const     0x800'b098     0xc  cmd_func.o [1]
  .rodata            const     0x800'b0a4     0xc  cmd_func.o [1]
  .rodata            const     0x800'b0b0     0xc  cmd_func.o [1]
  .rodata            const     0x800'b0bc     0xc  cmd_func.o [1]
  .rodata            const     0x800'b0c8     0xc  cmd_func.o [1]
  .rodata            const     0x800'b0d4     0xc  flash.o [1]
  .rodata            const     0x800'b0e0     0xc  hash.o [1]
  .rodata            const     0x800'b0ec     0xc  main.o [1]
  .text              ro code   0x800'b0f8     0xc  cstartup_M.o [4]
  .rodata            const     0x800'b104     0x8  cmd.o [1]
  .rodata            const     0x800'b10c     0x8  cmd.o [1]
  .rodata            const     0x800'b114     0x8  cmd.o [1]
  .rodata            const     0x800'b11c     0x8  cmd_func.o [1]
  .rodata            const     0x800'b124     0x8  cmd_func.o [1]
  .rodata            const     0x800'b12c     0x8  cmd_func.o [1]
  .rodata            const     0x800'b134     0x8  cmd_func.o [1]
  .rodata            const     0x800'b13c     0x8  cmd_func.o [1]
  .rodata            const     0x800'b144     0x8  cmd_func.o [1]
  .rodata            const     0x800'b14c     0x8  cmd_func.o [1]
  .rodata            const     0x800'b154     0x8  cmd_func.o [1]
  .rodata            const     0x800'b15c     0x8  cmd_func.o [1]
  .rodata            const     0x800'b164     0x8  cmd_func.o [1]
  .rodata            const     0x800'b16c     0x8  cmd_func.o [1]
  .rodata            const     0x800'b174     0x8  cmd_func.o [1]
  .rodata            const     0x800'b17c     0x8  cmd_func.o [1]
  .rodata            const     0x800'b184     0x8  cmd_func.o [1]
  .rodata            const     0x800'b18c     0x8  cmd_func.o [1]
  .rodata            const     0x800'b194     0x8  hash.o [1]
  .rodata            const     0x800'b19c     0x8  main.o [1]
  .rodata            const     0x800'b1a4     0x8  main.o [1]
  .rodata            const     0x800'b1ac     0x8  stm32f4xx_hal_dma.o [1]
  .rodata            const     0x800'b1b4     0x8  system_stm32f4xx.o [1]
  .rodata            const     0x800'b1bc     0x8  tim.o [1]
  .rodata            const     0x800'b1c4     0x8  tim.o [1]
  .rodata            const     0x800'b1cc     0x8  tim.o [1]
  .rodata            const     0x800'b1d4     0x8  tim.o [1]
  .rodata            const     0x800'b1dc     0x6  xlocale_c.o [2]
  .text              ro code   0x800'b1e2     0x4  startup_stm32f405xx.o [1]
  .text              ro code   0x800'b1e6     0x4  startup_stm32f405xx.o [1]
  .text              ro code   0x800'b1ea     0x4  startup_stm32f405xx.o [1]
  .text              ro code   0x800'b1ee     0x4  startup_stm32f405xx.o [1]
  .text              ro code   0x800'b1f2     0x4  startup_stm32f405xx.o [1]
  .text              ro code   0x800'b1f6     0x4  startup_stm32f405xx.o [1]
  .text              ro code   0x800'b1fa     0x4  startup_stm32f405xx.o [1]
  .text              ro code   0x800'b1fe     0x4  startup_stm32f405xx.o [1]
  .text              ro code   0x800'b202     0x4  startup_stm32f405xx.o [1]
  .text              ro code   0x800'b206     0x4  startup_stm32f405xx.o [1]
  .text              ro code   0x800'b20a     0x4  startup_stm32f405xx.o [1]
  .text              ro code   0x800'b20e     0x4  startup_stm32f405xx.o [1]
  .text              ro code   0x800'b212     0x4  startup_stm32f405xx.o [1]
  .text              ro code   0x800'b216     0x4  startup_stm32f405xx.o [1]
  .text              ro code   0x800'b21a     0x4  startup_stm32f405xx.o [1]
  .text              ro code   0x800'b21e     0x4  startup_stm32f405xx.o [1]
  .text              ro code   0x800'b222     0x4  startup_stm32f405xx.o [1]
  .text              ro code   0x800'b226     0x4  startup_stm32f405xx.o [1]
  .text              ro code   0x800'b22a     0x4  startup_stm32f405xx.o [1]
  .text              ro code   0x800'b22e     0x4  startup_stm32f405xx.o [1]
  .text              ro code   0x800'b232     0x4  startup_stm32f405xx.o [1]
  .text              ro code   0x800'b236     0x4  startup_stm32f405xx.o [1]
  .text              ro code   0x800'b23a     0x4  startup_stm32f405xx.o [1]
  .text              ro code   0x800'b23e     0x4  startup_stm32f405xx.o [1]
  .text              ro code   0x800'b242     0x4  startup_stm32f405xx.o [1]
  .text              ro code   0x800'b246     0x4  startup_stm32f405xx.o [1]
  .text              ro code   0x800'b24a     0x4  startup_stm32f405xx.o [1]
  .text              ro code   0x800'b24e     0x4  startup_stm32f405xx.o [1]
  .text              ro code   0x800'b252     0x4  startup_stm32f405xx.o [1]
  .text              ro code   0x800'b256     0x4  startup_stm32f405xx.o [1]
  .text              ro code   0x800'b25a     0x4  startup_stm32f405xx.o [1]
  .text              ro code   0x800'b25e     0x4  startup_stm32f405xx.o [1]
  .text              ro code   0x800'b262     0x4  startup_stm32f405xx.o [1]
  .text              ro code   0x800'b266     0x4  startup_stm32f405xx.o [1]
  .text              ro code   0x800'b26a     0x4  startup_stm32f405xx.o [1]
  .text              ro code   0x800'b26e     0x4  startup_stm32f405xx.o [1]
  .text              ro code   0x800'b272     0x4  startup_stm32f405xx.o [1]
  .text              ro code   0x800'b276     0x4  startup_stm32f405xx.o [1]
  .text              ro code   0x800'b27a     0x4  startup_stm32f405xx.o [1]
  .text              ro code   0x800'b27e     0x4  startup_stm32f405xx.o [1]
  .text              ro code   0x800'b282     0x4  startup_stm32f405xx.o [1]
  .text              ro code   0x800'b286     0x4  startup_stm32f405xx.o [1]
  .text              ro code   0x800'b28a     0x4  startup_stm32f405xx.o [1]
  .text              ro code   0x800'b28e     0x4  startup_stm32f405xx.o [1]
  .text              ro code   0x800'b292     0x4  startup_stm32f405xx.o [1]
  .text              ro code   0x800'b296     0x4  startup_stm32f405xx.o [1]
  .text              ro code   0x800'b29a     0x4  startup_stm32f405xx.o [1]
  .text              ro code   0x800'b29e     0x4  startup_stm32f405xx.o [1]
  .text              ro code   0x800'b2a2     0x4  startup_stm32f405xx.o [1]
  .text              ro code   0x800'b2a6     0x4  startup_stm32f405xx.o [1]
  .text              ro code   0x800'b2aa     0x4  startup_stm32f405xx.o [1]
  .text              ro code   0x800'b2ae     0x4  startup_stm32f405xx.o [1]
  .text              ro code   0x800'b2b2     0x4  startup_stm32f405xx.o [1]
  .text              ro code   0x800'b2b6     0x4  startup_stm32f405xx.o [1]
  .text              ro code   0x800'b2ba     0x4  startup_stm32f405xx.o [1]
  .text              ro code   0x800'b2be     0x4  startup_stm32f405xx.o [1]
  .text              ro code   0x800'b2c2     0x4  startup_stm32f405xx.o [1]
  .text              ro code   0x800'b2c6     0x4  startup_stm32f405xx.o [1]
  .text              ro code   0x800'b2ca     0x4  startup_stm32f405xx.o [1]
  .text              ro code   0x800'b2ce     0x4  startup_stm32f405xx.o [1]
  .text              ro code   0x800'b2d2     0x4  startup_stm32f405xx.o [1]
  .text              ro code   0x800'b2d6     0x4  startup_stm32f405xx.o [1]
  .text              ro code   0x800'b2da     0x4  startup_stm32f405xx.o [1]
  .text              ro code   0x800'b2de     0x4  startup_stm32f405xx.o [1]
  .text              ro code   0x800'b2e2     0x4  startup_stm32f405xx.o [1]
  .text              ro code   0x800'b2e6     0x4  startup_stm32f405xx.o [1]
  .text              ro code   0x800'b2ea     0x4  startup_stm32f405xx.o [1]
  .text              ro code   0x800'b2ee     0x4  startup_stm32f405xx.o [1]
  .text              ro code   0x800'b2f2     0x4  startup_stm32f405xx.o [1]
  .text              ro code   0x800'b2f6     0x4  startup_stm32f405xx.o [1]
  .text              ro code   0x800'b2fa     0x4  startup_stm32f405xx.o [1]
  .text              ro code   0x800'b2fe     0x4  startup_stm32f405xx.o [1]
  .rodata            const     0x800'b302     0x0  zero_init3.o [4]
  .rodata            const     0x800'b302     0x0  lz77_init_single.o [4]
  Initializer bytes  const     0x800'b302    0x81  <for P2-1>
                             - 0x800'b383  0xb1fb

"P2", part 1 of 3:                          0x157
  P2-1                        0x2000'0000   0x157  <Init block>
    .data            inited   0x2000'0000     0x4  angle.o [1]
    .data            inited   0x2000'0004     0x4  angle.o [1]
    .data            inited   0x2000'0008     0x4  angle.o [1]
    .data            inited   0x2000'000c     0x4  as5047p.o [1]
    .data            inited   0x2000'0010     0x4  as5047p.o [1]
    .data            inited   0x2000'0014     0x4  calculate.o [1]
    .data            inited   0x2000'0018     0x4  calculate.o [1]
    .data            inited   0x2000'001c     0x4  cmd.o [1]
    .data            inited   0x2000'0020    0x18  cmd.o [1]
    .data            inited   0x2000'0038    0x18  karman.o [1]
    .data            inited   0x2000'0050    0x18  karman.o [1]
    .data            inited   0x2000'0068    0x18  karman.o [1]
    .data            inited   0x2000'0080    0x18  karman.o [1]
    .data            inited   0x2000'0098    0x18  karman.o [1]
    .data            inited   0x2000'00b0    0x18  karman.o [1]
    .data            inited   0x2000'00c8     0x4  read_data_simple.o [1]
    .data            inited   0x2000'00cc     0x4  stm32f4xx_hal.o [1]
    .data            inited   0x2000'00d0     0x4  system_stm32f4xx.o [1]
    .data            inited   0x2000'00d4    0x38  xlocale_c.o [2]
    .data            inited   0x2000'010c    0x48  xlocale_c.o [2]
    .data            inited   0x2000'0154     0x2  can_func.o [1]
    .data            inited   0x2000'0156     0x1  stm32f4xx_hal.o [1]
                            - 0x2000'0157   0x157

"P2", part 2 of 3:                          0x8e4
  .bss               zero     0x2000'0158   0x1d8  dlmalloc.o [2]
  .bss               zero     0x2000'0330    0x68  cmd.o [1]
  .bss               zero     0x2000'0398    0x64  cmd.o [1]
  .bss               zero     0x2000'03fc    0x64  cmd.o [1]
  .bss               zero     0x2000'0460    0x60  usart.o [1]
  .bss               zero     0x2000'04c0    0x60  usart.o [1]
  .bss               zero     0x2000'0520    0x58  spi.o [1]
  .bss               zero     0x2000'0578    0x54  i2c.o [1]
  .bss               zero     0x2000'05cc    0x54  read_data_simple.o [1]
  .bss               zero     0x2000'0620    0x54  read_data_simple.o [1]
  .bss               zero     0x2000'0674    0x48  flash.o [1]
  .bss               zero     0x2000'06bc    0x40  cmd.o [1]
  .bss               zero     0x2000'06fc    0x40  tim.o [1]
  .bss               zero     0x2000'073c    0x40  tim.o [1]
  .bss               zero     0x2000'077c    0x40  tim.o [1]
  .bss               zero     0x2000'07bc    0x40  tim.o [1]
  .bss               zero     0x2000'07fc    0x40  usart.o [1]
  .bss               zero     0x2000'083c    0x30  cmd.o [1]
  .bss               zero     0x2000'086c    0x2c  as5047p.o [1]
  .bss               zero     0x2000'0898    0x2c  as5047p.o [1]
  .bss               zero     0x2000'08c4    0x2c  main.o [1]
  .bss               zero     0x2000'08f0    0x28  can.o [1]
  .bss               zero     0x2000'0918    0x28  can_utils.o [1]
  .bss               zero     0x2000'0940    0x20  stm32f4xx_hal_flash.o [1]
  .bss               zero     0x2000'0960    0x1c  can_utils.o [1]
  .bss               zero     0x2000'097c    0x18  can_utils.o [1]
  .bss               zero     0x2000'0994    0x18  dlmalloc.o [2]
  .bss               zero     0x2000'09ac     0xc  calculate.o [1]
  .bss               zero     0x2000'09b8     0xc  read_data_simple.o [1]
  .bss               zero     0x2000'09c4     0x4  angle.o [1]
  .bss               zero     0x2000'09c8     0x8  can_utils.o [1]
  .bss               zero     0x2000'09d0     0x8  can_utils.o [1]
  .bss               zero     0x2000'09d8     0x8  can_utils.o [1]
  .bss               zero     0x2000'09e0     0x8  read_data_simple.o [1]
  .bss               zero     0x2000'09e8     0x8  read_data_simple.o [1]
  .bss               zero     0x2000'09f0     0x4  angle.o [1]
  .bss               zero     0x2000'09f4     0x4  angle.o [1]
  .bss               zero     0x2000'09f8     0x4  can_func.o [1]
  .bss               zero     0x2000'09fc     0x4  can_func.o [1]
  .bss               zero     0x2000'0a00     0x4  can_func.o [1]
  .bss               zero     0x2000'0a04     0x4  can_utils.o [1]
  .bss               zero     0x2000'0a08     0x4  can_utils.o [1]
  .bss               zero     0x2000'0a0c     0x4  can_utils.o [1]
  .bss               zero     0x2000'0a10     0x4  can_utils.o [1]
  .bss               zero     0x2000'0a14     0x4  cmd.o [1]
  .bss               zero     0x2000'0a18     0x4  cmd.o [1]
  .bss               zero     0x2000'0a1c     0x4  cmd.o [1]
  .bss               zero     0x2000'0a20     0x4  main.o [1]
  .bss               zero     0x2000'0a24     0x4  read_data_simple.o [1]
  .bss               zero     0x2000'0a28     0x4  read_data_simple.o [1]
  .bss               zero     0x2000'0a2c     0x4  stm32f4xx_hal.o [1]
  .bss               zero     0x2000'0a30     0x4  strtok.o [2]
  .bss               zero     0x2000'0a34     0x4  xfail_s.o [2]
  .bss               zero     0x2000'0a38     0x4  xgetmemchunk.o [2]
                            - 0x2000'0a3c   0x8e4

"P2", part 3 of 3:                         0x1400
  CSTACK                      0x2000'0a40   0x400  <Block>
    CSTACK           uninit   0x2000'0a40   0x400  <Block tail>
  HEAP                        0x2000'0e40  0x1000  <Block>
    HEAP             uninit   0x2000'0e40  0x1000  <Block tail>
                            - 0x2000'1e40  0x1400

Unused ranges:

         From           To      Size
         ----           --      ----
   0x800'b383   0x80f'ffff  0xf'4c7d
  0x2000'0157  0x2000'0157       0x1
  0x2000'0a3c  0x2000'0a3f       0x4
  0x2000'1e40  0x2001'ffff  0x1'e1c0


*******************************************************************************
*** INIT TABLE
***

          Address      Size
          -------      ----
Zero (__iar_zero_init3)
    1 destination range, total size 0x8e4:
          0x2000'0158  0x8e4

Copy/lz77 (__iar_lz77_init_single3)
    1 source range, total size 0x81 (37% of destination):
           0x800'b302   0x81
    1 destination range, total size 0x157:
          0x2000'0000  0x157



*******************************************************************************
*** MODULE SUMMARY
***

    Module                    ro code  ro data  rw data
    ------                    -------  -------  -------
command line/config:
    ---------------------------------------------------
    Total:

E:\Robocon_Value\NEW_POS_19\EWARM\NEW_POS_19\Obj: [1]
    angle.o                     1 196        4       24
    as5047p.o                   1 216       11       96
    asm330lhh_reg.o               594
    calculate.o                   108        3       20
    can.o                         244                40
    can_func.o                    140       13       14
    can_utils.o                   424       44      132
    cmd.o                         692       79      456
    cmd_func.o                  1 660    1 060
    dma.o                          64
    flash.o                       268       32       72
    gpio.o                        260
    hash.o                        528       92
    i2c.o                         240                84
    imitate_spi.o                 344
    karman.o                      200       54      144
    main.o                        958       88       48
    read_data_simple.o          1 412        1      208
    simplelib.o                    80       24
    spi.o                         248                88
    startup_stm32f405xx.o         696
    stm32f4xx_hal.o               180        3        9
    stm32f4xx_hal_can.o         1 984
    stm32f4xx_hal_cortex.o        300
    stm32f4xx_hal_dma.o         1 312        8
    stm32f4xx_hal_flash.o         508                32
    stm32f4xx_hal_flash_ex.o      388
    stm32f4xx_hal_gpio.o          572
    stm32f4xx_hal_i2c.o           464
    stm32f4xx_hal_msp.o            64
    stm32f4xx_hal_rcc.o         1 392
    stm32f4xx_hal_spi.o         1 860
    stm32f4xx_hal_tim.o         1 610
    stm32f4xx_hal_tim_ex.o         76
    stm32f4xx_hal_uart.o        2 266
    stm32f4xx_it.o                120
    system_stm32f4xx.o             96       25        4
    tim.o                         976       32      256
    usart.o                       328               256
    ---------------------------------------------------
    Total:                     26 068    1 573    1 983

dl7M_tlf.a: [2]
    abort.o                         6
    dlmalloc.o                  3 968               496
    exit.o                          4
    iar_Stoflt.o                  452
    iar_Stopfx.o                  290
    iar_Stoulx.o                  372
    iar_Stoxflt.o                 540
    isalpha.o                      20
    isspace.o                      20
    low_level_init.o                4
    strcspn.o                      34
    strspn.o                       34
    strtok.o                       76                 4
    tolower.o                      20
    vsnprint.o                     60
    xencoding_8859_1.o             30
    xfail_s.o                      64                 4
    xgetmemchunk.o                 44                 4
    xlocale_c.o                   180       54      128
    xmbcurmax.o                    10
    xprintffull.o               3 962
    xsnprout.o                     26
    ---------------------------------------------------
    Total:                     10 216       54      636

m7M_tls.a: [3]
    DblAdd.o                      378
    DblCmpEq.o                     32
    DblCmpGe.o                     46
    DblCmpLe.o                     46
    DblDiv.o                      582
    DblMul.o                      418
    DblSub.o                      226
    DblToFlt.o                    104
    DblToS32.o                     58
    DblToU32.o                     40
    FltToDbl.o                     72
    S32ToDbl.o                     34
    U32ToDbl.o                     26
    asin64.o                      244
    atan2_64.o                    320
    cos_sin64.o                 1 100
    fpinit_M.o                     34
    frexp.o                       112
    iar_Atan64.o                  520
    ldexp.o                       314
    math_wrappers64.o              66
    sqrt.o                        258
    strto64.o                   1 408
    ---------------------------------------------------
    Total:                      6 438

rt7M_tl.a: [4]
    ABImemclr4.o                    6
    ABImemcpy.o                   166
    ABImemset.o                   102
    ABImemset48.o                  50
    I64DivMod.o                   560
    I64DivZer.o                     2
    cexit.o                        10
    cmain.o                        30
    cstartup_M.o                   12
    data_init.o                    40
    lz77_init_single.o            122
    memchr.o                       88
    strchr.o                       22
    strcmp.o                       74
    strcpy.o                       76
    strlen.o                       54
    zero_init3.o                   58
    ---------------------------------------------------
    Total:                      1 472

shb_l.a: [5]
    ABIassert.o                    36
    exit.o                         20
    ---------------------------------------------------
    Total:                         56

    Gaps                           40        6
    Linker created                          32    5 120
-------------------------------------------------------
    Grand Total:               44 290    1 665    7 739


*******************************************************************************
*** ENTRY LIST
***

Entry                       Address   Size  Type      Object
-----                       -------   ----  ----      ------
.iar.init_table$$Base    0x800'acd0          --   Gb  - Linker created -
.iar.init_table$$Limit   0x800'acf0          --   Gb  - Linker created -
?main                    0x800'ad91         Code  Gb  cmain.o [4]
AHBPrescTable            0x800'afe8   0x10  Data  Gb  system_stm32f4xx.o [1]
APBPrescTable            0x800'b1b4    0x8  Data  Gb  system_stm32f4xx.o [1]
BusFault_Handler         0x800'aae3    0x2  Code  Gb  stm32f4xx_it.o [1]
CAN1_RX0_IRQHandler      0x800'ab09    0xa  Code  Gb  stm32f4xx_it.o [1]
CAN1_RX1_IRQHandler      0x800'ab13    0xa  Code  Gb  stm32f4xx_it.o [1]
CAN1_SCE_IRQHandler      0x800'ab1d    0xa  Code  Gb  stm32f4xx_it.o [1]
CANSEND_ID              0x2000'0154    0x2  Data  Gb  can_func.o [1]
CAN_config               0x800'5e4d   0x82  Code  Lc  can_utils.o [1]
CMD_USART               0x2000'06bc   0x40  Data  Gb  cmd.o [1]
CSTACK$$Base            0x2000'0a40          --   Gb  - Linker created -
CSTACK$$Limit           0x2000'0e40          --   Gb  - Linker created -
CacheMore                0x800'21bd   0x24  Code  Lc  xlocale_c.o [2]
DMA1_Stream5_IRQHandler
                         0x800'aaf5    0xa  Code  Gb  stm32f4xx_it.o [1]
DMA1_Stream6_IRQHandler
                         0x800'aaff    0xa  Code  Gb  stm32f4xx_it.o [1]
DMAUSART_RX_BUF         0x2000'03fc   0x64  Data  Gb  cmd.o [1]
DMA_CalcBaseAndBitshift
                         0x800'3da3   0x30  Code  Lc  stm32f4xx_hal_dma.o [1]
DMA_CalcBaseAndBitshift::flagBitshiftOffset
                         0x800'b1ac    0x8  Data  Lc  stm32f4xx_hal_dma.o [1]
DMA_CheckFifoParam       0x800'3de1   0x88  Code  Lc  stm32f4xx_hal_dma.o [1]
DMA_RxOK_Flag           0x2000'0a18    0x4  Data  Gb  cmd.o [1]
DMA_SetConfig            0x800'3d75   0x2e  Code  Lc  stm32f4xx_hal_dma.o [1]
DMAaRxBuffer            0x2000'0398   0x64  Data  Gb  cmd.o [1]
DebugMon_Handler         0x800'aae9    0x2  Code  Gb  stm32f4xx_it.o [1]
Delay                    0x800'4fc1   0x20  Code  Gb  tim.o [1]
Dtentox                  0x800'9575  0x192  Code  Lc  strto64.o [3]
Error_Handler            0x800'4435    0x2  Code  Gb  main.o [1]
FLASH_Erase_Sector       0x800'a2bf   0x5a  Code  Gb  stm32f4xx_hal_flash_ex.o [1]
FLASH_FlushCaches        0x800'a319   0x50  Code  Gb  stm32f4xx_hal_flash_ex.o [1]
FLASH_MassErase          0x800'a29d   0x22  Code  Lc  stm32f4xx_hal_flash_ex.o [1]
FLASH_Program_Byte       0x800'a159   0x1a  Code  Lc  stm32f4xx_hal_flash.o [1]
FLASH_Program_DoubleWord
                         0x800'a0f7   0x26  Code  Lc  stm32f4xx_hal_flash.o [1]
FLASH_Program_HalfWord   0x800'a13b   0x1e  Code  Lc  stm32f4xx_hal_flash.o [1]
FLASH_Program_Word       0x800'a11d   0x1e  Code  Lc  stm32f4xx_hal_flash.o [1]
FLASH_SetErrorCode       0x800'a173   0x68  Code  Lc  stm32f4xx_hal_flash.o [1]
FLASH_WaitForLastOperation
                         0x800'a0a7   0x50  Code  Gb  stm32f4xx_hal_flash.o [1]
Get_Basic_x              0x800'5991  0x118  Code  Gb  as5047p.o [1]
Get_Basic_y              0x800'5aa9  0x118  Code  Gb  as5047p.o [1]
Get_Wheel_x              0x800'5bc1   0xb2  Code  Gb  as5047p.o [1]
Get_Wheel_y              0x800'5c85   0xb2  Code  Gb  as5047p.o [1]
Get_Yaw_angle            0x800'55d1  0x274  Code  Gb  read_data_simple.o [1]
HAL_CAN_ActivateNotification
                         0x800'68f7   0x2c  Code  Gb  stm32f4xx_hal_can.o [1]
HAL_CAN_AddTxMessage     0x800'6699  0x10a  Code  Gb  stm32f4xx_hal_can.o [1]
HAL_CAN_ConfigFilter     0x800'6515  0x124  Code  Gb  stm32f4xx_hal_can.o [1]
HAL_CAN_GetRxMessage     0x800'67a3  0x154  Code  Gb  stm32f4xx_hal_can.o [1]
HAL_CAN_IRQHandler       0x800'6923  0x230  Code  Gb  stm32f4xx_hal_can.o [1]
HAL_CAN_Init             0x800'63a9  0x16c  Code  Gb  stm32f4xx_hal_can.o [1]
HAL_CAN_MspInit          0x800'49bf   0x98  Code  Gb  can.o [1]
HAL_CAN_RxFifo0FullCallback
                         0x800'5e4b    0x2  Code  Gb  can_utils.o [1]
HAL_CAN_RxFifo0MsgPendingCallback
                         0x800'5dd5   0x28  Code  Gb  can_utils.o [1]
HAL_CAN_Start            0x800'6639   0x5c  Code  Gb  stm32f4xx_hal_can.o [1]
HAL_DMA_Abort            0x800'3aa9   0x9c  Code  Gb  stm32f4xx_hal_dma.o [1]
HAL_DMA_Abort_IT         0x800'3b45   0x26  Code  Gb  stm32f4xx_hal_dma.o [1]
HAL_DMA_IRQHandler       0x800'3b6b  0x20a  Code  Gb  stm32f4xx_hal_dma.o [1]
HAL_DMA_Init             0x800'3949   0xe0  Code  Gb  stm32f4xx_hal_dma.o [1]
HAL_DMA_Start_IT         0x800'3a29   0x80  Code  Gb  stm32f4xx_hal_dma.o [1]
HAL_Delay                0x800'8551   0x28  Code  Wk  stm32f4xx_hal.o [1]
HAL_FLASHEx_Erase        0x800'a1f5   0xa8  Code  Gb  stm32f4xx_hal_flash_ex.o [1]
HAL_FLASH_Lock           0x800'a099    0xe  Code  Gb  stm32f4xx_hal_flash.o [1]
HAL_FLASH_Program        0x800'9ff9   0x80  Code  Gb  stm32f4xx_hal_flash.o [1]
HAL_FLASH_Unlock         0x800'a079   0x20  Code  Gb  stm32f4xx_hal_flash.o [1]
HAL_GPIO_Init            0x800'4441  0x1dc  Code  Gb  stm32f4xx_hal_gpio.o [1]
HAL_GPIO_ReadPin         0x800'461d   0x12  Code  Gb  stm32f4xx_hal_gpio.o [1]
HAL_GPIO_WritePin        0x800'462f   0x14  Code  Gb  stm32f4xx_hal_gpio.o [1]
HAL_GetTick              0x800'47a9    0xc  Code  Wk  stm32f4xx_hal.o [1]
HAL_I2C_Init             0x800'6b55  0x1b8  Code  Gb  stm32f4xx_hal_i2c.o [1]
HAL_I2C_MspInit          0x800'4aa5   0x9c  Code  Gb  i2c.o [1]
HAL_IncTick              0x800'4369   0x7a  Code  Gb  main.o [1]
HAL_Init                 0x800'4801   0x30  Code  Gb  stm32f4xx_hal.o [1]
HAL_InitTick             0x800'47b5   0x4c  Code  Wk  stm32f4xx_hal.o [1]
HAL_MspInit              0x800'6369   0x40  Code  Gb  stm32f4xx_hal_msp.o [1]
HAL_NVIC_EnableIRQ       0x800'4775    0xa  Code  Gb  stm32f4xx_hal_cortex.o [1]
HAL_NVIC_SetPriority     0x800'4753   0x22  Code  Gb  stm32f4xx_hal_cortex.o [1]
HAL_NVIC_SetPriorityGrouping
                         0x800'474b    0x8  Code  Gb  stm32f4xx_hal_cortex.o [1]
HAL_RCC_ClockConfig      0x800'3e75  0x138  Code  Gb  stm32f4xx_hal_rcc.o [1]
HAL_RCC_GetHCLKFreq      0x800'3fad    0x6  Code  Gb  stm32f4xx_hal_rcc.o [1]
HAL_RCC_GetPCLK1Freq     0x800'3fb3   0x16  Code  Gb  stm32f4xx_hal_rcc.o [1]
HAL_RCC_GetPCLK2Freq     0x800'3fc9   0x16  Code  Gb  stm32f4xx_hal_rcc.o [1]
HAL_RCC_OscConfig        0x800'5fc9  0x36c  Code  Wk  stm32f4xx_hal_rcc.o [1]
HAL_SPI_Init             0x800'6d25   0x8e  Code  Gb  stm32f4xx_hal_spi.o [1]
HAL_SPI_MspInit          0x800'4ba3   0x9a  Code  Gb  spi.o [1]
HAL_SPI_Receive          0x800'6f51  0x166  Code  Gb  stm32f4xx_hal_spi.o [1]
HAL_SPI_Transmit         0x800'6db3  0x19e  Code  Gb  stm32f4xx_hal_spi.o [1]
HAL_SPI_TransmitReceive
                         0x800'70b7  0x21e  Code  Gb  stm32f4xx_hal_spi.o [1]
HAL_SYSTICK_Config       0x800'477f    0x8  Code  Gb  stm32f4xx_hal_cortex.o [1]
HAL_TIMEx_MasterConfigSynchronization
                         0x800'7ab1   0x4c  Code  Gb  stm32f4xx_hal_tim_ex.o [1]
HAL_TIM_Base_Init        0x800'7469   0x38  Code  Gb  stm32f4xx_hal_tim.o [1]
HAL_TIM_Base_MspInit     0x800'4f2b   0x48  Code  Gb  tim.o [1]
HAL_TIM_Base_Start       0x800'74a1   0x28  Code  Gb  stm32f4xx_hal_tim.o [1]
HAL_TIM_Base_Stop        0x800'74c9   0x34  Code  Gb  stm32f4xx_hal_tim.o [1]
HAL_TIM_ConfigClockSource
                         0x800'76e9   0xe8  Code  Gb  stm32f4xx_hal_tim.o [1]
HAL_TIM_Encoder_Init     0x800'7535   0xa8  Code  Gb  stm32f4xx_hal_tim.o [1]
HAL_TIM_Encoder_MspInit
                         0x800'4e6f   0xbc  Code  Gb  tim.o [1]
HAL_TIM_MspPostInit      0x800'4f73   0x4e  Code  Gb  tim.o [1]
HAL_TIM_PWM_ConfigChannel
                         0x800'75dd   0xfc  Code  Gb  stm32f4xx_hal_tim.o [1]
HAL_TIM_PWM_Init         0x800'74fd   0x38  Code  Gb  stm32f4xx_hal_tim.o [1]
HAL_UART_DMAStop         0x800'30ef   0x72  Code  Gb  stm32f4xx_hal_uart.o [1]
HAL_UART_IDLECallback    0x800'50ef   0x6e  Code  Gb  cmd.o [1]
HAL_UART_IRQHandler      0x800'3161  0x134  Code  Gb  stm32f4xx_hal_uart.o [1]
HAL_UART_Init            0x800'2f31   0x76  Code  Gb  stm32f4xx_hal_uart.o [1]
HAL_UART_MspInit         0x800'3835   0xf0  Code  Gb  usart.o [1]
HAL_UART_Receive_DMA     0x800'303b   0xb4  Code  Gb  stm32f4xx_hal_uart.o [1]
HAL_UART_Transmit_DMA    0x800'2fa7   0x94  Code  Gb  stm32f4xx_hal_uart.o [1]
HCAN                    0x2000'0918   0x28  Data  Gb  can_utils.o [1]
HEAP$$Base              0x2000'0e40          --   Gb  - Linker created -
HEAP$$Limit             0x2000'1e40          --   Gb  - Linker created -
HardFault_Handler        0x800'aadf    0x2  Code  Gb  stm32f4xx_it.o [1]
HashTable_create         0x800'8239   0x4e  Code  Gb  hash.o [1]
HashTable_get            0x800'8321   0x60  Code  Gb  hash.o [1]
HashTable_insert         0x800'8287   0x9a  Code  Gb  hash.o [1]
HashTable_map            0x800'8381   0x72  Code  Gb  hash.o [1]
IMU_I                   0x2000'0008    0x4  Data  Gb  angle.o [1]
IMU_P                   0x2000'0004    0x4  Data  Gb  angle.o [1]
IMU_Update               0x800'8949  0x4ac  Code  Gb  angle.o [1]
KalMan                   0x800'8819   0x52  Code  Gb  karman.o [1]
LoadInt                  0x800'138b   0x7a  Code  Lc  xprintffull.o [2]
MX_CAN1_Init             0x800'4979   0x46  Code  Gb  can.o [1]
MX_DMA_Init              0x800'4939   0x40  Code  Gb  dma.o [1]
MX_GPIO_Init             0x800'4835  0x104  Code  Gb  gpio.o [1]
MX_I2C3_Init             0x800'4a6d   0x38  Code  Gb  i2c.o [1]
MX_SPI2_Init             0x800'4b5d   0x46  Code  Gb  spi.o [1]
MX_TIM2_Init             0x800'4c55   0x86  Code  Gb  tim.o [1]
MX_TIM3_Init             0x800'4cdb   0xc8  Code  Gb  tim.o [1]
MX_TIM4_Init             0x800'4da3   0x80  Code  Gb  tim.o [1]
MX_TIM6_Init             0x800'4e23   0x4c  Code  Gb  tim.o [1]
MX_USART2_UART_Init      0x800'3801   0x34  Code  Gb  usart.o [1]
MemManage_Handler        0x800'aae1    0x2  Code  Gb  stm32f4xx_it.o [1]
NMI_Handler              0x800'aadd    0x2  Code  Gb  stm32f4xx_it.o [1]
NVIC_EncodePriority      0x800'46e1   0x3c  Code  Lc  stm32f4xx_hal_cortex.o [1]
PendSV_Handler           0x800'aaeb    0x2  Code  Gb  stm32f4xx_it.o [1]
Region$$Table$$Base      0x800'acd0          --   Gb  - Linker created -
Region$$Table$$Limit     0x800'acf0          --   Gb  - Linker created -
RxHeader                0x2000'0960   0x1c  Data  Gb  can_utils.o [1]
SPI_EndRxTransaction     0x800'7375   0x92  Code  Lc  stm32f4xx_hal_spi.o [1]
SPI_EndRxTxTransaction   0x800'7407   0x5a  Code  Lc  stm32f4xx_hal_spi.o [1]
SPI_WaitFlagStateUntilTimeout
                         0x800'72d5   0xa0  Code  Lc  stm32f4xx_hal_spi.o [1]
STMFLASH_GetFlashSector
                         0x800'917f   0x72  Code  Gb  flash.o [1]
SVC_Handler              0x800'aae7    0x2  Code  Gb  stm32f4xx_it.o [1]
SysTick_Config           0x800'471d   0x2e  Code  Lc  stm32f4xx_hal_cortex.o [1]
SysTick_Handler          0x800'aaed    0x8  Code  Gb  stm32f4xx_it.o [1]
SystemClock_Config       0x800'42c7   0xa2  Code  Gb  main.o [1]
SystemCoreClock         0x2000'00d0    0x4  Data  Gb  system_stm32f4xx.o [1]
SystemInit               0x800'ab55   0x40  Code  Gb  system_stm32f4xx.o [1]
TIM_Base_SetConfig       0x800'77d1   0xba  Code  Gb  stm32f4xx_hal_tim.o [1]
TIM_ETR_SetConfig        0x800'7a9b   0x16  Code  Gb  stm32f4xx_hal_tim.o [1]
TIM_ITRx_SetConfig       0x800'7a8b   0x10  Code  Lc  stm32f4xx_hal_tim.o [1]
TIM_OC1_SetConfig        0x800'788b   0x64  Code  Lc  stm32f4xx_hal_tim.o [1]
TIM_OC2_SetConfig        0x800'78ef   0x6e  Code  Gb  stm32f4xx_hal_tim.o [1]
TIM_OC3_SetConfig        0x800'795d   0x6c  Code  Lc  stm32f4xx_hal_tim.o [1]
TIM_OC4_SetConfig        0x800'79c9   0x4c  Code  Lc  stm32f4xx_hal_tim.o [1]
TIM_TI1_ConfigInputStage
                         0x800'7a41   0x24  Code  Lc  stm32f4xx_hal_tim.o [1]
TIM_TI2_ConfigInputStage
                         0x800'7a65   0x26  Code  Lc  stm32f4xx_hal_tim.o [1]
TxHeader                0x2000'097c   0x18  Data  Gb  can_utils.o [1]
TxMailbox               0x2000'0a08    0x4  Data  Gb  can_utils.o [1]
UART_DMAAbortOnError     0x800'33b1   0x12  Code  Lc  stm32f4xx_hal_uart.o [1]
UART_DMAError            0x800'3325   0x56  Code  Lc  stm32f4xx_hal_uart.o [1]
UART_DMAReceiveCplt      0x800'32d5   0x42  Code  Lc  stm32f4xx_hal_uart.o [1]
UART_DMARxHalfCplt       0x800'3319    0xa  Code  Lc  stm32f4xx_hal_uart.o [1]
UART_DMATransmitCplt     0x800'3295   0x32  Code  Lc  stm32f4xx_hal_uart.o [1]
UART_DMATxHalfCplt       0x800'32c9    0xa  Code  Lc  stm32f4xx_hal_uart.o [1]
UART_EndRxTransfer       0x800'338f   0x20  Code  Lc  stm32f4xx_hal_uart.o [1]
UART_EndTransmit_IT      0x800'342f   0x1c  Code  Lc  stm32f4xx_hal_uart.o [1]
UART_EndTxTransfer       0x800'337b   0x14  Code  Lc  stm32f4xx_hal_uart.o [1]
UART_Receive_IT          0x800'344b   0xa8  Code  Lc  stm32f4xx_hal_uart.o [1]
UART_SetConfig           0x800'34f3  0x302  Code  Lc  stm32f4xx_hal_uart.o [1]
UART_Transmit_IT         0x800'33c5   0x6a  Code  Lc  stm32f4xx_hal_uart.o [1]
USART2_IRQHandler        0x800'ab27   0x1a  Code  Gb  stm32f4xx_it.o [1]
UsageFault_Handler       0x800'aae5    0x2  Code  Gb  stm32f4xx_it.o [1]
_Encoding_8859_1_Mbrlen
                         0x800'2259    0x2  Code  Gb  xencoding_8859_1.o [2]
_Encoding_8859_1_Wctomb
                         0x800'2247   0x12  Code  Gb  xencoding_8859_1.o [2]
_GenldFull               0x800'1e1d  0x274  Code  Lc  xprintffull.o [2]
_LdtobFull               0x800'19f1  0x400  Code  Lc  xprintffull.o [2]
_LitobFull               0x800'1899  0x112  Code  Lc  xprintffull.o [2]
_LocaleC_isalpha         0x800'2183    0xc  Code  Gb  xlocale_c.o [2]
_LocaleC_islower         0x800'217d    0x4  Code  Gb  xlocale_c.o [2]
_LocaleC_isspace         0x800'2199   0x14  Code  Gb  xlocale_c.o [2]
_LocaleC_isupper         0x800'2181    0x2  Code  Gb  xlocale_c.o [2]
_LocaleC_tolower         0x800'21ad    0xc  Code  Gb  xlocale_c.o [2]
_Locale_lconv           0x2000'00d4   0x38  Data  Lc  xlocale_c.o [2]
_PrintfFull              0x800'11c9  0x1aa  Code  Gb  xprintffull.o [2]
_PutcharsFull            0x800'2091   0x2e  Code  Lc  xprintffull.o [2]
_PutfldFull              0x800'1405  0x2d8  Code  Lc  xprintffull.o [2]
_PutstrFull              0x800'17d3   0xc6  Code  Lc  xprintffull.o [2]
_PuttxtFull              0x800'16dd   0xf6  Code  Lc  xprintffull.o [2]
_SNProut                 0x800'22db   0x1a  Code  Gb  xsnprout.o [2]
_Strtok_ssave           0x2000'0a30    0x4  Data  Lc  strtok.o [2]
__NVIC_EnableIRQ         0x800'46a1   0x1c  Code  Lc  stm32f4xx_hal_cortex.o [1]
__NVIC_GetPriorityGrouping
                         0x800'4697    0xa  Code  Lc  stm32f4xx_hal_cortex.o [1]
__NVIC_SetPriority       0x800'46bd   0x24  Code  Lc  stm32f4xx_hal_cortex.o [1]
__NVIC_SetPriorityGrouping
                         0x800'467d   0x1a  Code  Lc  stm32f4xx_hal_cortex.o [1]
__NVIC_SystemReset       0x800'7afd   0x1e  Code  Lc  cmd_func.o [1]
__aeabi_assert           0x800'9229   0x24  Code  Gb  ABIassert.o [5]
__aeabi_cdcmpeq          0x800'aabd         Code  Gb  DblCmpEq.o [3]
__aeabi_cdcmple          0x800'2845         Code  Gb  DblCmpLe.o [3]
__aeabi_cdrcmple         0x800'2875         Code  Gb  DblCmpGe.o [3]
__aeabi_d2f              0x800'88e1         Code  Gb  DblToFlt.o [3]
__aeabi_d2iz             0x800'29e1         Code  Gb  DblToS32.o [3]
__aeabi_d2uiz            0x800'2d6d         Code  Gb  DblToU32.o [3]
__aeabi_dadd             0x800'2db5         Code  Gb  DblAdd.o [3]
__aeabi_ddiv             0x800'2b25         Code  Gb  DblDiv.o [3]
__aeabi_dmul             0x800'2631         Code  Gb  DblMul.o [3]
__aeabi_dsub             0x800'2a41         Code  Gb  DblSub.o [3]
__aeabi_f2d              0x800'5f81         Code  Gb  FltToDbl.o [3]
__aeabi_i2d              0x800'2a1d         Code  Gb  S32ToDbl.o [3]
__aeabi_ldiv0            0x800'2db1         Code  Gb  I64DivZer.o [4]
__aeabi_memclr4          0x800'4439         Code  Gb  ABImemclr4.o [4]
__aeabi_memcpy           0x800'2359         Code  Gb  ABImemcpy.o [4]
__aeabi_memcpy4          0x800'2379         Code  Gb  ABImemcpy.o [4]
__aeabi_memcpy8          0x800'2379         Code  Gb  ABImemcpy.o [4]
__aeabi_memset           0x800'8415         Code  Gb  ABImemset.o [4]
__aeabi_ui2d             0x800'2d95         Code  Gb  U32ToDbl.o [3]
__aeabi_uldivmod         0x800'2401         Code  Gb  I64DivMod.o [4]
__cmain                  0x800'ad91         Code  Gb  cmain.o [4]
__data_GetMemChunk       0x800'1189   0x2c  Code  Gb  xgetmemchunk.o [2]
__data_GetMemChunk::start
                        0x2000'0a38    0x4  Data  Lc  xgetmemchunk.o [2]
__exit                   0x800'11b5   0x14  Code  Gb  exit.o [5]
__iar_Atan64             0x800'a8a1  0x170  Code  Gb  iar_Atan64.o [3]
__iar_Fail_s             0x800'2265   0x1c  Code  Gb  xfail_s.o [2]
__iar_Mbcurmax           0x800'234d    0xa  Code  Gb  xmbcurmax.o [2]
__iar_Memchr             0x800'22f5         Code  Gb  memchr.o [4]
__iar_Memset             0x800'8415         Code  Gb  ABImemset.o [4]
__iar_Memset4_word       0x800'6335         Code  Gb  ABImemset48.o [4]
__iar_Memset8_word       0x800'6335         Code  Gb  ABImemset48.o [4]
__iar_Memset_word        0x800'841d         Code  Gb  ABImemset.o [4]
__iar_Sin64              0x800'9b85  0x3b2  Code  Lc  cos_sin64.o [3]
__iar_Sto64              0x800'9719  0x19e  Code  Gb  strto64.o [3]
__iar_Stoflt             0x800'a49d  0x1c4  Code  Gb  iar_Stoflt.o [2]
__iar_Stopfx             0x800'a379  0x122  Code  Gb  iar_Stopfx.o [2]
__iar_Stoulx             0x800'8fa9  0x112  Code  Gb  iar_Stoulx.o [2]
__iar_Stoxflt            0x800'a661  0x1e6  Code  Gb  iar_Stoxflt.o [2]
__iar_Stoxflt::digits    0x800'a84c   0x18  Data  Lc  iar_Stoxflt.o [2]
__iar_Stoxflt::vals      0x800'a864   0x18  Data  Lc  iar_Stoxflt.o [2]
__iar_Strchr             0x800'2231         Code  Gb  strchr.o [4]
__iar_asin64             0x800'9951   0xf4  Code  Gb  asin64.o [3]
__iar_atan2_64           0x800'9a45  0x140  Code  Gb  atan2_64.o [3]
__iar_cos64              0x800'9fc9    0x4  Code  Gb  cos_sin64.o [3]
__iar_cos_medium         0x800'9fc9    0x4  Code  Gb  cos_sin64.o [3]
__iar_cos_medium64       0x800'9fc9    0x4  Code  Gb  cos_sin64.o [3]
__iar_cos_mediuml        0x800'9fc9    0x4  Code  Gb  cos_sin64.o [3]
__iar_dadd               0x800'2a51         Code  Gb  DblSub.o [3]
__iar_data_init3         0x800'ac85   0x28  Code  Gb  data_init.o [4]
__iar_dlmalloc           0x800'0e4d  0x2b6  Code  Gb  dlmalloc.o [2]
__iar_dsub               0x800'2dc5         Code  Gb  DblAdd.o [3]
__iar_dsubStart          0x800'2dd7         Code  Gb  DblAdd.o [3]
__iar_frexp              0x800'27e1         Code  Gb  frexp.o [3]
__iar_frexpl             0x800'27e1         Code  Gb  frexp.o [3]
__iar_globLocale        0x2000'010c   0x48  Data  Lc  xlocale_c.o [2]
__iar_global_Locale      0x800'21b9    0x4  Code  Gb  xlocale_c.o [2]
__iar_init_vfp           0x800'acad         Code  Gb  fpinit_M.o [3]
__iar_ldexp64            0x800'28a5         Code  Gb  ldexp.o [3]
__iar_lz77_init_single3
                         0x800'110f   0x7a  Code  Gb  lz77_init_single.o [4]
__iar_program_start      0x800'b0f9         Code  Gb  cstartup_M.o [4]
__iar_scalbln64          0x800'28a5         Code  Gb  ldexp.o [3]
__iar_scalbn64           0x800'28a5         Code  Gb  ldexp.o [3]
__iar_sin64              0x800'9fcd    0x4  Code  Gb  cos_sin64.o [3]
__iar_sin_medium         0x800'9fcd    0x4  Code  Gb  cos_sin64.o [3]
__iar_sin_medium64       0x800'9fcd    0x4  Code  Gb  cos_sin64.o [3]
__iar_sin_mediuml        0x800'9fcd    0x4  Code  Gb  cos_sin64.o [3]
__iar_softfp___iar_frexp64
                         0x800'27d5         Code  Gb  frexp.o [3]
__iar_softfp_frexp       0x800'27d5         Code  Gb  frexp.o [3]
__iar_softfp_frexpl      0x800'27d5         Code  Gb  frexp.o [3]
__iar_sqrt64             0x800'92a1         Code  Gb  sqrt.o [3]
__iar_vfp___iar_sqrt64   0x800'9291         Code  Gb  sqrt.o [3]
__iar_vfp_asin           0x800'8e03    0xc  Code  Gb  math_wrappers64.o [3]
__iar_vfp_atan2          0x800'8e0f   0x10  Code  Gb  math_wrappers64.o [3]
__iar_vfp_atof           0x800'8dfb    0x8  Code  Gb  math_wrappers64.o [3]
__iar_vfp_cos            0x800'8e1f    0xc  Code  Gb  math_wrappers64.o [3]
__iar_vfp_sin            0x800'8e2b    0xc  Code  Gb  math_wrappers64.o [3]
__iar_vfp_sqrt           0x800'9291         Code  Gb  sqrt.o [3]
__iar_vfp_sqrtl          0x800'9291         Code  Gb  sqrt.o [3]
__iar_zero_init3         0x800'2143   0x3a  Code  Gb  zero_init3.o [4]
__low_level_init         0x800'adaf    0x4  Code  Gb  low_level_init.o [2]
__vector_table           0x800'0000         Data  Gb  startup_stm32f405xx.o [1]
_call_main               0x800'ad9d         Code  Gb  cmain.o [4]
_cmd_help                0x800'52d9   0x10  Code  Lc  cmd.o [1]
_exit                    0x800'adb9         Code  Gb  cexit.o [4]
_gLocale_mblen           0x800'221d    0x4  Code  Gb  xlocale_c.o [2]
_gLocale_mblenInt        0x800'21e1   0x2c  Code  Gb  xlocale_c.o [2]
_gLocale_wctomb          0x800'2221    0x4  Code  Gb  xlocale_c.o [2]
_gLocale_wctombInt       0x800'2219    0x4  Code  Gb  xlocale_c.o [2]
_gm_                    0x2000'0158  0x1d8  Data  Lc  dlmalloc.o [2]
_main                    0x800'adab         Code  Gb  cmain.o [4]
a                        0x800'aa68   0x40  Data  Lc  iar_Atan64.o [3]
abort                    0x800'1109    0x6  Code  Gb  abort.o [2]
add_segment              0x800'0551  0x1f2  Code  Lc  dlmalloc.o [2]
angle                   0x2000'05cc   0x54  Data  Gb  read_data_simple.o [1]
angle_toshow             0x800'5f15   0x50  Code  Gb  calculate.o [1]
as5047p_Get_Position_x   0x800'58ad   0x3a  Code  Gb  as5047p.o [1]
as5047p_Get_Position_y   0x800'58e7   0x3a  Code  Gb  as5047p.o [1]
asin                     0x800'9951   0xf4  Code  Gb  asin64.o [3]
asinl                    0x800'9951   0xf4  Code  Gb  asin64.o [3]
asm330lhh_acceleration_raw_get
                         0x800'8729    0xe  Code  Gb  asm330lhh_reg.o [1]
asm330lhh_angular_rate_raw_get
                         0x800'871b    0xe  Code  Gb  asm330lhh_reg.o [1]
asm330lhh_block_data_update_set
                         0x800'86dd   0x30  Code  Gb  asm330lhh_reg.o [1]
asm330lhh_device_id_get
                         0x800'8737    0xe  Code  Gb  asm330lhh_reg.o [1]
asm330lhh_device_init    0x800'53d1   0x90  Code  Gb  read_data_simple.o [1]
asm330lhh_from_fs2000dps_to_mdps
                         0x800'85f9   0x14  Code  Gb  asm330lhh_reg.o [1]
asm330lhh_from_fs4g_to_mg
                         0x800'85e5   0x14  Code  Gb  asm330lhh_reg.o [1]
asm330lhh_gy_data_rate_set
                         0x800'86a9   0x34  Code  Gb  asm330lhh_reg.o [1]
asm330lhh_gy_full_scale_set
                         0x800'8679   0x30  Code  Gb  asm330lhh_reg.o [1]
asm330lhh_init           0x800'553b   0x92  Code  Gb  read_data_simple.o [1]
asm330lhh_read_reg       0x800'85c5   0x10  Code  Gb  asm330lhh_reg.o [1]
asm330lhh_reset_get      0x800'8775   0x1a  Code  Gb  asm330lhh_reg.o [1]
asm330lhh_reset_set      0x800'8745   0x30  Code  Gb  asm330lhh_reg.o [1]
asm330lhh_run            0x800'5461   0xda  Code  Gb  read_data_simple.o [1]
asm330lhh_run::data_raw_acceleration
                        0x2000'09e0    0x8  Data  Lc  read_data_simple.o [1]
asm330lhh_run::data_raw_angular_rate
                        0x2000'09e8    0x8  Data  Lc  read_data_simple.o [1]
asm330lhh_status_reg_get
                         0x800'870d    0xe  Code  Gb  asm330lhh_reg.o [1]
asm330lhh_write_reg      0x800'85d5   0x10  Code  Gb  asm330lhh_reg.o [1]
asm330lhh_xl_data_rate_set
                         0x800'8645   0x34  Code  Gb  asm330lhh_reg.o [1]
asm330lhh_xl_filter_lp2_set
                         0x800'878f   0x30  Code  Gb  asm330lhh_reg.o [1]
asm330lhh_xl_full_scale_set
                         0x800'8615   0x30  Code  Gb  asm330lhh_reg.o [1]
asm330lhh_xl_hp_path_on_out_set
                         0x800'87bf   0x58  Code  Gb  asm330lhh_reg.o [1]
atan2                    0x800'9a45  0x140  Code  Gb  atan2_64.o [3]
atan2l                   0x800'9a45  0x140  Code  Gb  atan2_64.o [3]
atof                     0x800'98fd    0x8  Code  Gb  strto64.o [3]
atoi                     0x800'90c1    0x2  Code  Gb  iar_Stoulx.o [2]
buffer_count            0x2000'0a1c    0x4  Data  Gb  cmd.o [1]
can_callback_add         0x800'5d9f   0x1c  Code  Gb  can_utils.o [1]
can_callback_table      0x2000'0a10    0x4  Data  Lc  can_utils.o [1]
can_exc_callback         0x800'5dbb   0x1a  Code  Gb  can_utils.o [1]
can_exc_callback_flag   0x2000'0a04    0x4  Data  Gb  can_utils.o [1]
can_func_init            0x800'81b1   0x1c  Code  Gb  can_func.o [1]
can_init                 0x800'5d6d   0x32  Code  Gb  can_utils.o [1]
can_rx_data             0x2000'09c8    0x8  Data  Gb  can_utils.o [1]
can_send_msg             0x800'5e23   0x28  Code  Gb  can_utils.o [1]
can_send_test            0x800'5dfd   0x26  Code  Gb  can_utils.o [1]
can_suc_rx               0x800'8179    0xa  Code  Gb  can_func.o [1]
can_tx_data             0x2000'09d0    0x8  Data  Gb  can_utils.o [1]
change_kn                0x800'7bf1   0x2a  Code  Gb  cmd_func.o [1]
change_ks                0x800'7c1b   0x2a  Code  Gb  cmd_func.o [1]
cmd_add                  0x800'51d1   0x54  Code  Gb  cmd.o [1]
cmd_argv                0x2000'083c   0x30  Data  Gb  cmd.o [1]
cmd_can_test             0x800'7c5b   0x10  Code  Gb  cmd_func.o [1]
cmd_default_func         0x800'7c91   0xa6  Code  Gb  cmd_func.o [1]
cmd_exec                 0x800'518b   0x2c  Code  Gb  cmd.o [1]
cmd_func_init            0x800'7f49   0xba  Code  Gb  cmd_func.o [1]
cmd_hello_func           0x800'7c6b    0xc  Code  Gb  cmd_func.o [1]
cmd_help_func            0x800'51b9   0x18  Code  Gb  cmd.o [1]
cmd_init                 0x800'509f   0x26  Code  Gb  cmd.o [1]
cmd_modify_CANID_func    0x800'7e6d   0x32  Code  Gb  cmd_func.o [1]
cmd_modify_C_func        0x800'7dc9   0x52  Code  Gb  cmd_func.o [1]
cmd_modify_D_func        0x800'7e1b   0x52  Code  Gb  cmd_func.o [1]
cmd_parse                0x800'515d   0x2e  Code  Gb  cmd.o [1]
cmd_readangle_func       0x800'7d7f   0x22  Code  Gb  cmd_func.o [1]
cmd_readcircle_func      0x800'7d5d   0x22  Code  Gb  cmd_func.o [1]
cmd_readpos_func         0x800'7d37   0x26  Code  Gb  cmd_func.o [1]
cmd_reset_func           0x800'7c83    0xe  Code  Gb  cmd_func.o [1]
cmd_resetvega_func       0x800'7c45   0x16  Code  Gb  cmd_func.o [1]
cmd_send_wave_func       0x800'7da1   0x28  Code  Gb  cmd_func.o [1]
cmd_setxy_func           0x800'7e9f   0x60  Code  Gb  cmd_func.o [1]
cmd_show_func            0x800'7eff   0x4a  Code  Gb  cmd_func.o [1]
cmd_table               0x2000'0a14    0x4  Data  Lc  cmd.o [1]
cmd_test_func            0x800'7b1b   0xd6  Code  Gb  cmd_func.o [1]
cmd_version_func         0x800'7c77    0xc  Code  Gb  cmd_func.o [1]
cmpAtom                  0x800'8205    0xe  Code  Lc  hash.o [1]
cos                      0x800'9fc9    0x4  Code  Gb  cos_sin64.o [3]
cosl                     0x800'9fc9    0x4  Code  Gb  cos_sin64.o [3]
ddiv                     0x800'949d   0xc8  Code  Lc  strto64.o [3]
delim                   0x2000'001c    0x4  Data  Lc  cmd.o [1]
delta_time              0x2000'00c8    0x4  Data  Gb  read_data_simple.o [1]
dev_ctx                 0x2000'09b8    0xc  Data  Gb  read_data_simple.o [1]
diameter_x              0x2000'000c    0x4  Data  Gb  as5047p.o [1]
diameter_y              0x2000'0010    0x4  Data  Gb  as5047p.o [1]
digits                   0x800'90cc   0x28  Data  Lc  iar_Stoulx.o [2]
dmul                     0x800'93d1   0xca  Code  Lc  strto64.o [3]
exit                     0x800'adb3    0x4  Code  Gb  exit.o [2]
flag                    0x2000'08c4   0x2c  Data  Gb  main.o [1]
flag_init                0x800'4079   0x32  Code  Gb  main.o [1]
flash_data              0x2000'0674   0x48  Data  Gb  flash.o [1]
freeKeyAtom              0x800'8217    0x2  Code  Lc  hash.o [1]
hashAtom                 0x800'8213    0x4  Code  Lc  hash.o [1]
hashStr                  0x800'8219   0x20  Code  Gb  hash.o [1]
hash_id                  0x800'5f01    0x4  Code  Lc  can_utils.o [1]
hcan1                   0x2000'08f0   0x28  Data  Gb  can.o [1]
hdma_usart2_rx          0x2000'0460   0x60  Data  Gb  usart.o [1]
hdma_usart2_tx          0x2000'04c0   0x60  Data  Gb  usart.o [1]
hi2c3                   0x2000'0578   0x54  Data  Gb  i2c.o [1]
hspi2                   0x2000'0520   0x58  Data  Gb  spi.o [1]
htim2                   0x2000'06fc   0x40  Data  Gb  tim.o [1]
htim3                   0x2000'073c   0x40  Data  Gb  tim.o [1]
htim4                   0x2000'077c   0x40  Data  Gb  tim.o [1]
htim6                   0x2000'07bc   0x40  Data  Gb  tim.o [1]
huart2                  0x2000'07fc   0x40  Data  Gb  usart.o [1]
id_cmp                   0x800'5f05   0x10  Code  Lc  can_utils.o [1]
init_mparams             0x800'01a3   0x32  Code  Lc  dlmalloc.o [2]
init_top                 0x800'01d5   0x36  Code  Lc  dlmalloc.o [2]
isalpha                  0x800'aaa9   0x14  Code  Gb  isalpha.o [2]
ispi1_write_read         0x800'8e8b   0x4e  Code  Gb  imitate_spi.o [1]
ispi1_write_read_byte    0x800'8e39   0x52  Code  Gb  imitate_spi.o [1]
ispi3_write_read         0x800'8f39   0x4e  Code  Gb  imitate_spi.o [1]
ispi3_write_read_byte    0x800'8ed9   0x60  Code  Gb  imitate_spi.o [1]
isspace                  0x800'9fd1   0x14  Code  Gb  isspace.o [2]
k_n                     0x2000'0a24    0x4  Data  Gb  read_data_simple.o [1]
k_s                     0x2000'0a28    0x4  Data  Gb  read_data_simple.o [1]
kal_ang1                0x2000'0038   0x18  Data  Gb  karman.o [1]
kal_ang2                0x2000'0050   0x18  Data  Gb  karman.o [1]
kal_ang3                0x2000'0068   0x18  Data  Gb  karman.o [1]
kal_ang4                0x2000'0080   0x18  Data  Gb  karman.o [1]
kal_ang5                0x2000'0098   0x18  Data  Gb  karman.o [1]
kal_ang6                0x2000'00b0   0x18  Data  Gb  karman.o [1]
kalman_all               0x800'886d   0x5a  Code  Gb  karman.o [1]
kx_center               0x2000'0014    0x4  Data  Gb  calculate.o [1]
ky_center               0x2000'0018    0x4  Data  Gb  calculate.o [1]
last_vega               0x2000'09fc    0x4  Data  Gb  can_func.o [1]
ldexp                    0x800'28a5         Code  Gb  ldexp.o [3]
ldexpl                   0x800'28a5         Code  Gb  ldexp.o [3]
localeconv               0x800'2225    0x4  Code  Gb  xlocale_c.o [2]
main                     0x800'40ad  0x21a  Code  Gb  main.o [1]
memchr                   0x800'22f5         Code  Gb  memchr.o [4]
mparams                 0x2000'0994   0x18  Data  Lc  dlmalloc.o [2]
ndigs                    0x800'90f4   0x28  Data  Lc  iar_Stoulx.o [2]
pFlash                  0x2000'0940   0x20  Data  Gb  stm32f4xx_hal_flash.o [1]
platform_read            0x800'5377   0x5a  Code  Lc  read_data_simple.o [1]
platform_write           0x800'5329   0x4e  Code  Lc  read_data_simple.o [1]
position                0x2000'09ac    0xc  Data  Gb  calculate.o [1]
pows                     0x800'9908   0x48  Data  Lc  strto64.o [3]
pre_angle               0x2000'0620   0x54  Data  Gb  read_data_simple.o [1]
prepend_alloc            0x800'020b  0x346  Code  Lc  dlmalloc.o [2]
print_buffer            0x2000'0330   0x68  Data  Gb  cmd.o [1]
q0                      0x2000'0000    0x4  Data  Gb  angle.o [1]
q1                      0x2000'09c4    0x4  Data  Gb  angle.o [1]
q2                      0x2000'09f0    0x4  Data  Gb  angle.o [1]
q3                      0x2000'09f4    0x4  Data  Gb  angle.o [1]
response                 0x800'81a3    0xe  Code  Gb  can_func.o [1]
rx_buffer               0x2000'09d8    0x8  Data  Lc  can_utils.o [1]
rx_id                   0x2000'0a0c    0x4  Data  Lc  can_utils.o [1]
s                       0x2000'0020   0x18  Data  Lc  cmd.o [1]
scalbln                  0x800'28a5         Code  Gb  ldexp.o [3]
scalblnl                 0x800'28a5         Code  Gb  ldexp.o [3]
scalbn                   0x800'28a5         Code  Gb  ldexp.o [3]
scalbnl                  0x800'28a5         Code  Gb  ldexp.o [3]
scale                    0x800'19ab   0x46  Code  Lc  xprintffull.o [2]
sec_hand                0x2000'0a34    0x4  Data  Lc  xfail_s.o [2]
segment_holding          0x800'0189   0x1a  Code  Lc  dlmalloc.o [2]
send_Angle               0x800'81cd   0x14  Code  Gb  can_func.o [1]
send_wave                0x800'5265   0x5c  Code  Gb  cmd.o [1]
simplelib_init           0x800'5025   0x1e  Code  Gb  simplelib.o [1]
simplelib_run            0x800'5043   0x24  Code  Gb  simplelib.o [1]
sin                      0x800'9fcd    0x4  Code  Gb  cos_sin64.o [3]
sinl                     0x800'9fcd    0x4  Code  Gb  cos_sin64.o [3]
sqrt                     0x800'92a1         Code  Gb  sqrt.o [3]
sqrtl                    0x800'92a1         Code  Gb  sqrt.o [3]
str_cmp                  0x800'52c5   0x14  Code  Lc  cmd.o [1]
strchr                   0x800'2231         Code  Gb  strchr.o [4]
strcmp                   0x800'8579         Code  Gb  strcmp.o [4]
strcpy                   0x800'847d         Code  Gb  strcpy.o [4]
strcspn                  0x800'926f   0x22  Code  Gb  strcspn.o [2]
strlen                   0x800'22a5         Code  Gb  strlen.o [4]
strspn                   0x800'924d   0x22  Code  Gb  strspn.o [2]
strtok                   0x800'84c9   0x4c  Code  Gb  strtok.o [2]
sys_alloc                0x800'0749  0x164  Code  Lc  dlmalloc.o [2]
time_ms                 0x2000'0a20    0x4  Data  Lc  main.o [1]
tmalloc_large            0x800'08b9  0x386  Code  Lc  dlmalloc.o [2]
tmalloc_small            0x800'0c3f  0x200  Code  Lc  dlmalloc.o [2]
tolower                  0x800'9fe5   0x14  Code  Gb  tolower.o [2]
uprintf                  0x800'5225   0x40  Code  Gb  cmd.o [1]
usart_DMA_init           0x800'5075   0x2a  Code  Gb  cmd.o [1]
usart_exc_DMA            0x800'50c5   0x2a  Code  Gb  cmd.o [1]
uwTick                  0x2000'0a2c    0x4  Data  Gb  stm32f4xx_hal.o [1]
uwTickFreq              0x2000'0156    0x1  Data  Gb  stm32f4xx_hal.o [1]
uwTickPrio              0x2000'00cc    0x4  Data  Gb  stm32f4xx_hal.o [1]
vega                    0x2000'09f8    0x4  Data  Gb  can_func.o [1]
vega_msg                 0x800'8183   0x20  Code  Gb  can_func.o [1]
vega_speed              0x2000'0a00    0x4  Data  Gb  can_func.o [1]
vsnprintf                0x800'8515   0x3c  Code  Gb  vsnprint.o [2]
wheel_init               0x800'5921   0x6e  Code  Gb  as5047p.o [1]
wheel_x                 0x2000'086c   0x2c  Data  Gb  as5047p.o [1]
wheel_y                 0x2000'0898   0x2c  Data  Gb  as5047p.o [1]
write_prams              0x800'911d   0x62  Code  Gb  flash.o [1]


[1] = E:\Robocon_Value\NEW_POS_19\EWARM\NEW_POS_19\Obj
[2] = dl7M_tlf.a
[3] = m7M_tls.a
[4] = rt7M_tl.a
[5] = shb_l.a

  44 290 bytes of readonly  code memory
   1 665 bytes of readonly  data memory
   7 739 bytes of readwrite data memory

Errors: none
Warnings: none
