###############################################################################
#
# IAR ELF Linker V8.30.1.114/W32 for ARM                  09/Nov/2019  07:24:31
# Copyright 2007-2018 IAR Systems AB.
#
#    Output file  =  
#        E:\Robocon_Value\NEW_POS_19\EWARM\NEW_POS_19\Exe\NEW_POS_19.out
#    Map file     =  
#        E:\Robocon_Value\NEW_POS_19\EWARM\NEW_POS_19\List\NEW_POS_19.map
#    Command line =  
#        -f C:\Users\DELL\AppData\Local\Temp\EW8630.tmp
#        (E:\Robocon_Value\NEW_POS_19\EWARM\NEW_POS_19\Obj\angle.o
#        E:\Robocon_Value\NEW_POS_19\EWARM\NEW_POS_19\Obj\as5047p.o
#        E:\Robocon_Value\NEW_POS_19\EWARM\NEW_POS_19\Obj\asm330lhh_reg.o
#        E:\Robocon_Value\NEW_POS_19\EWARM\NEW_POS_19\Obj\calculate.o
#        E:\Robocon_Value\NEW_POS_19\EWARM\NEW_POS_19\Obj\can.o
#        E:\Robocon_Value\NEW_POS_19\EWARM\NEW_POS_19\Obj\can_func.o
#        E:\Robocon_Value\NEW_POS_19\EWARM\NEW_POS_19\Obj\can_utils.o
#        E:\Robocon_Value\NEW_POS_19\EWARM\NEW_POS_19\Obj\cmd.o
#        E:\Robocon_Value\NEW_POS_19\EWARM\NEW_POS_19\Obj\cmd_func.o
#        E:\Robocon_Value\NEW_POS_19\EWARM\NEW_POS_19\Obj\dma.o
#        E:\Robocon_Value\NEW_POS_19\EWARM\NEW_POS_19\Obj\easy_angle.o
#        E:\Robocon_Value\NEW_POS_19\EWARM\NEW_POS_19\Obj\encoder.o
#        E:\Robocon_Value\NEW_POS_19\EWARM\NEW_POS_19\Obj\flash.o
#        E:\Robocon_Value\NEW_POS_19\EWARM\NEW_POS_19\Obj\gpio.o
#        E:\Robocon_Value\NEW_POS_19\EWARM\NEW_POS_19\Obj\hash.o
#        E:\Robocon_Value\NEW_POS_19\EWARM\NEW_POS_19\Obj\i2c.o
#        E:\Robocon_Value\NEW_POS_19\EWARM\NEW_POS_19\Obj\imitate_spi.o
#        E:\Robocon_Value\NEW_POS_19\EWARM\NEW_POS_19\Obj\karman.o
#        E:\Robocon_Value\NEW_POS_19\EWARM\NEW_POS_19\Obj\main.o
#        E:\Robocon_Value\NEW_POS_19\EWARM\NEW_POS_19\Obj\read_data_simple.o
#        E:\Robocon_Value\NEW_POS_19\EWARM\NEW_POS_19\Obj\simplelib.o
#        E:\Robocon_Value\NEW_POS_19\EWARM\NEW_POS_19\Obj\spi.o
#        E:\Robocon_Value\NEW_POS_19\EWARM\NEW_POS_19\Obj\startup_stm32f405xx.o
#        E:\Robocon_Value\NEW_POS_19\EWARM\NEW_POS_19\Obj\stm32f4xx_hal.o
#        E:\Robocon_Value\NEW_POS_19\EWARM\NEW_POS_19\Obj\stm32f4xx_hal_adc_ex.o
#        E:\Robocon_Value\NEW_POS_19\EWARM\NEW_POS_19\Obj\stm32f4xx_hal_can.o
#        E:\Robocon_Value\NEW_POS_19\EWARM\NEW_POS_19\Obj\stm32f4xx_hal_cortex.o
#        E:\Robocon_Value\NEW_POS_19\EWARM\NEW_POS_19\Obj\stm32f4xx_hal_dma.o
#        E:\Robocon_Value\NEW_POS_19\EWARM\NEW_POS_19\Obj\stm32f4xx_hal_dma_ex.o
#        E:\Robocon_Value\NEW_POS_19\EWARM\NEW_POS_19\Obj\stm32f4xx_hal_exti.o
#        E:\Robocon_Value\NEW_POS_19\EWARM\NEW_POS_19\Obj\stm32f4xx_hal_flash.o
#        E:\Robocon_Value\NEW_POS_19\EWARM\NEW_POS_19\Obj\stm32f4xx_hal_flash_ex.o
#        E:\Robocon_Value\NEW_POS_19\EWARM\NEW_POS_19\Obj\stm32f4xx_hal_flash_ramfunc.o
#        E:\Robocon_Value\NEW_POS_19\EWARM\NEW_POS_19\Obj\stm32f4xx_hal_gpio.o
#        E:\Robocon_Value\NEW_POS_19\EWARM\NEW_POS_19\Obj\stm32f4xx_hal_i2c.o
#        E:\Robocon_Value\NEW_POS_19\EWARM\NEW_POS_19\Obj\stm32f4xx_hal_i2c_ex.o
#        E:\Robocon_Value\NEW_POS_19\EWARM\NEW_POS_19\Obj\stm32f4xx_hal_msp.o
#        E:\Robocon_Value\NEW_POS_19\EWARM\NEW_POS_19\Obj\stm32f4xx_hal_pwr.o
#        E:\Robocon_Value\NEW_POS_19\EWARM\NEW_POS_19\Obj\stm32f4xx_hal_pwr_ex.o
#        E:\Robocon_Value\NEW_POS_19\EWARM\NEW_POS_19\Obj\stm32f4xx_hal_rcc.o
#        E:\Robocon_Value\NEW_POS_19\EWARM\NEW_POS_19\Obj\stm32f4xx_hal_rcc_ex.o
#        E:\Robocon_Value\NEW_POS_19\EWARM\NEW_POS_19\Obj\stm32f4xx_hal_spi.o
#        E:\Robocon_Value\NEW_POS_19\EWARM\NEW_POS_19\Obj\stm32f4xx_hal_tim.o
#        E:\Robocon_Value\NEW_POS_19\EWARM\NEW_POS_19\Obj\stm32f4xx_hal_tim_ex.o
#        E:\Robocon_Value\NEW_POS_19\EWARM\NEW_POS_19\Obj\stm32f4xx_hal_uart.o
#        E:\Robocon_Value\NEW_POS_19\EWARM\NEW_POS_19\Obj\stm32f4xx_it.o
#        E:\Robocon_Value\NEW_POS_19\EWARM\NEW_POS_19\Obj\system_stm32f4xx.o
#        E:\Robocon_Value\NEW_POS_19\EWARM\NEW_POS_19\Obj\tim.o
#        E:\Robocon_Value\NEW_POS_19\EWARM\NEW_POS_19\Obj\usart.o --redirect
#        _Printf=_PrintfFull --redirect _Scanf=_ScanfFull --no_out_extension -o
#        E:\Robocon_Value\NEW_POS_19\EWARM\NEW_POS_19\Exe\NEW_POS_19.out --map
#        E:\Robocon_Value\NEW_POS_19\EWARM\NEW_POS_19\List\NEW_POS_19.map
#        --config E:\Robocon_Value\NEW_POS_19\EWARM/stm32f405xx_flash.icf
#        --semihosting --entry __iar_program_start --vfe --text_out locale)
#
###############################################################################

*******************************************************************************
*** RUNTIME MODEL ATTRIBUTES
***

CppFlavor       = *
__Heap_Handler  = DLMalloc
__SystemLibrary = DLib
__dlib_version  = 6


*******************************************************************************
*** HEAP SELECTION
***

The advanced heap was selected because the application calls memory
allocation functions outside of system library functions, and there
are calls to deallocation functions in the application.


*******************************************************************************
*** PLACEMENT SUMMARY
***

"A0":  place at 0x800'0000 { ro section .intvec };
"P1":  place in [from 0x800'0000 to 0x80f'ffff] { ro };
define block CSTACK with size = 1K, alignment = 8 { };
define block HEAP with size = 4K, alignment = 8 { };
"P2":  place in [from 0x2000'0000 to 0x2001'ffff] {
          rw, block CSTACK, block HEAP };
initialize by copy { rw };

  Section            Kind         Address    Size  Object
  -------            ----         -------    ----  ------
"A0":                                       0x188
  .intvec            ro code   0x800'0000   0x188  startup_stm32f405xx.o [1]
                             - 0x800'0188   0x188

"P1":                                      0xb17d
  .text              ro code   0x800'0188   0xf80  dlmalloc.o [2]
  .text              ro code   0x800'1108     0x6  abort.o [2]
  .text              ro code   0x800'110e    0x7a  lz77_init_single.o [4]
  .text              ro code   0x800'1188    0x2c  xgetmemchunk.o [2]
  .text              ro code   0x800'11b4    0x14  exit.o [5]
  .text              ro code   0x800'11c8   0xf7a  xprintffull.o [2]
  .text              ro code   0x800'2142    0x3a  zero_init3.o [4]
  .text              ro code   0x800'217c    0xb4  xlocale_c.o [2]
  .text              ro code   0x800'2230    0x16  strchr.o [4]
  .text              ro code   0x800'2246    0x1e  xencoding_8859_1.o [2]
  .text              ro code   0x800'2264    0x40  xfail_s.o [2]
  .text              ro code   0x800'22a4    0x36  strlen.o [4]
  .text              ro code   0x800'22da    0x1a  xsnprout.o [2]
  .text              ro code   0x800'22f4    0x58  memchr.o [4]
  .text              ro code   0x800'234c     0xa  xmbcurmax.o [2]
  .rodata            const     0x800'2356     0x2  as5047p.o [1]
  .text              ro code   0x800'2358    0xa6  ABImemcpy.o [4]
  .rodata            const     0x800'23fe     0x2  as5047p.o [1]
  .text              ro code   0x800'2400   0x230  I64DivMod.o [4]
  .text              ro code   0x800'2630   0x1a2  DblMul.o [3]
  .rodata            const     0x800'27d2     0x2  as5047p.o [1]
  .text              ro code   0x800'27d4    0x70  frexp.o [3]
  .text              ro code   0x800'2844    0x2e  DblCmpLe.o [3]
  .rodata            const     0x800'2872     0x2  as5047p.o [1]
  .text              ro code   0x800'2874    0x2e  DblCmpGe.o [3]
  .text              ro code   0x800'28a4   0x13a  ldexp.o [3]
  .text              ro code   0x800'29e0    0x3a  DblToS32.o [3]
  .text              ro code   0x800'2a1c    0x22  S32ToDbl.o [3]
  .text              ro code   0x800'2a40    0xe2  DblSub.o [3]
  .text              ro code   0x800'2b24   0x246  DblDiv.o [3]
  .text              ro code   0x800'2d6c    0x28  DblToU32.o [3]
  .text              ro code   0x800'2d94    0x1a  U32ToDbl.o [3]
  .text              ro code   0x800'2db0     0x2  I64DivZer.o [4]
  .text              ro code   0x800'2db4   0x17a  DblAdd.o [3]
  .text              ro code   0x800'2f30   0x8d0  stm32f4xx_hal_uart.o [1]
  .text              ro code   0x800'3800   0x148  usart.o [1]
  .text              ro code   0x800'3948   0x520  stm32f4xx_hal_dma.o [1]
  .text              ro code   0x800'3e68     0x2  stm32f4xx_hal_uart.o [1]
  .text              ro code   0x800'3e6a     0x2  stm32f4xx_hal_uart.o [1]
  .text              ro code   0x800'3e6c     0x2  stm32f4xx_hal_uart.o [1]
  .text              ro code   0x800'3e6e     0x2  stm32f4xx_hal_uart.o [1]
  .text              ro code   0x800'3e70     0x2  stm32f4xx_hal_uart.o [1]
  .text              ro code   0x800'3e74   0x204  stm32f4xx_hal_rcc.o [1]
  .text              ro code   0x800'4078   0x392  main.o [1]
  .text              ro code   0x800'440c     0x6  ABImemclr4.o [4]
  .text              ro code   0x800'4414   0x23c  stm32f4xx_hal_gpio.o [1]
  .text              ro code   0x800'4650   0x12c  stm32f4xx_hal_cortex.o [1]
  .text              ro code   0x800'477c     0xc  stm32f4xx_hal.o [1]
  .text              ro code   0x800'4788    0x4c  stm32f4xx_hal.o [1]
  .text              ro code   0x800'47d4    0x34  stm32f4xx_hal.o [1]
  .text              ro code   0x800'4808   0x104  gpio.o [1]
  .text              ro code   0x800'490c    0x40  dma.o [1]
  .text              ro code   0x800'494c    0xf4  can.o [1]
  .text              ro code   0x800'4a40    0xf0  i2c.o [1]
  .text              ro code   0x800'4b30    0xf8  spi.o [1]
  .text              ro code   0x800'4c28   0x3d0  tim.o [1]
  .text              ro code   0x800'4ff8    0x50  simplelib.o [1]
  .text              ro code   0x800'5048   0x4fc  read_data_simple.o [1]
  .text              ro code   0x800'5544   0x4cc  as5047p.o [1]
  .text              ro code   0x800'5a10   0x2b4  cmd.o [1]
  .text              ro code   0x800'5cc4    0x6c  calculate.o [1]
  .text              ro code   0x800'5d30    0x48  FltToDbl.o [3]
  .text              ro code   0x800'5d78   0x36c  stm32f4xx_hal_rcc.o [1]
  .text              ro code   0x800'60e4    0x32  ABImemset48.o [4]
  .text              ro code   0x800'6118    0x40  stm32f4xx_hal_msp.o [1]
  .text              ro code   0x800'6158   0x7aa  stm32f4xx_hal_can.o [1]
  .text              ro code   0x800'6904   0x1d0  stm32f4xx_hal_i2c.o [1]
  .text              ro code   0x800'6ad4   0x744  stm32f4xx_hal_spi.o [1]
  .text              ro code   0x800'7218   0x648  stm32f4xx_hal_tim.o [1]
  .text              ro code   0x800'7860    0x4c  stm32f4xx_hal_tim_ex.o [1]
  .text              ro code   0x800'78ac   0x17c  can_utils.o [1]
  .text              ro code   0x800'7a28   0x6b4  cmd_func.o [1]
  .text              ro code   0x800'80dc    0x8c  can_func.o [1]
  .text              ro code   0x800'8168   0x252  asm330lhh_reg.o [1]
  .text              ro code   0x800'83bc    0x66  ABImemset.o [4]
  .text              ro code   0x800'8424    0xc8  karman.o [1]
  .text              ro code   0x800'84ec    0x68  DblToFlt.o [3]
  .text              ro code   0x800'8554   0x494  angle.o [1]
  .text              ro code   0x800'89e8    0x42  math_wrappers64.o [3]
  .text              ro code   0x800'8a2c   0x158  imitate_spi.o [1]
  .text              ro code   0x800'8b84   0x210  hash.o [1]
  .text              ro code   0x800'8d94    0x4c  strcpy.o [4]
  .text              ro code   0x800'8de0    0x4c  strtok.o [2]
  .text              ro code   0x800'8e2c    0x3c  vsnprint.o [2]
  .text              ro code   0x800'8e68    0x28  stm32f4xx_hal.o [1]
  .text              ro code   0x800'8e90    0x4a  strcmp.o [4]
  .text              ro code   0x800'8eda     0x2  stm32f4xx_hal_can.o [1]
  .text              ro code   0x800'8edc     0x2  stm32f4xx_hal_can.o [1]
  .text              ro code   0x800'8ede     0x2  stm32f4xx_hal_can.o [1]
  .text              ro code   0x800'8ee0     0x2  stm32f4xx_hal_can.o [1]
  .text              ro code   0x800'8ee2     0x2  stm32f4xx_hal_can.o [1]
  .text              ro code   0x800'8ee4     0x2  stm32f4xx_hal_can.o [1]
  .text              ro code   0x800'8ee6     0x2  stm32f4xx_hal_can.o [1]
  .text              ro code   0x800'8ee8     0x2  stm32f4xx_hal_can.o [1]
  .text              ro code   0x800'8eea     0x2  stm32f4xx_hal_can.o [1]
  .text              ro code   0x800'8eec     0x2  stm32f4xx_hal_can.o [1]
  .text              ro code   0x800'8eee     0x2  stm32f4xx_hal_can.o [1]
  .text              ro code   0x800'8ef0     0x2  stm32f4xx_hal_tim.o [1]
  .text              ro code   0x800'8ef4   0x174  iar_Stoulx.o [2]
  .text              ro code   0x800'9068   0x10c  flash.o [1]
  .text              ro code   0x800'9174   0x102  sqrt.o [3]
  .text              ro code   0x800'9278   0x580  strto64.o [3]
  .text              ro code   0x800'97f8    0xf4  asin64.o [3]
  .text              ro code   0x800'98ec   0x140  atan2_64.o [3]
  .text              ro code   0x800'9a2c   0x44c  cos_sin64.o [3]
  .text              ro code   0x800'9e78    0x24  ABIassert.o [5]
  .text              ro code   0x800'9e9c    0x22  strspn.o [2]
  .text              ro code   0x800'9ebe    0x22  strcspn.o [2]
  .text              ro code   0x800'9ee0    0x14  isspace.o [2]
  .text              ro code   0x800'9ef4    0x14  tolower.o [2]
  .text              ro code   0x800'9f08   0x1fc  stm32f4xx_hal_flash.o [1]
  .text              ro code   0x800'a104   0x184  stm32f4xx_hal_flash_ex.o [1]
  .text              ro code   0x800'a288   0x122  iar_Stopfx.o [2]
  .text              ro code   0x800'a3ac   0x1c4  iar_Stoflt.o [2]
  .text              ro code   0x800'a570   0x21c  iar_Stoxflt.o [2]
  .rodata            const     0x800'a78c    0x3c  cmd_func.o [1]
  .text              ro code   0x800'a7c8   0x208  iar_Atan64.o [3]
  .text              ro code   0x800'a9d0    0x14  isalpha.o [2]
  .text              ro code   0x800'a9e4    0x20  DblCmpEq.o [3]
  .text              ro code   0x800'aa04    0x78  stm32f4xx_it.o [1]
  .text              ro code   0x800'aa7c    0x60  system_stm32f4xx.o [1]
  .rodata            const     0x800'aadc    0x38  cmd_func.o [1]
  .rodata            const     0x800'ab14    0x38  cmd_func.o [1]
  .rodata            const     0x800'ab4c    0x38  cmd_func.o [1]
  .rodata            const     0x800'ab84    0x28  hash.o [1]
  .text              ro code   0x800'abac    0x28  data_init.o [4]
  .rodata            const     0x800'abd4    0x24  cmd_func.o [1]
  .text              ro code   0x800'abf8    0x22  fpinit_M.o [3]
  .iar.init_table    const     0x800'ac1c    0x20  - Linker created -
  .rodata            const     0x800'ac3c    0x20  can_utils.o [1]
  .rodata            const     0x800'ac5c    0x20  cmd_func.o [1]
  .rodata            const     0x800'ac7c    0x20  cmd_func.o [1]
  .rodata            const     0x800'ac9c    0x20  cmd_func.o [1]
  .rodata            const     0x800'acbc    0x20  hash.o [1]
  .text              ro code   0x800'acdc    0x1e  cmain.o [4]
  .text              ro code   0x800'acfa     0x4  low_level_init.o [2]
  .text              ro code   0x800'acfe     0x4  exit.o [2]
  .text              ro code   0x800'ad04     0xa  cexit.o [4]
  .rodata            const     0x800'ad10    0x1c  cmd_func.o [1]
  .rodata            const     0x800'ad2c    0x1c  cmd_func.o [1]
  .rodata            const     0x800'ad48    0x1c  cmd_func.o [1]
  .rodata            const     0x800'ad64    0x1c  cmd_func.o [1]
  .rodata            const     0x800'ad80    0x1c  main.o [1]
  .rodata            const     0x800'ad9c    0x18  cmd_func.o [1]
  .rodata            const     0x800'adb4    0x18  cmd_func.o [1]
  .rodata            const     0x800'adcc    0x18  cmd_func.o [1]
  .rodata            const     0x800'ade4    0x18  read_data_simple.o [1]
  .rodata            const     0x800'adfc    0x18  simplelib.o [1]
  .rodata            const     0x800'ae14    0x14  as5047p.o [1]
  .rodata            const     0x800'ae28    0x14  cmd_func.o [1]
  .rodata            const     0x800'ae3c    0x14  cmd_func.o [1]
  .rodata            const     0x800'ae50    0x14  cmd_func.o [1]
  .rodata            const     0x800'ae64    0x14  cmd_func.o [1]
  .rodata            const     0x800'ae78    0x14  flash.o [1]
  .rodata            const     0x800'ae8c    0x10  cmd.o [1]
  .rodata            const     0x800'ae9c    0x10  cmd.o [1]
  .rodata            const     0x800'aeac    0x10  cmd_func.o [1]
  .rodata            const     0x800'aebc    0x10  cmd_func.o [1]
  .rodata            const     0x800'aecc    0x10  cmd_func.o [1]
  .rodata            const     0x800'aedc    0x10  cmd_func.o [1]
  .rodata            const     0x800'aeec    0x10  cmd_func.o [1]
  .rodata            const     0x800'aefc    0x10  cmd_func.o [1]
  .rodata            const     0x800'af0c    0x10  cmd_func.o [1]
  .rodata            const     0x800'af1c    0x10  cmd_func.o [1]
  .rodata            const     0x800'af2c    0x10  main.o [1]
  .rodata            const     0x800'af3c    0x10  main.o [1]
  .rodata            const     0x800'af4c    0x10  main.o [1]
  .rodata            const     0x800'af5c    0x10  system_stm32f4xx.o [1]
  .text              ro code   0x800'af6c    0x10  startup_stm32f405xx.o [1]
  .rodata            const     0x800'af7c     0xc  can_func.o [1]
  .rodata            const     0x800'af88     0xc  cmd.o [1]
  .rodata            const     0x800'af94     0xc  cmd_func.o [1]
  .rodata            const     0x800'afa0     0xc  cmd_func.o [1]
  .rodata            const     0x800'afac     0xc  cmd_func.o [1]
  .rodata            const     0x800'afb8     0xc  cmd_func.o [1]
  .rodata            const     0x800'afc4     0xc  cmd_func.o [1]
  .rodata            const     0x800'afd0     0xc  cmd_func.o [1]
  .rodata            const     0x800'afdc     0xc  cmd_func.o [1]
  .rodata            const     0x800'afe8     0xc  cmd_func.o [1]
  .rodata            const     0x800'aff4     0xc  cmd_func.o [1]
  .rodata            const     0x800'b000     0xc  cmd_func.o [1]
  .rodata            const     0x800'b00c     0xc  cmd_func.o [1]
  .rodata            const     0x800'b018     0xc  cmd_func.o [1]
  .rodata            const     0x800'b024     0xc  cmd_func.o [1]
  .rodata            const     0x800'b030     0xc  cmd_func.o [1]
  .rodata            const     0x800'b03c     0xc  cmd_func.o [1]
  .rodata            const     0x800'b048     0xc  flash.o [1]
  .rodata            const     0x800'b054     0xc  hash.o [1]
  .rodata            const     0x800'b060     0xc  main.o [1]
  .text              ro code   0x800'b06c     0xc  cstartup_M.o [4]
  .rodata            const     0x800'b078     0x8  cmd.o [1]
  .rodata            const     0x800'b080     0x8  cmd.o [1]
  .rodata            const     0x800'b088     0x8  cmd.o [1]
  .rodata            const     0x800'b090     0x8  cmd_func.o [1]
  .rodata            const     0x800'b098     0x8  cmd_func.o [1]
  .rodata            const     0x800'b0a0     0x8  cmd_func.o [1]
  .rodata            const     0x800'b0a8     0x8  cmd_func.o [1]
  .rodata            const     0x800'b0b0     0x8  cmd_func.o [1]
  .rodata            const     0x800'b0b8     0x8  cmd_func.o [1]
  .rodata            const     0x800'b0c0     0x8  cmd_func.o [1]
  .rodata            const     0x800'b0c8     0x8  cmd_func.o [1]
  .rodata            const     0x800'b0d0     0x8  cmd_func.o [1]
  .rodata            const     0x800'b0d8     0x8  cmd_func.o [1]
  .rodata            const     0x800'b0e0     0x8  cmd_func.o [1]
  .rodata            const     0x800'b0e8     0x8  cmd_func.o [1]
  .rodata            const     0x800'b0f0     0x8  cmd_func.o [1]
  .rodata            const     0x800'b0f8     0x8  cmd_func.o [1]
  .rodata            const     0x800'b100     0x8  cmd_func.o [1]
  .rodata            const     0x800'b108     0x8  hash.o [1]
  .rodata            const     0x800'b110     0x8  main.o [1]
  .rodata            const     0x800'b118     0x8  read_data_simple.o [1]
  .rodata            const     0x800'b120     0x8  stm32f4xx_hal_dma.o [1]
  .rodata            const     0x800'b128     0x8  system_stm32f4xx.o [1]
  .rodata            const     0x800'b130     0x8  tim.o [1]
  .rodata            const     0x800'b138     0x8  tim.o [1]
  .rodata            const     0x800'b140     0x8  tim.o [1]
  .rodata            const     0x800'b148     0x8  tim.o [1]
  .rodata            const     0x800'b150     0x6  xlocale_c.o [2]
  .text              ro code   0x800'b156     0x4  startup_stm32f405xx.o [1]
  .text              ro code   0x800'b15a     0x4  startup_stm32f405xx.o [1]
  .text              ro code   0x800'b15e     0x4  startup_stm32f405xx.o [1]
  .text              ro code   0x800'b162     0x4  startup_stm32f405xx.o [1]
  .text              ro code   0x800'b166     0x4  startup_stm32f405xx.o [1]
  .text              ro code   0x800'b16a     0x4  startup_stm32f405xx.o [1]
  .text              ro code   0x800'b16e     0x4  startup_stm32f405xx.o [1]
  .text              ro code   0x800'b172     0x4  startup_stm32f405xx.o [1]
  .text              ro code   0x800'b176     0x4  startup_stm32f405xx.o [1]
  .text              ro code   0x800'b17a     0x4  startup_stm32f405xx.o [1]
  .text              ro code   0x800'b17e     0x4  startup_stm32f405xx.o [1]
  .text              ro code   0x800'b182     0x4  startup_stm32f405xx.o [1]
  .text              ro code   0x800'b186     0x4  startup_stm32f405xx.o [1]
  .text              ro code   0x800'b18a     0x4  startup_stm32f405xx.o [1]
  .text              ro code   0x800'b18e     0x4  startup_stm32f405xx.o [1]
  .text              ro code   0x800'b192     0x4  startup_stm32f405xx.o [1]
  .text              ro code   0x800'b196     0x4  startup_stm32f405xx.o [1]
  .text              ro code   0x800'b19a     0x4  startup_stm32f405xx.o [1]
  .text              ro code   0x800'b19e     0x4  startup_stm32f405xx.o [1]
  .text              ro code   0x800'b1a2     0x4  startup_stm32f405xx.o [1]
  .text              ro code   0x800'b1a6     0x4  startup_stm32f405xx.o [1]
  .text              ro code   0x800'b1aa     0x4  startup_stm32f405xx.o [1]
  .text              ro code   0x800'b1ae     0x4  startup_stm32f405xx.o [1]
  .text              ro code   0x800'b1b2     0x4  startup_stm32f405xx.o [1]
  .text              ro code   0x800'b1b6     0x4  startup_stm32f405xx.o [1]
  .text              ro code   0x800'b1ba     0x4  startup_stm32f405xx.o [1]
  .text              ro code   0x800'b1be     0x4  startup_stm32f405xx.o [1]
  .text              ro code   0x800'b1c2     0x4  startup_stm32f405xx.o [1]
  .text              ro code   0x800'b1c6     0x4  startup_stm32f405xx.o [1]
  .text              ro code   0x800'b1ca     0x4  startup_stm32f405xx.o [1]
  .text              ro code   0x800'b1ce     0x4  startup_stm32f405xx.o [1]
  .text              ro code   0x800'b1d2     0x4  startup_stm32f405xx.o [1]
  .text              ro code   0x800'b1d6     0x4  startup_stm32f405xx.o [1]
  .text              ro code   0x800'b1da     0x4  startup_stm32f405xx.o [1]
  .text              ro code   0x800'b1de     0x4  startup_stm32f405xx.o [1]
  .text              ro code   0x800'b1e2     0x4  startup_stm32f405xx.o [1]
  .text              ro code   0x800'b1e6     0x4  startup_stm32f405xx.o [1]
  .text              ro code   0x800'b1ea     0x4  startup_stm32f405xx.o [1]
  .text              ro code   0x800'b1ee     0x4  startup_stm32f405xx.o [1]
  .text              ro code   0x800'b1f2     0x4  startup_stm32f405xx.o [1]
  .text              ro code   0x800'b1f6     0x4  startup_stm32f405xx.o [1]
  .text              ro code   0x800'b1fa     0x4  startup_stm32f405xx.o [1]
  .text              ro code   0x800'b1fe     0x4  startup_stm32f405xx.o [1]
  .text              ro code   0x800'b202     0x4  startup_stm32f405xx.o [1]
  .text              ro code   0x800'b206     0x4  startup_stm32f405xx.o [1]
  .text              ro code   0x800'b20a     0x4  startup_stm32f405xx.o [1]
  .text              ro code   0x800'b20e     0x4  startup_stm32f405xx.o [1]
  .text              ro code   0x800'b212     0x4  startup_stm32f405xx.o [1]
  .text              ro code   0x800'b216     0x4  startup_stm32f405xx.o [1]
  .text              ro code   0x800'b21a     0x4  startup_stm32f405xx.o [1]
  .text              ro code   0x800'b21e     0x4  startup_stm32f405xx.o [1]
  .text              ro code   0x800'b222     0x4  startup_stm32f405xx.o [1]
  .text              ro code   0x800'b226     0x4  startup_stm32f405xx.o [1]
  .text              ro code   0x800'b22a     0x4  startup_stm32f405xx.o [1]
  .text              ro code   0x800'b22e     0x4  startup_stm32f405xx.o [1]
  .text              ro code   0x800'b232     0x4  startup_stm32f405xx.o [1]
  .text              ro code   0x800'b236     0x4  startup_stm32f405xx.o [1]
  .text              ro code   0x800'b23a     0x4  startup_stm32f405xx.o [1]
  .text              ro code   0x800'b23e     0x4  startup_stm32f405xx.o [1]
  .text              ro code   0x800'b242     0x4  startup_stm32f405xx.o [1]
  .text              ro code   0x800'b246     0x4  startup_stm32f405xx.o [1]
  .text              ro code   0x800'b24a     0x4  startup_stm32f405xx.o [1]
  .text              ro code   0x800'b24e     0x4  startup_stm32f405xx.o [1]
  .text              ro code   0x800'b252     0x4  startup_stm32f405xx.o [1]
  .text              ro code   0x800'b256     0x4  startup_stm32f405xx.o [1]
  .text              ro code   0x800'b25a     0x4  startup_stm32f405xx.o [1]
  .text              ro code   0x800'b25e     0x4  startup_stm32f405xx.o [1]
  .text              ro code   0x800'b262     0x4  startup_stm32f405xx.o [1]
  .text              ro code   0x800'b266     0x4  startup_stm32f405xx.o [1]
  .text              ro code   0x800'b26a     0x4  startup_stm32f405xx.o [1]
  .text              ro code   0x800'b26e     0x4  startup_stm32f405xx.o [1]
  .text              ro code   0x800'b272     0x4  startup_stm32f405xx.o [1]
  .rodata            const     0x800'b276     0x0  zero_init3.o [4]
  .rodata            const     0x800'b276     0x0  lz77_init_single.o [4]
  Initializer bytes  const     0x800'b276    0x8f  <for P2-1>
                             - 0x800'b305  0xb17d

"P2", part 1 of 3:                          0x163
  P2-1                        0x2000'0000   0x163  <Init block>
    .data            inited   0x2000'0000     0x4  angle.o [1]
    .data            inited   0x2000'0004     0x4  angle.o [1]
    .data            inited   0x2000'0008     0x4  angle.o [1]
    .data            inited   0x2000'000c     0x4  as5047p.o [1]
    .data            inited   0x2000'0010     0x4  as5047p.o [1]
    .data            inited   0x2000'0014     0x4  calculate.o [1]
    .data            inited   0x2000'0018     0x4  calculate.o [1]
    .data            inited   0x2000'001c     0x4  cmd.o [1]
    .data            inited   0x2000'0020    0x18  cmd.o [1]
    .data            inited   0x2000'0038    0x18  karman.o [1]
    .data            inited   0x2000'0050    0x18  karman.o [1]
    .data            inited   0x2000'0068    0x18  karman.o [1]
    .data            inited   0x2000'0080    0x18  karman.o [1]
    .data            inited   0x2000'0098    0x18  karman.o [1]
    .data            inited   0x2000'00b0    0x18  karman.o [1]
    .data            inited   0x2000'00c8     0x4  read_data_simple.o [1]
    .data            inited   0x2000'00cc     0x4  read_data_simple.o [1]
    .data            inited   0x2000'00d0     0x4  read_data_simple.o [1]
    .data            inited   0x2000'00d4     0x4  read_data_simple.o [1]
    .data            inited   0x2000'00d8     0x4  stm32f4xx_hal.o [1]
    .data            inited   0x2000'00dc     0x4  system_stm32f4xx.o [1]
    .data            inited   0x2000'00e0    0x38  xlocale_c.o [2]
    .data            inited   0x2000'0118    0x48  xlocale_c.o [2]
    .data            inited   0x2000'0160     0x2  can_func.o [1]
    .data            inited   0x2000'0162     0x1  stm32f4xx_hal.o [1]
                            - 0x2000'0163   0x163

"P2", part 2 of 3:                          0x8dc
  .bss               zero     0x2000'0164   0x1d8  dlmalloc.o [2]
  .bss               zero     0x2000'033c    0x68  cmd.o [1]
  .bss               zero     0x2000'03a4    0x64  cmd.o [1]
  .bss               zero     0x2000'0408    0x64  cmd.o [1]
  .bss               zero     0x2000'046c    0x60  usart.o [1]
  .bss               zero     0x2000'04cc    0x60  usart.o [1]
  .bss               zero     0x2000'052c    0x58  spi.o [1]
  .bss               zero     0x2000'0584    0x54  i2c.o [1]
  .bss               zero     0x2000'05d8    0x54  read_data_simple.o [1]
  .bss               zero     0x2000'062c    0x54  read_data_simple.o [1]
  .bss               zero     0x2000'0680    0x48  flash.o [1]
  .bss               zero     0x2000'06c8    0x40  cmd.o [1]
  .bss               zero     0x2000'0708    0x40  tim.o [1]
  .bss               zero     0x2000'0748    0x40  tim.o [1]
  .bss               zero     0x2000'0788    0x40  tim.o [1]
  .bss               zero     0x2000'07c8    0x40  tim.o [1]
  .bss               zero     0x2000'0808    0x40  usart.o [1]
  .bss               zero     0x2000'0848    0x30  cmd.o [1]
  .bss               zero     0x2000'0878    0x2c  as5047p.o [1]
  .bss               zero     0x2000'08a4    0x2c  as5047p.o [1]
  .bss               zero     0x2000'08d0    0x2c  main.o [1]
  .bss               zero     0x2000'08fc    0x28  can.o [1]
  .bss               zero     0x2000'0924    0x28  can_utils.o [1]
  .bss               zero     0x2000'094c    0x20  stm32f4xx_hal_flash.o [1]
  .bss               zero     0x2000'096c    0x1c  can_utils.o [1]
  .bss               zero     0x2000'0988    0x18  can_utils.o [1]
  .bss               zero     0x2000'09a0    0x18  dlmalloc.o [2]
  .bss               zero     0x2000'09b8     0xc  calculate.o [1]
  .bss               zero     0x2000'09c4     0xc  read_data_simple.o [1]
  .bss               zero     0x2000'09d0     0x4  angle.o [1]
  .bss               zero     0x2000'09d8     0x8  can_utils.o [1]
  .bss               zero     0x2000'09e0     0x8  can_utils.o [1]
  .bss               zero     0x2000'09e8     0x8  read_data_simple.o [1]
  .bss               zero     0x2000'09f0     0x8  read_data_simple.o [1]
  .bss               zero     0x2000'09f8     0x4  angle.o [1]
  .bss               zero     0x2000'09fc     0x4  angle.o [1]
  .bss               zero     0x2000'0a00     0x4  can_func.o [1]
  .bss               zero     0x2000'0a04     0x4  can_func.o [1]
  .bss               zero     0x2000'0a08     0x4  can_func.o [1]
  .bss               zero     0x2000'0a0c     0x4  can_utils.o [1]
  .bss               zero     0x2000'0a10     0x4  can_utils.o [1]
  .bss               zero     0x2000'0a14     0x4  can_utils.o [1]
  .bss               zero     0x2000'0a18     0x4  can_utils.o [1]
  .bss               zero     0x2000'0a1c     0x4  cmd.o [1]
  .bss               zero     0x2000'0a20     0x4  cmd.o [1]
  .bss               zero     0x2000'0a24     0x4  cmd.o [1]
  .bss               zero     0x2000'0a28     0x4  main.o [1]
  .bss               zero     0x2000'0a2c     0x4  read_data_simple.o [1]
  .bss               zero     0x2000'0a30     0x4  stm32f4xx_hal.o [1]
  .bss               zero     0x2000'0a34     0x4  strtok.o [2]
  .bss               zero     0x2000'0a38     0x4  xfail_s.o [2]
  .bss               zero     0x2000'0a3c     0x4  xgetmemchunk.o [2]
                            - 0x2000'0a40   0x8dc

"P2", part 3 of 3:                         0x1400
  CSTACK                      0x2000'0a40   0x400  <Block>
    CSTACK           uninit   0x2000'0a40   0x400  <Block tail>
  HEAP                        0x2000'0e40  0x1000  <Block>
    HEAP             uninit   0x2000'0e40  0x1000  <Block tail>
                            - 0x2000'1e40  0x1400

Unused ranges:

         From           To      Size
         ----           --      ----
   0x800'b305   0x80f'ffff  0xf'4cfb
  0x2000'0163  0x2000'0163       0x1
  0x2000'1e40  0x2001'ffff  0x1'e1c0


*******************************************************************************
*** INIT TABLE
***

          Address      Size
          -------      ----
Zero (__iar_zero_init3)
    1 destination range, total size 0x8dc:
          0x2000'0164  0x8dc

Copy/lz77 (__iar_lz77_init_single3)
    1 source range, total size 0x8f (40% of destination):
           0x800'b276   0x8f
    1 destination range, total size 0x163:
          0x2000'0000  0x163



*******************************************************************************
*** MODULE SUMMARY
***

    Module                    ro code  ro data  rw data
    ------                    -------  -------  -------
command line/config:
    ---------------------------------------------------
    Total:

E:\Robocon_Value\NEW_POS_19\EWARM\NEW_POS_19\Obj: [1]
    angle.o                     1 172        4       24
    as5047p.o                   1 228       32       96
    asm330lhh_reg.o               594
    calculate.o                   108        3       20
    can.o                         244                40
    can_func.o                    140       13       14
    can_utils.o                   380       32      124
    cmd.o                         692       79      456
    cmd_func.o                  1 716    1 052
    dma.o                          64
    flash.o                       268       32       72
    gpio.o                        260
    hash.o                        528       92
    i2c.o                         240                84
    imitate_spi.o                 344
    karman.o                      200       58      144
    main.o                        914       96       48
    read_data_simple.o          1 276       39      216
    simplelib.o                    80       24
    spi.o                         248                88
    startup_stm32f405xx.o         696
    stm32f4xx_hal.o               180        2        9
    stm32f4xx_hal_can.o         1 984
    stm32f4xx_hal_cortex.o        300
    stm32f4xx_hal_dma.o         1 312        8
    stm32f4xx_hal_flash.o         508                32
    stm32f4xx_hal_flash_ex.o      388
    stm32f4xx_hal_gpio.o          572
    stm32f4xx_hal_i2c.o           464
    stm32f4xx_hal_msp.o            64
    stm32f4xx_hal_rcc.o         1 392
    stm32f4xx_hal_spi.o         1 860
    stm32f4xx_hal_tim.o         1 610
    stm32f4xx_hal_tim_ex.o         76
    stm32f4xx_hal_uart.o        2 266
    stm32f4xx_it.o                120
    system_stm32f4xx.o             96       26        4
    tim.o                         976       32      256
    usart.o                       328               256
    ---------------------------------------------------
    Total:                     25 888    1 624    1 983

dl7M_tlf.a: [2]
    abort.o                         6
    dlmalloc.o                  3 968               496
    exit.o                          4
    iar_Stoflt.o                  452
    iar_Stopfx.o                  290
    iar_Stoulx.o                  372
    iar_Stoxflt.o                 540
    isalpha.o                      20
    isspace.o                      20
    low_level_init.o                4
    strcspn.o                      34
    strspn.o                       34
    strtok.o                       76                 4
    tolower.o                      20
    vsnprint.o                     60
    xencoding_8859_1.o             30
    xfail_s.o                      64                 4
    xgetmemchunk.o                 44                 4
    xlocale_c.o                   180       57      128
    xmbcurmax.o                    10
    xprintffull.o               3 962
    xsnprout.o                     26
    ---------------------------------------------------
    Total:                     10 216       57      636

m7M_tls.a: [3]
    DblAdd.o                      378
    DblCmpEq.o                     32
    DblCmpGe.o                     46
    DblCmpLe.o                     46
    DblDiv.o                      582
    DblMul.o                      418
    DblSub.o                      226
    DblToFlt.o                    104
    DblToS32.o                     58
    DblToU32.o                     40
    FltToDbl.o                     72
    S32ToDbl.o                     34
    U32ToDbl.o                     26
    asin64.o                      244
    atan2_64.o                    320
    cos_sin64.o                 1 100
    fpinit_M.o                     34
    frexp.o                       112
    iar_Atan64.o                  520
    ldexp.o                       314
    math_wrappers64.o              66
    sqrt.o                        258
    strto64.o                   1 408
    ---------------------------------------------------
    Total:                      6 438

rt7M_tl.a: [4]
    ABImemclr4.o                    6
    ABImemcpy.o                   166
    ABImemset.o                   102
    ABImemset48.o                  50
    I64DivMod.o                   560
    I64DivZer.o                     2
    cexit.o                        10
    cmain.o                        30
    cstartup_M.o                   12
    data_init.o                    40
    lz77_init_single.o            122
    memchr.o                       88
    strchr.o                       22
    strcmp.o                       74
    strcpy.o                       76
    strlen.o                       54
    zero_init3.o                   58
    ---------------------------------------------------
    Total:                      1 472

shb_l.a: [5]
    ABIassert.o                    36
    exit.o                         20
    ---------------------------------------------------
    Total:                         56

    Gaps                           42        4        4
    Linker created                          32    5 120
-------------------------------------------------------
    Grand Total:               44 112    1 717    7 743


*******************************************************************************
*** ENTRY LIST
***

Entry                       Address   Size  Type      Object
-----                       -------   ----  ----      ------
.iar.init_table$$Base    0x800'ac1c          --   Gb  - Linker created -
.iar.init_table$$Limit   0x800'ac3c          --   Gb  - Linker created -
?main                    0x800'acdd         Code  Gb  cmain.o [4]
AHBPrescTable            0x800'af5c   0x10  Data  Gb  system_stm32f4xx.o [1]
APBPrescTable            0x800'b128    0x8  Data  Gb  system_stm32f4xx.o [1]
BusFault_Handler         0x800'aa0b    0x2  Code  Gb  stm32f4xx_it.o [1]
CAN1_RX0_IRQHandler      0x800'aa31    0xa  Code  Gb  stm32f4xx_it.o [1]
CAN1_RX1_IRQHandler      0x800'aa3b    0xa  Code  Gb  stm32f4xx_it.o [1]
CAN1_SCE_IRQHandler      0x800'aa45    0xa  Code  Gb  stm32f4xx_it.o [1]
CANSEND_ID              0x2000'0160    0x2  Data  Gb  can_func.o [1]
CAN_config               0x800'7967   0x82  Code  Lc  can_utils.o [1]
CMD_USART               0x2000'06c8   0x40  Data  Gb  cmd.o [1]
CSTACK$$Base            0x2000'0a40          --   Gb  - Linker created -
CSTACK$$Limit           0x2000'0e40          --   Gb  - Linker created -
CacheMore                0x800'21bd   0x24  Code  Lc  xlocale_c.o [2]
DMA1_Stream5_IRQHandler
                         0x800'aa1d    0xa  Code  Gb  stm32f4xx_it.o [1]
DMA1_Stream6_IRQHandler
                         0x800'aa27    0xa  Code  Gb  stm32f4xx_it.o [1]
DMAUSART_RX_BUF         0x2000'0408   0x64  Data  Gb  cmd.o [1]
DMA_CalcBaseAndBitshift
                         0x800'3da3   0x30  Code  Lc  stm32f4xx_hal_dma.o [1]
DMA_CalcBaseAndBitshift::flagBitshiftOffset
                         0x800'b120    0x8  Data  Lc  stm32f4xx_hal_dma.o [1]
DMA_CheckFifoParam       0x800'3de1   0x88  Code  Lc  stm32f4xx_hal_dma.o [1]
DMA_RxOK_Flag           0x2000'0a20    0x4  Data  Gb  cmd.o [1]
DMA_SetConfig            0x800'3d75   0x2e  Code  Lc  stm32f4xx_hal_dma.o [1]
DMAaRxBuffer            0x2000'03a4   0x64  Data  Gb  cmd.o [1]
DebugMon_Handler         0x800'aa11    0x2  Code  Gb  stm32f4xx_it.o [1]
Delay                    0x800'4f95   0x20  Code  Gb  tim.o [1]
Dtentox                  0x800'941d  0x192  Code  Lc  strto64.o [3]
Error_Handler            0x800'4409    0x2  Code  Gb  main.o [1]
FLASH_Erase_Sector       0x800'a1cf   0x5a  Code  Gb  stm32f4xx_hal_flash_ex.o [1]
FLASH_FlushCaches        0x800'a229   0x50  Code  Gb  stm32f4xx_hal_flash_ex.o [1]
FLASH_MassErase          0x800'a1ad   0x22  Code  Lc  stm32f4xx_hal_flash_ex.o [1]
FLASH_Program_Byte       0x800'a069   0x1a  Code  Lc  stm32f4xx_hal_flash.o [1]
FLASH_Program_DoubleWord
                         0x800'a007   0x26  Code  Lc  stm32f4xx_hal_flash.o [1]
FLASH_Program_HalfWord   0x800'a04b   0x1e  Code  Lc  stm32f4xx_hal_flash.o [1]
FLASH_Program_Word       0x800'a02d   0x1e  Code  Lc  stm32f4xx_hal_flash.o [1]
FLASH_SetErrorCode       0x800'a083   0x68  Code  Lc  stm32f4xx_hal_flash.o [1]
FLASH_WaitForLastOperation
                         0x800'9fb7   0x50  Code  Gb  stm32f4xx_hal_flash.o [1]
Get_Basic_x              0x800'5631  0x118  Code  Gb  as5047p.o [1]
Get_Basic_y              0x800'5749  0x118  Code  Gb  as5047p.o [1]
Get_Wheel_x              0x800'5861   0xb2  Code  Gb  as5047p.o [1]
Get_Wheel_y              0x800'5925   0xb2  Code  Gb  as5047p.o [1]
Get_Yaw_angle            0x800'5279  0x26e  Code  Gb  read_data_simple.o [1]
HAL_CAN_ActivateNotification
                         0x800'66a7   0x2c  Code  Gb  stm32f4xx_hal_can.o [1]
HAL_CAN_AddTxMessage     0x800'6449  0x10a  Code  Gb  stm32f4xx_hal_can.o [1]
HAL_CAN_ConfigFilter     0x800'62c5  0x124  Code  Gb  stm32f4xx_hal_can.o [1]
HAL_CAN_GetRxMessage     0x800'6553  0x154  Code  Gb  stm32f4xx_hal_can.o [1]
HAL_CAN_IRQHandler       0x800'66d3  0x230  Code  Gb  stm32f4xx_hal_can.o [1]
HAL_CAN_Init             0x800'6159  0x16c  Code  Gb  stm32f4xx_hal_can.o [1]
HAL_CAN_MspInit          0x800'4993   0x98  Code  Gb  can.o [1]
HAL_CAN_RxFifo0FullCallback
                         0x800'7965    0x2  Code  Gb  can_utils.o [1]
HAL_CAN_RxFifo0MsgPendingCallback
                         0x800'7915   0x28  Code  Gb  can_utils.o [1]
HAL_CAN_Start            0x800'63e9   0x5c  Code  Gb  stm32f4xx_hal_can.o [1]
HAL_DMA_Abort            0x800'3aa9   0x9c  Code  Gb  stm32f4xx_hal_dma.o [1]
HAL_DMA_Abort_IT         0x800'3b45   0x26  Code  Gb  stm32f4xx_hal_dma.o [1]
HAL_DMA_IRQHandler       0x800'3b6b  0x20a  Code  Gb  stm32f4xx_hal_dma.o [1]
HAL_DMA_Init             0x800'3949   0xe0  Code  Gb  stm32f4xx_hal_dma.o [1]
HAL_DMA_Start_IT         0x800'3a29   0x80  Code  Gb  stm32f4xx_hal_dma.o [1]
HAL_Delay                0x800'8e69   0x28  Code  Wk  stm32f4xx_hal.o [1]
HAL_FLASHEx_Erase        0x800'a105   0xa8  Code  Gb  stm32f4xx_hal_flash_ex.o [1]
HAL_FLASH_Lock           0x800'9fa9    0xe  Code  Gb  stm32f4xx_hal_flash.o [1]
HAL_FLASH_Program        0x800'9f09   0x80  Code  Gb  stm32f4xx_hal_flash.o [1]
HAL_FLASH_Unlock         0x800'9f89   0x20  Code  Gb  stm32f4xx_hal_flash.o [1]
HAL_GPIO_Init            0x800'4415  0x1dc  Code  Gb  stm32f4xx_hal_gpio.o [1]
HAL_GPIO_ReadPin         0x800'45f1   0x12  Code  Gb  stm32f4xx_hal_gpio.o [1]
HAL_GPIO_WritePin        0x800'4603   0x14  Code  Gb  stm32f4xx_hal_gpio.o [1]
HAL_GetTick              0x800'477d    0xc  Code  Wk  stm32f4xx_hal.o [1]
HAL_I2C_Init             0x800'6905  0x1b8  Code  Gb  stm32f4xx_hal_i2c.o [1]
HAL_I2C_MspInit          0x800'4a79   0x9c  Code  Gb  i2c.o [1]
HAL_IncTick              0x800'433f   0x7a  Code  Gb  main.o [1]
HAL_Init                 0x800'47d5   0x30  Code  Gb  stm32f4xx_hal.o [1]
HAL_InitTick             0x800'4789   0x4c  Code  Wk  stm32f4xx_hal.o [1]
HAL_MspInit              0x800'6119   0x40  Code  Gb  stm32f4xx_hal_msp.o [1]
HAL_NVIC_EnableIRQ       0x800'4749    0xa  Code  Gb  stm32f4xx_hal_cortex.o [1]
HAL_NVIC_SetPriority     0x800'4727   0x22  Code  Gb  stm32f4xx_hal_cortex.o [1]
HAL_NVIC_SetPriorityGrouping
                         0x800'471f    0x8  Code  Gb  stm32f4xx_hal_cortex.o [1]
HAL_RCC_ClockConfig      0x800'3e75  0x138  Code  Gb  stm32f4xx_hal_rcc.o [1]
HAL_RCC_GetHCLKFreq      0x800'3fad    0x6  Code  Gb  stm32f4xx_hal_rcc.o [1]
HAL_RCC_GetPCLK1Freq     0x800'3fb3   0x16  Code  Gb  stm32f4xx_hal_rcc.o [1]
HAL_RCC_GetPCLK2Freq     0x800'3fc9   0x16  Code  Gb  stm32f4xx_hal_rcc.o [1]
HAL_RCC_OscConfig        0x800'5d79  0x36c  Code  Wk  stm32f4xx_hal_rcc.o [1]
HAL_SPI_Init             0x800'6ad5   0x8e  Code  Gb  stm32f4xx_hal_spi.o [1]
HAL_SPI_MspInit          0x800'4b77   0x9a  Code  Gb  spi.o [1]
HAL_SPI_Receive          0x800'6d01  0x166  Code  Gb  stm32f4xx_hal_spi.o [1]
HAL_SPI_Transmit         0x800'6b63  0x19e  Code  Gb  stm32f4xx_hal_spi.o [1]
HAL_SPI_TransmitReceive
                         0x800'6e67  0x21e  Code  Gb  stm32f4xx_hal_spi.o [1]
HAL_SYSTICK_Config       0x800'4753    0x8  Code  Gb  stm32f4xx_hal_cortex.o [1]
HAL_TIMEx_MasterConfigSynchronization
                         0x800'7861   0x4c  Code  Gb  stm32f4xx_hal_tim_ex.o [1]
HAL_TIM_Base_Init        0x800'7219   0x38  Code  Gb  stm32f4xx_hal_tim.o [1]
HAL_TIM_Base_MspInit     0x800'4eff   0x48  Code  Gb  tim.o [1]
HAL_TIM_Base_Start       0x800'7251   0x28  Code  Gb  stm32f4xx_hal_tim.o [1]
HAL_TIM_Base_Stop        0x800'7279   0x34  Code  Gb  stm32f4xx_hal_tim.o [1]
HAL_TIM_ConfigClockSource
                         0x800'7499   0xe8  Code  Gb  stm32f4xx_hal_tim.o [1]
HAL_TIM_Encoder_Init     0x800'72e5   0xa8  Code  Gb  stm32f4xx_hal_tim.o [1]
HAL_TIM_Encoder_MspInit
                         0x800'4e43   0xbc  Code  Gb  tim.o [1]
HAL_TIM_MspPostInit      0x800'4f47   0x4e  Code  Gb  tim.o [1]
HAL_TIM_PWM_ConfigChannel
                         0x800'738d   0xfc  Code  Gb  stm32f4xx_hal_tim.o [1]
HAL_TIM_PWM_Init         0x800'72ad   0x38  Code  Gb  stm32f4xx_hal_tim.o [1]
HAL_UART_DMAStop         0x800'30ef   0x72  Code  Gb  stm32f4xx_hal_uart.o [1]
HAL_UART_IDLECallback    0x800'5a8b   0x6e  Code  Gb  cmd.o [1]
HAL_UART_IRQHandler      0x800'3161  0x134  Code  Gb  stm32f4xx_hal_uart.o [1]
HAL_UART_Init            0x800'2f31   0x76  Code  Gb  stm32f4xx_hal_uart.o [1]
HAL_UART_MspInit         0x800'3835   0xf0  Code  Gb  usart.o [1]
HAL_UART_Receive_DMA     0x800'303b   0xb4  Code  Gb  stm32f4xx_hal_uart.o [1]
HAL_UART_Transmit_DMA    0x800'2fa7   0x94  Code  Gb  stm32f4xx_hal_uart.o [1]
HCAN                    0x2000'0924   0x28  Data  Gb  can_utils.o [1]
HEAP$$Base              0x2000'0e40          --   Gb  - Linker created -
HEAP$$Limit             0x2000'1e40          --   Gb  - Linker created -
HardFault_Handler        0x800'aa07    0x2  Code  Gb  stm32f4xx_it.o [1]
HashTable_create         0x800'8bb9   0x4e  Code  Gb  hash.o [1]
HashTable_get            0x800'8ca1   0x60  Code  Gb  hash.o [1]
HashTable_insert         0x800'8c07   0x9a  Code  Gb  hash.o [1]
HashTable_map            0x800'8d01   0x72  Code  Gb  hash.o [1]
IMU_I                   0x2000'0008    0x4  Data  Gb  angle.o [1]
IMU_P                   0x2000'0004    0x4  Data  Gb  angle.o [1]
IMU_Update               0x800'8555  0x494  Code  Gb  angle.o [1]
KalMan                   0x800'8425   0x52  Code  Gb  karman.o [1]
LoadInt                  0x800'138b   0x7a  Code  Lc  xprintffull.o [2]
MX_CAN1_Init             0x800'494d   0x46  Code  Gb  can.o [1]
MX_DMA_Init              0x800'490d   0x40  Code  Gb  dma.o [1]
MX_GPIO_Init             0x800'4809  0x104  Code  Gb  gpio.o [1]
MX_I2C3_Init             0x800'4a41   0x38  Code  Gb  i2c.o [1]
MX_SPI2_Init             0x800'4b31   0x46  Code  Gb  spi.o [1]
MX_TIM2_Init             0x800'4c29   0x86  Code  Gb  tim.o [1]
MX_TIM3_Init             0x800'4caf   0xc8  Code  Gb  tim.o [1]
MX_TIM4_Init             0x800'4d77   0x80  Code  Gb  tim.o [1]
MX_TIM6_Init             0x800'4df7   0x4c  Code  Gb  tim.o [1]
MX_USART2_UART_Init      0x800'3801   0x34  Code  Gb  usart.o [1]
MemManage_Handler        0x800'aa09    0x2  Code  Gb  stm32f4xx_it.o [1]
NMI_Handler              0x800'aa05    0x2  Code  Gb  stm32f4xx_it.o [1]
NVIC_EncodePriority      0x800'46b5   0x3c  Code  Lc  stm32f4xx_hal_cortex.o [1]
PendSV_Handler           0x800'aa13    0x2  Code  Gb  stm32f4xx_it.o [1]
Region$$Table$$Base      0x800'ac1c          --   Gb  - Linker created -
Region$$Table$$Limit     0x800'ac3c          --   Gb  - Linker created -
RxHeader                0x2000'096c   0x1c  Data  Gb  can_utils.o [1]
SPI_EndRxTransaction     0x800'7125   0x92  Code  Lc  stm32f4xx_hal_spi.o [1]
SPI_EndRxTxTransaction   0x800'71b7   0x5a  Code  Lc  stm32f4xx_hal_spi.o [1]
SPI_WaitFlagStateUntilTimeout
                         0x800'7085   0xa0  Code  Lc  stm32f4xx_hal_spi.o [1]
STMFLASH_GetFlashSector
                         0x800'90cb   0x72  Code  Gb  flash.o [1]
SVC_Handler              0x800'aa0f    0x2  Code  Gb  stm32f4xx_it.o [1]
SysTick_Config           0x800'46f1   0x2e  Code  Lc  stm32f4xx_hal_cortex.o [1]
SysTick_Handler          0x800'aa15    0x8  Code  Gb  stm32f4xx_it.o [1]
SystemClock_Config       0x800'429d   0xa2  Code  Gb  main.o [1]
SystemCoreClock         0x2000'00dc    0x4  Data  Gb  system_stm32f4xx.o [1]
SystemInit               0x800'aa7d   0x40  Code  Gb  system_stm32f4xx.o [1]
TIM_Base_SetConfig       0x800'7581   0xba  Code  Gb  stm32f4xx_hal_tim.o [1]
TIM_ETR_SetConfig        0x800'784b   0x16  Code  Gb  stm32f4xx_hal_tim.o [1]
TIM_ITRx_SetConfig       0x800'783b   0x10  Code  Lc  stm32f4xx_hal_tim.o [1]
TIM_OC1_SetConfig        0x800'763b   0x64  Code  Lc  stm32f4xx_hal_tim.o [1]
TIM_OC2_SetConfig        0x800'769f   0x6e  Code  Gb  stm32f4xx_hal_tim.o [1]
TIM_OC3_SetConfig        0x800'770d   0x6c  Code  Lc  stm32f4xx_hal_tim.o [1]
TIM_OC4_SetConfig        0x800'7779   0x4c  Code  Lc  stm32f4xx_hal_tim.o [1]
TIM_TI1_ConfigInputStage
                         0x800'77f1   0x24  Code  Lc  stm32f4xx_hal_tim.o [1]
TIM_TI2_ConfigInputStage
                         0x800'7815   0x26  Code  Lc  stm32f4xx_hal_tim.o [1]
TxHeader                0x2000'0988   0x18  Data  Gb  can_utils.o [1]
TxMailbox               0x2000'0a10    0x4  Data  Gb  can_utils.o [1]
UART_DMAAbortOnError     0x800'33b1   0x12  Code  Lc  stm32f4xx_hal_uart.o [1]
UART_DMAError            0x800'3325   0x56  Code  Lc  stm32f4xx_hal_uart.o [1]
UART_DMAReceiveCplt      0x800'32d5   0x42  Code  Lc  stm32f4xx_hal_uart.o [1]
UART_DMARxHalfCplt       0x800'3319    0xa  Code  Lc  stm32f4xx_hal_uart.o [1]
UART_DMATransmitCplt     0x800'3295   0x32  Code  Lc  stm32f4xx_hal_uart.o [1]
UART_DMATxHalfCplt       0x800'32c9    0xa  Code  Lc  stm32f4xx_hal_uart.o [1]
UART_EndRxTransfer       0x800'338f   0x20  Code  Lc  stm32f4xx_hal_uart.o [1]
UART_EndTransmit_IT      0x800'342f   0x1c  Code  Lc  stm32f4xx_hal_uart.o [1]
UART_EndTxTransfer       0x800'337b   0x14  Code  Lc  stm32f4xx_hal_uart.o [1]
UART_Receive_IT          0x800'344b   0xa8  Code  Lc  stm32f4xx_hal_uart.o [1]
UART_SetConfig           0x800'34f3  0x302  Code  Lc  stm32f4xx_hal_uart.o [1]
UART_Transmit_IT         0x800'33c5   0x6a  Code  Lc  stm32f4xx_hal_uart.o [1]
USART2_IRQHandler        0x800'aa4f   0x1a  Code  Gb  stm32f4xx_it.o [1]
UsageFault_Handler       0x800'aa0d    0x2  Code  Gb  stm32f4xx_it.o [1]
_Encoding_8859_1_Mbrlen
                         0x800'2259    0x2  Code  Gb  xencoding_8859_1.o [2]
_Encoding_8859_1_Wctomb
                         0x800'2247   0x12  Code  Gb  xencoding_8859_1.o [2]
_GenldFull               0x800'1e1d  0x274  Code  Lc  xprintffull.o [2]
_LdtobFull               0x800'19f1  0x400  Code  Lc  xprintffull.o [2]
_LitobFull               0x800'1899  0x112  Code  Lc  xprintffull.o [2]
_LocaleC_isalpha         0x800'2183    0xc  Code  Gb  xlocale_c.o [2]
_LocaleC_islower         0x800'217d    0x4  Code  Gb  xlocale_c.o [2]
_LocaleC_isspace         0x800'2199   0x14  Code  Gb  xlocale_c.o [2]
_LocaleC_isupper         0x800'2181    0x2  Code  Gb  xlocale_c.o [2]
_LocaleC_tolower         0x800'21ad    0xc  Code  Gb  xlocale_c.o [2]
_Locale_lconv           0x2000'00e0   0x38  Data  Lc  xlocale_c.o [2]
_PrintfFull              0x800'11c9  0x1aa  Code  Gb  xprintffull.o [2]
_PutcharsFull            0x800'2091   0x2e  Code  Lc  xprintffull.o [2]
_PutfldFull              0x800'1405  0x2d8  Code  Lc  xprintffull.o [2]
_PutstrFull              0x800'17d3   0xc6  Code  Lc  xprintffull.o [2]
_PuttxtFull              0x800'16dd   0xf6  Code  Lc  xprintffull.o [2]
_SNProut                 0x800'22db   0x1a  Code  Gb  xsnprout.o [2]
_Strtok_ssave           0x2000'0a34    0x4  Data  Lc  strtok.o [2]
__NVIC_EnableIRQ         0x800'4675   0x1c  Code  Lc  stm32f4xx_hal_cortex.o [1]
__NVIC_GetPriorityGrouping
                         0x800'466b    0xa  Code  Lc  stm32f4xx_hal_cortex.o [1]
__NVIC_SetPriority       0x800'4691   0x24  Code  Lc  stm32f4xx_hal_cortex.o [1]
__NVIC_SetPriorityGrouping
                         0x800'4651   0x1a  Code  Lc  stm32f4xx_hal_cortex.o [1]
__NVIC_SystemReset       0x800'7a29   0x1e  Code  Lc  cmd_func.o [1]
__aeabi_assert           0x800'9e79   0x24  Code  Gb  ABIassert.o [5]
__aeabi_cdcmpeq          0x800'a9e5         Code  Gb  DblCmpEq.o [3]
__aeabi_cdcmple          0x800'2845         Code  Gb  DblCmpLe.o [3]
__aeabi_cdrcmple         0x800'2875         Code  Gb  DblCmpGe.o [3]
__aeabi_d2f              0x800'84ed         Code  Gb  DblToFlt.o [3]
__aeabi_d2iz             0x800'29e1         Code  Gb  DblToS32.o [3]
__aeabi_d2uiz            0x800'2d6d         Code  Gb  DblToU32.o [3]
__aeabi_dadd             0x800'2db5         Code  Gb  DblAdd.o [3]
__aeabi_ddiv             0x800'2b25         Code  Gb  DblDiv.o [3]
__aeabi_dmul             0x800'2631         Code  Gb  DblMul.o [3]
__aeabi_dsub             0x800'2a41         Code  Gb  DblSub.o [3]
__aeabi_f2d              0x800'5d31         Code  Gb  FltToDbl.o [3]
__aeabi_i2d              0x800'2a1d         Code  Gb  S32ToDbl.o [3]
__aeabi_ldiv0            0x800'2db1         Code  Gb  I64DivZer.o [4]
__aeabi_memclr4          0x800'440d         Code  Gb  ABImemclr4.o [4]
__aeabi_memcpy           0x800'2359         Code  Gb  ABImemcpy.o [4]
__aeabi_memcpy4          0x800'2379         Code  Gb  ABImemcpy.o [4]
__aeabi_memcpy8          0x800'2379         Code  Gb  ABImemcpy.o [4]
__aeabi_memset           0x800'83bd         Code  Gb  ABImemset.o [4]
__aeabi_ui2d             0x800'2d95         Code  Gb  U32ToDbl.o [3]
__aeabi_uldivmod         0x800'2401         Code  Gb  I64DivMod.o [4]
__cmain                  0x800'acdd         Code  Gb  cmain.o [4]
__data_GetMemChunk       0x800'1189   0x2c  Code  Gb  xgetmemchunk.o [2]
__data_GetMemChunk::start
                        0x2000'0a3c    0x4  Data  Lc  xgetmemchunk.o [2]
__exit                   0x800'11b5   0x14  Code  Gb  exit.o [5]
__iar_Atan64             0x800'a7c9  0x170  Code  Gb  iar_Atan64.o [3]
__iar_Fail_s             0x800'2265   0x1c  Code  Gb  xfail_s.o [2]
__iar_Mbcurmax           0x800'234d    0xa  Code  Gb  xmbcurmax.o [2]
__iar_Memchr             0x800'22f5         Code  Gb  memchr.o [4]
__iar_Memset             0x800'83bd         Code  Gb  ABImemset.o [4]
__iar_Memset4_word       0x800'60e5         Code  Gb  ABImemset48.o [4]
__iar_Memset8_word       0x800'60e5         Code  Gb  ABImemset48.o [4]
__iar_Memset_word        0x800'83c5         Code  Gb  ABImemset.o [4]
__iar_Sin64              0x800'9a2d  0x3b2  Code  Lc  cos_sin64.o [3]
__iar_Sto64              0x800'95c1  0x19e  Code  Gb  strto64.o [3]
__iar_Stoflt             0x800'a3ad  0x1c4  Code  Gb  iar_Stoflt.o [2]
__iar_Stopfx             0x800'a289  0x122  Code  Gb  iar_Stopfx.o [2]
__iar_Stoulx             0x800'8ef5  0x112  Code  Gb  iar_Stoulx.o [2]
__iar_Stoxflt            0x800'a571  0x1e6  Code  Gb  iar_Stoxflt.o [2]
__iar_Stoxflt::digits    0x800'a75c   0x18  Data  Lc  iar_Stoxflt.o [2]
__iar_Stoxflt::vals      0x800'a774   0x18  Data  Lc  iar_Stoxflt.o [2]
__iar_Strchr             0x800'2231         Code  Gb  strchr.o [4]
__iar_asin64             0x800'97f9   0xf4  Code  Gb  asin64.o [3]
__iar_atan2_64           0x800'98ed  0x140  Code  Gb  atan2_64.o [3]
__iar_cos64              0x800'9e71    0x4  Code  Gb  cos_sin64.o [3]
__iar_cos_medium         0x800'9e71    0x4  Code  Gb  cos_sin64.o [3]
__iar_cos_medium64       0x800'9e71    0x4  Code  Gb  cos_sin64.o [3]
__iar_cos_mediuml        0x800'9e71    0x4  Code  Gb  cos_sin64.o [3]
__iar_dadd               0x800'2a51         Code  Gb  DblSub.o [3]
__iar_data_init3         0x800'abad   0x28  Code  Gb  data_init.o [4]
__iar_dlmalloc           0x800'0e4d  0x2b6  Code  Gb  dlmalloc.o [2]
__iar_dsub               0x800'2dc5         Code  Gb  DblAdd.o [3]
__iar_dsubStart          0x800'2dd7         Code  Gb  DblAdd.o [3]
__iar_frexp              0x800'27e1         Code  Gb  frexp.o [3]
__iar_frexpl             0x800'27e1         Code  Gb  frexp.o [3]
__iar_globLocale        0x2000'0118   0x48  Data  Lc  xlocale_c.o [2]
__iar_global_Locale      0x800'21b9    0x4  Code  Gb  xlocale_c.o [2]
__iar_init_vfp           0x800'abf9         Code  Gb  fpinit_M.o [3]
__iar_ldexp64            0x800'28a5         Code  Gb  ldexp.o [3]
__iar_lz77_init_single3
                         0x800'110f   0x7a  Code  Gb  lz77_init_single.o [4]
__iar_program_start      0x800'b06d         Code  Gb  cstartup_M.o [4]
__iar_scalbln64          0x800'28a5         Code  Gb  ldexp.o [3]
__iar_scalbn64           0x800'28a5         Code  Gb  ldexp.o [3]
__iar_sin64              0x800'9e75    0x4  Code  Gb  cos_sin64.o [3]
__iar_sin_medium         0x800'9e75    0x4  Code  Gb  cos_sin64.o [3]
__iar_sin_medium64       0x800'9e75    0x4  Code  Gb  cos_sin64.o [3]
__iar_sin_mediuml        0x800'9e75    0x4  Code  Gb  cos_sin64.o [3]
__iar_softfp___iar_frexp64
                         0x800'27d5         Code  Gb  frexp.o [3]
__iar_softfp_frexp       0x800'27d5         Code  Gb  frexp.o [3]
__iar_softfp_frexpl      0x800'27d5         Code  Gb  frexp.o [3]
__iar_sqrt64             0x800'9185         Code  Gb  sqrt.o [3]
__iar_vfp___iar_sqrt64   0x800'9175         Code  Gb  sqrt.o [3]
__iar_vfp_asin           0x800'89f7    0xc  Code  Gb  math_wrappers64.o [3]
__iar_vfp_atan2          0x800'8a03   0x10  Code  Gb  math_wrappers64.o [3]
__iar_vfp_atof           0x800'89ef    0x8  Code  Gb  math_wrappers64.o [3]
__iar_vfp_cos            0x800'8a13    0xc  Code  Gb  math_wrappers64.o [3]
__iar_vfp_sin            0x800'8a1f    0xc  Code  Gb  math_wrappers64.o [3]
__iar_vfp_sqrt           0x800'9175         Code  Gb  sqrt.o [3]
__iar_vfp_sqrtl          0x800'9175         Code  Gb  sqrt.o [3]
__iar_zero_init3         0x800'2143   0x3a  Code  Gb  zero_init3.o [4]
__low_level_init         0x800'acfb    0x4  Code  Gb  low_level_init.o [2]
__vector_table           0x800'0000         Data  Gb  startup_stm32f405xx.o [1]
_call_main               0x800'ace9         Code  Gb  cmain.o [4]
_cmd_help                0x800'5c75   0x10  Code  Lc  cmd.o [1]
_exit                    0x800'ad05         Code  Gb  cexit.o [4]
_gLocale_mblen           0x800'221d    0x4  Code  Gb  xlocale_c.o [2]
_gLocale_mblenInt        0x800'21e1   0x2c  Code  Gb  xlocale_c.o [2]
_gLocale_wctomb          0x800'2221    0x4  Code  Gb  xlocale_c.o [2]
_gLocale_wctombInt       0x800'2219    0x4  Code  Gb  xlocale_c.o [2]
_gm_                    0x2000'0164  0x1d8  Data  Lc  dlmalloc.o [2]
_main                    0x800'acf7         Code  Gb  cmain.o [4]
a                        0x800'a990   0x40  Data  Lc  iar_Atan64.o [3]
abort                    0x800'1109    0x6  Code  Gb  abort.o [2]
add_segment              0x800'0551  0x1f2  Code  Lc  dlmalloc.o [2]
angle                   0x2000'05d8   0x54  Data  Gb  read_data_simple.o [1]
angle_toshow             0x800'5cc5   0x50  Code  Gb  calculate.o [1]
as5047p_Get_Position_x   0x800'5545   0x3a  Code  Gb  as5047p.o [1]
as5047p_Get_Position_y   0x800'557f   0x3a  Code  Gb  as5047p.o [1]
as5047p_init             0x800'55b9   0x76  Code  Gb  as5047p.o [1]
asin                     0x800'97f9   0xf4  Code  Gb  asin64.o [3]
asinl                    0x800'97f9   0xf4  Code  Gb  asin64.o [3]
asm330lhh_acceleration_raw_get
                         0x800'82cd    0xe  Code  Gb  asm330lhh_reg.o [1]
asm330lhh_angular_rate_raw_get
                         0x800'82bf    0xe  Code  Gb  asm330lhh_reg.o [1]
asm330lhh_block_data_update_set
                         0x800'8281   0x30  Code  Gb  asm330lhh_reg.o [1]
asm330lhh_device_id_get
                         0x800'82db    0xe  Code  Gb  asm330lhh_reg.o [1]
asm330lhh_device_init    0x800'50f1   0x90  Code  Gb  read_data_simple.o [1]
asm330lhh_from_fs2000dps_to_mdps
                         0x800'819d   0x14  Code  Gb  asm330lhh_reg.o [1]
asm330lhh_from_fs4g_to_mg
                         0x800'8189   0x14  Code  Gb  asm330lhh_reg.o [1]
asm330lhh_gy_data_rate_set
                         0x800'824d   0x34  Code  Gb  asm330lhh_reg.o [1]
asm330lhh_gy_full_scale_set
                         0x800'821d   0x30  Code  Gb  asm330lhh_reg.o [1]
asm330lhh_init           0x800'5257   0x22  Code  Gb  read_data_simple.o [1]
asm330lhh_read_reg       0x800'8169   0x10  Code  Gb  asm330lhh_reg.o [1]
asm330lhh_reset_get      0x800'8319   0x1a  Code  Gb  asm330lhh_reg.o [1]
asm330lhh_reset_set      0x800'82e9   0x30  Code  Gb  asm330lhh_reg.o [1]
asm330lhh_run            0x800'5181   0xd6  Code  Gb  read_data_simple.o [1]
asm330lhh_run::data_raw_acceleration
                        0x2000'09e8    0x8  Data  Lc  read_data_simple.o [1]
asm330lhh_run::data_raw_angular_rate
                        0x2000'09f0    0x8  Data  Lc  read_data_simple.o [1]
asm330lhh_status_reg_get
                         0x800'82b1    0xe  Code  Gb  asm330lhh_reg.o [1]
asm330lhh_write_reg      0x800'8179   0x10  Code  Gb  asm330lhh_reg.o [1]
asm330lhh_xl_data_rate_set
                         0x800'81e9   0x34  Code  Gb  asm330lhh_reg.o [1]
asm330lhh_xl_filter_lp2_set
                         0x800'8333   0x30  Code  Gb  asm330lhh_reg.o [1]
asm330lhh_xl_full_scale_set
                         0x800'81b9   0x30  Code  Gb  asm330lhh_reg.o [1]
asm330lhh_xl_hp_path_on_out_set
                         0x800'8363   0x58  Code  Gb  asm330lhh_reg.o [1]
atan2                    0x800'98ed  0x140  Code  Gb  atan2_64.o [3]
atan2l                   0x800'98ed  0x140  Code  Gb  atan2_64.o [3]
atof                     0x800'97a5    0x8  Code  Gb  strto64.o [3]
atoi                     0x800'900d    0x2  Code  Gb  iar_Stoulx.o [2]
buffer_count            0x2000'0a24    0x4  Data  Gb  cmd.o [1]
can_callback_add         0x800'78df   0x1c  Code  Gb  can_utils.o [1]
can_callback_table      0x2000'0a18    0x4  Data  Lc  can_utils.o [1]
can_exc_callback         0x800'78fb   0x1a  Code  Gb  can_utils.o [1]
can_exc_callback_flag   0x2000'0a0c    0x4  Data  Gb  can_utils.o [1]
can_func_init            0x800'8115   0x1c  Code  Gb  can_func.o [1]
can_init                 0x800'78ad   0x32  Code  Gb  can_utils.o [1]
can_rx_data             0x2000'09d8    0x8  Data  Gb  can_utils.o [1]
can_send_msg             0x800'793d   0x28  Code  Gb  can_utils.o [1]
can_suc_rx               0x800'80dd    0xa  Code  Gb  can_func.o [1]
change_kn                0x800'7b75   0x2a  Code  Gb  cmd_func.o [1]
change_ks                0x800'7b9f   0x2a  Code  Gb  cmd_func.o [1]
cmd_add                  0x800'5b6d   0x54  Code  Gb  cmd.o [1]
cmd_argv                0x2000'0848   0x30  Data  Gb  cmd.o [1]
cmd_default_func         0x800'7c05   0xa6  Code  Gb  cmd_func.o [1]
cmd_exec                 0x800'5b27   0x2c  Code  Gb  cmd.o [1]
cmd_func_init            0x800'7ebb   0xb0  Code  Gb  cmd_func.o [1]
cmd_hello_func           0x800'7bdf    0xc  Code  Gb  cmd_func.o [1]
cmd_help_func            0x800'5b55   0x18  Code  Gb  cmd.o [1]
cmd_init                 0x800'5a3b   0x26  Code  Gb  cmd.o [1]
cmd_modify_CANID_func    0x800'7ddf   0x32  Code  Gb  cmd_func.o [1]
cmd_modify_C_func        0x800'7d3b   0x52  Code  Gb  cmd_func.o [1]
cmd_modify_D_func        0x800'7d8d   0x52  Code  Gb  cmd_func.o [1]
cmd_parse                0x800'5af9   0x2e  Code  Gb  cmd.o [1]
cmd_readangle_func       0x800'7cf1   0x22  Code  Gb  cmd_func.o [1]
cmd_readcircle_func      0x800'7ccf   0x22  Code  Gb  cmd_func.o [1]
cmd_readpos_func         0x800'7cab   0x24  Code  Gb  cmd_func.o [1]
cmd_reset_func           0x800'7bf7    0xe  Code  Gb  cmd_func.o [1]
cmd_resetvega_func       0x800'7bc9   0x16  Code  Gb  cmd_func.o [1]
cmd_send_wave_func       0x800'7d13   0x28  Code  Gb  cmd_func.o [1]
cmd_setxy_func           0x800'7e11   0x60  Code  Gb  cmd_func.o [1]
cmd_show_func            0x800'7e71   0x4a  Code  Gb  cmd_func.o [1]
cmd_table               0x2000'0a1c    0x4  Data  Lc  cmd.o [1]
cmd_test_func            0x800'7a47  0x12e  Code  Gb  cmd_func.o [1]
cmd_version_func         0x800'7beb    0xc  Code  Gb  cmd_func.o [1]
cmpAtom                  0x800'8b85    0xe  Code  Lc  hash.o [1]
cos                      0x800'9e71    0x4  Code  Gb  cos_sin64.o [3]
cosl                     0x800'9e71    0x4  Code  Gb  cos_sin64.o [3]
ddiv                     0x800'9345   0xc8  Code  Lc  strto64.o [3]
delim                   0x2000'001c    0x4  Data  Lc  cmd.o [1]
delta_time              0x2000'00c8    0x4  Data  Gb  read_data_simple.o [1]
dev_ctx                 0x2000'09c4    0xc  Data  Gb  read_data_simple.o [1]
diameter_x              0x2000'000c    0x4  Data  Gb  as5047p.o [1]
diameter_y              0x2000'0010    0x4  Data  Gb  as5047p.o [1]
digits                   0x800'9018   0x28  Data  Lc  iar_Stoulx.o [2]
dmul                     0x800'9279   0xca  Code  Lc  strto64.o [3]
exit                     0x800'acff    0x4  Code  Gb  exit.o [2]
flag                    0x2000'08d0   0x2c  Data  Gb  main.o [1]
flag_init                0x800'4079   0x30  Code  Gb  main.o [1]
flash_data              0x2000'0680   0x48  Data  Gb  flash.o [1]
freeKeyAtom              0x800'8b97    0x2  Code  Lc  hash.o [1]
hashAtom                 0x800'8b93    0x4  Code  Lc  hash.o [1]
hashStr                  0x800'8b99   0x20  Code  Gb  hash.o [1]
hash_id                  0x800'7a15    0x4  Code  Lc  can_utils.o [1]
hcan1                   0x2000'08fc   0x28  Data  Gb  can.o [1]
hdma_usart2_rx          0x2000'046c   0x60  Data  Gb  usart.o [1]
hdma_usart2_tx          0x2000'04cc   0x60  Data  Gb  usart.o [1]
hi2c3                   0x2000'0584   0x54  Data  Gb  i2c.o [1]
hspi2                   0x2000'052c   0x58  Data  Gb  spi.o [1]
htim2                   0x2000'0708   0x40  Data  Gb  tim.o [1]
htim3                   0x2000'0748   0x40  Data  Gb  tim.o [1]
htim4                   0x2000'0788   0x40  Data  Gb  tim.o [1]
htim6                   0x2000'07c8   0x40  Data  Gb  tim.o [1]
huart2                  0x2000'0808   0x40  Data  Gb  usart.o [1]
id_cmp                   0x800'7a19   0x10  Code  Lc  can_utils.o [1]
init_mparams             0x800'01a3   0x32  Code  Lc  dlmalloc.o [2]
init_top                 0x800'01d5   0x36  Code  Lc  dlmalloc.o [2]
isalpha                  0x800'a9d1   0x14  Code  Gb  isalpha.o [2]
ispi1_write_read         0x800'8a7f   0x4e  Code  Gb  imitate_spi.o [1]
ispi1_write_read_byte    0x800'8a2d   0x52  Code  Gb  imitate_spi.o [1]
ispi3_write_read         0x800'8b2d   0x4e  Code  Gb  imitate_spi.o [1]
ispi3_write_read_byte    0x800'8acd   0x60  Code  Gb  imitate_spi.o [1]
isspace                  0x800'9ee1   0x14  Code  Gb  isspace.o [2]
k_n                     0x2000'00cc    0x4  Data  Gb  read_data_simple.o [1]
k_s                     0x2000'00d0    0x4  Data  Gb  read_data_simple.o [1]
kal_ang1                0x2000'0038   0x18  Data  Gb  karman.o [1]
kal_ang2                0x2000'0050   0x18  Data  Gb  karman.o [1]
kal_ang3                0x2000'0068   0x18  Data  Gb  karman.o [1]
kal_ang4                0x2000'0080   0x18  Data  Gb  karman.o [1]
kal_ang5                0x2000'0098   0x18  Data  Gb  karman.o [1]
kal_ang6                0x2000'00b0   0x18  Data  Gb  karman.o [1]
kalman_all               0x800'8479   0x5a  Code  Gb  karman.o [1]
kx_center               0x2000'0014    0x4  Data  Gb  calculate.o [1]
ky_center               0x2000'0018    0x4  Data  Gb  calculate.o [1]
last_vega               0x2000'0a04    0x4  Data  Gb  can_func.o [1]
ldexp                    0x800'28a5         Code  Gb  ldexp.o [3]
ldexpl                   0x800'28a5         Code  Gb  ldexp.o [3]
localeconv               0x800'2225    0x4  Code  Gb  xlocale_c.o [2]
main                     0x800'40a9  0x1f4  Code  Gb  main.o [1]
memchr                   0x800'22f5         Code  Gb  memchr.o [4]
mparams                 0x2000'09a0   0x18  Data  Lc  dlmalloc.o [2]
ndigs                    0x800'9040   0x28  Data  Lc  iar_Stoulx.o [2]
num                     0x2000'0a2c    0x4  Data  Lc  read_data_simple.o [1]
pFlash                  0x2000'094c   0x20  Data  Gb  stm32f4xx_hal_flash.o [1]
platform_read            0x800'5097   0x5a  Code  Lc  read_data_simple.o [1]
platform_write           0x800'5049   0x4e  Code  Lc  read_data_simple.o [1]
position                0x2000'09b8    0xc  Data  Gb  calculate.o [1]
pows                     0x800'97b0   0x48  Data  Lc  strto64.o [3]
pre_angle               0x2000'062c   0x54  Data  Gb  read_data_simple.o [1]
prepend_alloc            0x800'020b  0x346  Code  Lc  dlmalloc.o [2]
print_buffer            0x2000'033c   0x68  Data  Gb  cmd.o [1]
q0                      0x2000'0000    0x4  Data  Gb  angle.o [1]
q1                      0x2000'09d0    0x4  Data  Gb  angle.o [1]
q2                      0x2000'09f8    0x4  Data  Gb  angle.o [1]
q3                      0x2000'09fc    0x4  Data  Gb  angle.o [1]
response                 0x800'8107    0xe  Code  Gb  can_func.o [1]
rx_buffer               0x2000'09e0    0x8  Data  Lc  can_utils.o [1]
rx_id                   0x2000'0a14    0x4  Data  Lc  can_utils.o [1]
s                       0x2000'0020   0x18  Data  Lc  cmd.o [1]
scalbln                  0x800'28a5         Code  Gb  ldexp.o [3]
scalblnl                 0x800'28a5         Code  Gb  ldexp.o [3]
scalbn                   0x800'28a5         Code  Gb  ldexp.o [3]
scalbnl                  0x800'28a5         Code  Gb  ldexp.o [3]
scale                    0x800'19ab   0x46  Code  Lc  xprintffull.o [2]
sec_hand                0x2000'0a38    0x4  Data  Lc  xfail_s.o [2]
segment_holding          0x800'0189   0x1a  Code  Lc  dlmalloc.o [2]
send_Angle               0x800'8131   0x14  Code  Gb  can_func.o [1]
send_wave                0x800'5c01   0x5c  Code  Gb  cmd.o [1]
simplelib_init           0x800'4ff9   0x1e  Code  Gb  simplelib.o [1]
simplelib_run            0x800'5017   0x24  Code  Gb  simplelib.o [1]
sin                      0x800'9e75    0x4  Code  Gb  cos_sin64.o [3]
sinl                     0x800'9e75    0x4  Code  Gb  cos_sin64.o [3]
sqrt                     0x800'9185         Code  Gb  sqrt.o [3]
sqrtl                    0x800'9185         Code  Gb  sqrt.o [3]
str_cmp                  0x800'5c61   0x14  Code  Lc  cmd.o [1]
strchr                   0x800'2231         Code  Gb  strchr.o [4]
strcmp                   0x800'8e91         Code  Gb  strcmp.o [4]
strcpy                   0x800'8d95         Code  Gb  strcpy.o [4]
strcspn                  0x800'9ebf   0x22  Code  Gb  strcspn.o [2]
strlen                   0x800'22a5         Code  Gb  strlen.o [4]
strspn                   0x800'9e9d   0x22  Code  Gb  strspn.o [2]
strtok                   0x800'8de1   0x4c  Code  Gb  strtok.o [2]
sys_alloc                0x800'0749  0x164  Code  Lc  dlmalloc.o [2]
time_ms                 0x2000'0a28    0x4  Data  Lc  main.o [1]
tmalloc_large            0x800'08b9  0x386  Code  Lc  dlmalloc.o [2]
tmalloc_small            0x800'0c3f  0x200  Code  Lc  dlmalloc.o [2]
tolower                  0x800'9ef5   0x14  Code  Gb  tolower.o [2]
uprintf                  0x800'5bc1   0x40  Code  Gb  cmd.o [1]
usart_DMA_init           0x800'5a11   0x2a  Code  Gb  cmd.o [1]
usart_exc_DMA            0x800'5a61   0x2a  Code  Gb  cmd.o [1]
uwTick                  0x2000'0a30    0x4  Data  Gb  stm32f4xx_hal.o [1]
uwTickFreq              0x2000'0162    0x1  Data  Gb  stm32f4xx_hal.o [1]
uwTickPrio              0x2000'00d8    0x4  Data  Gb  stm32f4xx_hal.o [1]
vega                    0x2000'0a00    0x4  Data  Gb  can_func.o [1]
vega_msg                 0x800'80e7   0x20  Code  Gb  can_func.o [1]
vega_speed              0x2000'0a08    0x4  Data  Gb  can_func.o [1]
vsnprintf                0x800'8e2d   0x3c  Code  Gb  vsnprint.o [2]
w_zero                  0x2000'00d4    0x4  Data  Gb  read_data_simple.o [1]
wheel_x                 0x2000'0878   0x2c  Data  Gb  as5047p.o [1]
wheel_y                 0x2000'08a4   0x2c  Data  Gb  as5047p.o [1]
write_prams              0x800'9069   0x62  Code  Gb  flash.o [1]


[1] = E:\Robocon_Value\NEW_POS_19\EWARM\NEW_POS_19\Obj
[2] = dl7M_tlf.a
[3] = m7M_tls.a
[4] = rt7M_tl.a
[5] = shb_l.a

  44 112 bytes of readonly  code memory
   1 717 bytes of readonly  data memory
   7 743 bytes of readwrite data memory

Errors: none
Warnings: none
